Archive member included because of file (symbol)

.\CortexM0\ARM_GCC_493\Debug\ButtonTest.a(cyfitter_cfg.o)
                              .\CortexM0\ARM_GCC_493\Debug\Cm0Start.o (cyfitter_cfg)
.\CortexM0\ARM_GCC_493\Debug\ButtonTest.a(CyLib.o)
                              .\CortexM0\ARM_GCC_493\Debug\ButtonTest.a(cyfitter_cfg.o) (CyIntEnable)
.\CortexM0\ARM_GCC_493\Debug\ButtonTest.a(CyLFClk.o)
                              .\CortexM0\ARM_GCC_493\Debug\ButtonTest.a(cyfitter_cfg.o) (CySysClkWcoStart)
.\CortexM0\ARM_GCC_493\Debug\ButtonTest.a(Button_Left.o)
                              .\CortexM0\ARM_GCC_493\Debug\main.o (Button_Left_ClearInterrupt)
.\CortexM0\ARM_GCC_493\Debug\ButtonTest.a(LED_Red_2.o)
                              .\CortexM0\ARM_GCC_493\Debug\main.o (LED_Red_2_Write)
.\CortexM0\ARM_GCC_493\Debug\ButtonTest.a(Button_Left_Int.o)
                              .\CortexM0\ARM_GCC_493\Debug\main.o (Button_Left_Int_StartEx)
.\CortexM0\ARM_GCC_493\Debug\ButtonTest.a(LED_Red_1.o)
                              .\CortexM0\ARM_GCC_493\Debug\main.o (LED_Red_1_Write)
.\CortexM0\ARM_GCC_493\Debug\ButtonTest.a(Button_Right.o)
                              .\CortexM0\ARM_GCC_493\Debug\main.o (Button_Right_ClearInterrupt)
.\CortexM0\ARM_GCC_493\Debug\ButtonTest.a(Button_Right_Int.o)
                              .\CortexM0\ARM_GCC_493\Debug\main.o (Button_Right_Int_StartEx)
.\CortexM0\ARM_GCC_493\Debug\ButtonTest.a(LED_Yellow_2.o)
                              .\CortexM0\ARM_GCC_493\Debug\main.o (LED_Yellow_2_Write)
.\CortexM0\ARM_GCC_493\Debug\ButtonTest.a(LED_Yellow_1.o)
                              .\CortexM0\ARM_GCC_493\Debug\main.o (LED_Yellow_1_Write)
.\CortexM0\ARM_GCC_493\Debug\ButtonTest.a(LED_Green_2.o)
                              .\CortexM0\ARM_GCC_493\Debug\main.o (LED_Green_2_Write)
.\CortexM0\ARM_GCC_493\Debug\ButtonTest.a(LED_Green_1.o)
                              .\CortexM0\ARM_GCC_493\Debug\main.o (LED_Green_1_Write)
.\CortexM0\ARM_GCC_493\Debug\ButtonTest.a(CyBootAsmGnu.o)
                              .\CortexM0\ARM_GCC_493\Debug\ButtonTest.a(cyfitter_cfg.o) (CyDelayCycles)
c:/program files (x86)/cypress/psoc creator/4.0/psoc creator/import/gnu/arm/4.9.3/bin/../lib/gcc/arm-none-eabi/4.9.3/armv6-m\libgcc.a(_udivsi3.o)
                              .\CortexM0\ARM_GCC_493\Debug\ButtonTest.a(CyLib.o) (__aeabi_uidiv)
c:/program files (x86)/cypress/psoc creator/4.0/psoc creator/import/gnu/arm/4.9.3/bin/../lib/gcc/arm-none-eabi/4.9.3/armv6-m\libgcc.a(_divsi3.o)
                              .\CortexM0\ARM_GCC_493\Debug\ButtonTest.a(CyLFClk.o) (__aeabi_idiv)
c:/program files (x86)/cypress/psoc creator/4.0/psoc creator/import/gnu/arm/4.9.3/bin/../lib/gcc/arm-none-eabi/4.9.3/armv6-m\libgcc.a(_dvmd_tls.o)
                              c:/program files (x86)/cypress/psoc creator/4.0/psoc creator/import/gnu/arm/4.9.3/bin/../lib/gcc/arm-none-eabi/4.9.3/armv6-m\libgcc.a(_udivsi3.o) (__aeabi_idiv0)
c:/program files (x86)/cypress/psoc creator/4.0/psoc creator/import/gnu/arm/4.9.3/bin/../lib/gcc/arm-none-eabi/4.9.3/../../../../arm-none-eabi/lib/armv6-m\libg_nano.a(lib_a-errno.o)
                              .\CortexM0\ARM_GCC_493\Debug\Cm0Start.o (__errno)
c:/program files (x86)/cypress/psoc creator/4.0/psoc creator/import/gnu/arm/4.9.3/bin/../lib/gcc/arm-none-eabi/4.9.3/../../../../arm-none-eabi/lib/armv6-m\libg_nano.a(lib_a-exit.o)
                              c:/program files (x86)/cypress/psoc creator/4.0/psoc creator/import/gnu/arm/4.9.3/bin/../lib/gcc/arm-none-eabi/4.9.3/../../../../arm-none-eabi/lib/armv6-m/crt0.o (exit)
c:/program files (x86)/cypress/psoc creator/4.0/psoc creator/import/gnu/arm/4.9.3/bin/../lib/gcc/arm-none-eabi/4.9.3/../../../../arm-none-eabi/lib/armv6-m\libg_nano.a(lib_a-impure.o)
                              c:/program files (x86)/cypress/psoc creator/4.0/psoc creator/import/gnu/arm/4.9.3/bin/../lib/gcc/arm-none-eabi/4.9.3/../../../../arm-none-eabi/lib/armv6-m\libg_nano.a(lib_a-exit.o) (_global_impure_ptr)
c:/program files (x86)/cypress/psoc creator/4.0/psoc creator/import/gnu/arm/4.9.3/bin/../lib/gcc/arm-none-eabi/4.9.3/../../../../arm-none-eabi/lib/armv6-m\libg_nano.a(lib_a-init.o)
                              c:/program files (x86)/cypress/psoc creator/4.0/psoc creator/import/gnu/arm/4.9.3/bin/../lib/gcc/arm-none-eabi/4.9.3/../../../../arm-none-eabi/lib/armv6-m/crt0.o (__libc_init_array)
c:/program files (x86)/cypress/psoc creator/4.0/psoc creator/import/gnu/arm/4.9.3/bin/../lib/gcc/arm-none-eabi/4.9.3/../../../../arm-none-eabi/lib/armv6-m\libg_nano.a(lib_a-memset.o)
                              c:/program files (x86)/cypress/psoc creator/4.0/psoc creator/import/gnu/arm/4.9.3/bin/../lib/gcc/arm-none-eabi/4.9.3/../../../../arm-none-eabi/lib/armv6-m/crt0.o (memset)

Allocating common symbols
Common symbol       size              file

led_state           0x4               .\CortexM0\ARM_GCC_493\Debug\main.o

Discarded input sections

 .text          0x00000000        0x0 c:/program files (x86)/cypress/psoc creator/4.0/psoc creator/import/gnu/arm/4.9.3/bin/../lib/gcc/arm-none-eabi/4.9.3/armv6-m/crti.o
 .data          0x00000000        0x0 c:/program files (x86)/cypress/psoc creator/4.0/psoc creator/import/gnu/arm/4.9.3/bin/../lib/gcc/arm-none-eabi/4.9.3/armv6-m/crti.o
 .bss           0x00000000        0x0 c:/program files (x86)/cypress/psoc creator/4.0/psoc creator/import/gnu/arm/4.9.3/bin/../lib/gcc/arm-none-eabi/4.9.3/armv6-m/crti.o
 .data          0x00000000        0x4 c:/program files (x86)/cypress/psoc creator/4.0/psoc creator/import/gnu/arm/4.9.3/bin/../lib/gcc/arm-none-eabi/4.9.3/armv6-m/crtbegin.o
 .text          0x00000000       0x78 c:/program files (x86)/cypress/psoc creator/4.0/psoc creator/import/gnu/arm/4.9.3/bin/../lib/gcc/arm-none-eabi/4.9.3/../../../../arm-none-eabi/lib/armv6-m/crt0.o
 .data          0x00000000        0x0 c:/program files (x86)/cypress/psoc creator/4.0/psoc creator/import/gnu/arm/4.9.3/bin/../lib/gcc/arm-none-eabi/4.9.3/../../../../arm-none-eabi/lib/armv6-m/crt0.o
 .bss           0x00000000        0x0 c:/program files (x86)/cypress/psoc creator/4.0/psoc creator/import/gnu/arm/4.9.3/bin/../lib/gcc/arm-none-eabi/4.9.3/../../../../arm-none-eabi/lib/armv6-m/crt0.o
 .ARM.extab     0x00000000        0x0 c:/program files (x86)/cypress/psoc creator/4.0/psoc creator/import/gnu/arm/4.9.3/bin/../lib/gcc/arm-none-eabi/4.9.3/../../../../arm-none-eabi/lib/armv6-m/crt0.o
 .ARM.exidx     0x00000000        0x8 c:/program files (x86)/cypress/psoc creator/4.0/psoc creator/import/gnu/arm/4.9.3/bin/../lib/gcc/arm-none-eabi/4.9.3/../../../../arm-none-eabi/lib/armv6-m/crt0.o
 .text          0x00000000        0x0 .\CortexM0\ARM_GCC_493\Debug\main.o
 .data          0x00000000        0x0 .\CortexM0\ARM_GCC_493\Debug\main.o
 .bss           0x00000000        0x0 .\CortexM0\ARM_GCC_493\Debug\main.o
 .text          0x00000000        0x0 .\CortexM0\ARM_GCC_493\Debug\cymetadata.o
 .data          0x00000000        0x0 .\CortexM0\ARM_GCC_493\Debug\cymetadata.o
 .bss           0x00000000        0x0 .\CortexM0\ARM_GCC_493\Debug\cymetadata.o
 .text          0x00000000        0x0 .\CortexM0\ARM_GCC_493\Debug\Cm0Start.o
 .data          0x00000000        0x4 .\CortexM0\ARM_GCC_493\Debug\Cm0Start.o
 .bss           0x00000000        0x0 .\CortexM0\ARM_GCC_493\Debug\Cm0Start.o
 .text._exit    0x00000000        0xc .\CortexM0\ARM_GCC_493\Debug\Cm0Start.o
 .text._sbrk    0x00000000       0x30 .\CortexM0\ARM_GCC_493\Debug\Cm0Start.o
 .text          0x00000000        0x0 .\CortexM0\ARM_GCC_493\Debug\ButtonTest.a(cyfitter_cfg.o)
 .data          0x00000000        0x0 .\CortexM0\ARM_GCC_493\Debug\ButtonTest.a(cyfitter_cfg.o)
 .bss           0x00000000        0x0 .\CortexM0\ARM_GCC_493\Debug\ButtonTest.a(cyfitter_cfg.o)
 .text          0x00000000        0x0 .\CortexM0\ARM_GCC_493\Debug\ButtonTest.a(CyLib.o)
 .bss           0x00000000       0x18 .\CortexM0\ARM_GCC_493\Debug\ButtonTest.a(CyLib.o)
 .text.CySysClkImoStart
                0x00000000       0x14 .\CortexM0\ARM_GCC_493\Debug\ButtonTest.a(CyLib.o)
 .text.CySysClkImoStop
                0x00000000       0x10 .\CortexM0\ARM_GCC_493\Debug\ButtonTest.a(CyLib.o)
 .text.CySysClkWriteHfclkDirect
                0x00000000       0x20 .\CortexM0\ARM_GCC_493\Debug\ButtonTest.a(CyLib.o)
 .text.CySysEnablePumpClock
                0x00000000       0x38 .\CortexM0\ARM_GCC_493\Debug\ButtonTest.a(CyLib.o)
 .text.CySysClkGetSysclkSource
                0x00000000       0x1c .\CortexM0\ARM_GCC_493\Debug\ButtonTest.a(CyLib.o)
 .text.CySysClkWriteSysclkDiv
                0x00000000       0x28 .\CortexM0\ARM_GCC_493\Debug\ButtonTest.a(CyLib.o)
 .text.CySysClkEcoStop
                0x00000000       0x24 .\CortexM0\ARM_GCC_493\Debug\ButtonTest.a(CyLib.o)
 .text.CySysLvdDisable
                0x00000000       0x20 .\CortexM0\ARM_GCC_493\Debug\ButtonTest.a(CyLib.o)
 .text.CySysLvdGetInterruptSource
                0x00000000       0x10 .\CortexM0\ARM_GCC_493\Debug\ButtonTest.a(CyLib.o)
 .text.CySysLvdClearInterrupt
                0x00000000        0xc .\CortexM0\ARM_GCC_493\Debug\ButtonTest.a(CyLib.o)
 .text.CySysGetResetReason
                0x00000000       0x14 .\CortexM0\ARM_GCC_493\Debug\ButtonTest.a(CyLib.o)
 .text.CyDisableInts
                0x00000000       0x10 .\CortexM0\ARM_GCC_493\Debug\ButtonTest.a(CyLib.o)
 .text.CyEnableInts
                0x00000000        0xc .\CortexM0\ARM_GCC_493\Debug\ButtonTest.a(CyLib.o)
 .text.CyIntGetState
                0x00000000       0x18 .\CortexM0\ARM_GCC_493\Debug\ButtonTest.a(CyLib.o)
 .text.CyIntDisable
                0x00000000       0x14 .\CortexM0\ARM_GCC_493\Debug\ButtonTest.a(CyLib.o)
 .text.CyIntSetPending
                0x00000000       0x14 .\CortexM0\ARM_GCC_493\Debug\ButtonTest.a(CyLib.o)
 .text.CyIntClearPending
                0x00000000       0x14 .\CortexM0\ARM_GCC_493\Debug\ButtonTest.a(CyLib.o)
 .text.CySysClkWriteEcoDiv
                0x00000000       0x38 .\CortexM0\ARM_GCC_493\Debug\ButtonTest.a(CyLib.o)
 .text.CyIntSetSysVector
                0x00000000       0x20 .\CortexM0\ARM_GCC_493\Debug\ButtonTest.a(CyLib.o)
 .text.CyIntGetSysVector
                0x00000000       0x1c .\CortexM0\ARM_GCC_493\Debug\ButtonTest.a(CyLib.o)
 .text.CyIntGetVector
                0x00000000       0x20 .\CortexM0\ARM_GCC_493\Debug\ButtonTest.a(CyLib.o)
 .text.CyIntSetPriority
                0x00000000       0x4c .\CortexM0\ARM_GCC_493\Debug\ButtonTest.a(CyLib.o)
 .text.CyIntGetPriority
                0x00000000       0x2c .\CortexM0\ARM_GCC_493\Debug\ButtonTest.a(CyLib.o)
 .text.CySoftwareReset
                0x00000000       0x18 .\CortexM0\ARM_GCC_493\Debug\ButtonTest.a(CyLib.o)
 .text.CyDelay  0x00000000       0x30 .\CortexM0\ARM_GCC_493\Debug\ButtonTest.a(CyLib.o)
 .text.CySysLvdEnable
                0x00000000       0x44 .\CortexM0\ARM_GCC_493\Debug\ButtonTest.a(CyLib.o)
 .text.CyDelayFreq
                0x00000000       0x4c .\CortexM0\ARM_GCC_493\Debug\ButtonTest.a(CyLib.o)
 .text.CySysTickStop
                0x00000000       0x10 .\CortexM0\ARM_GCC_493\Debug\ButtonTest.a(CyLib.o)
 .text.CySysTickEnableInterrupt
                0x00000000       0x10 .\CortexM0\ARM_GCC_493\Debug\ButtonTest.a(CyLib.o)
 .text.CySysTickEnable
                0x00000000       0x18 .\CortexM0\ARM_GCC_493\Debug\ButtonTest.a(CyLib.o)
 .text.CySysTickDisableInterrupt
                0x00000000       0x10 .\CortexM0\ARM_GCC_493\Debug\ButtonTest.a(CyLib.o)
 .text.CySysTickSetReload
                0x00000000       0x10 .\CortexM0\ARM_GCC_493\Debug\ButtonTest.a(CyLib.o)
 .text.CySysTickGetReload
                0x00000000       0x10 .\CortexM0\ARM_GCC_493\Debug\ButtonTest.a(CyLib.o)
 .text.CySysTickGetValue
                0x00000000       0x10 .\CortexM0\ARM_GCC_493\Debug\ButtonTest.a(CyLib.o)
 .text.CySysTickSetClockSource
                0x00000000       0x20 .\CortexM0\ARM_GCC_493\Debug\ButtonTest.a(CyLib.o)
 .text.CySysTickGetClockSource
                0x00000000       0x10 .\CortexM0\ARM_GCC_493\Debug\ButtonTest.a(CyLib.o)
 .text.CySysTickGetCountFlag
                0x00000000       0x10 .\CortexM0\ARM_GCC_493\Debug\ButtonTest.a(CyLib.o)
 .text.CySysTickServiceCallbacks
                0x00000000       0x28 .\CortexM0\ARM_GCC_493\Debug\ButtonTest.a(CyLib.o)
 .text.CySysTickClear
                0x00000000        0xc .\CortexM0\ARM_GCC_493\Debug\ButtonTest.a(CyLib.o)
 .text.CySysTickInit
                0x00000000       0x4c .\CortexM0\ARM_GCC_493\Debug\ButtonTest.a(CyLib.o)
 .text.CySysTickStart
                0x00000000       0x20 .\CortexM0\ARM_GCC_493\Debug\ButtonTest.a(CyLib.o)
 .text.CySysTickSetCallback
                0x00000000       0x10 .\CortexM0\ARM_GCC_493\Debug\ButtonTest.a(CyLib.o)
 .text.CySysTickGetCallback
                0x00000000        0xc .\CortexM0\ARM_GCC_493\Debug\ButtonTest.a(CyLib.o)
 .text.CyGetUniqueId
                0x00000000       0x70 .\CortexM0\ARM_GCC_493\Debug\ButtonTest.a(CyLib.o)
 .text.CySysSetRamAccessArbPriority
                0x00000000       0x20 .\CortexM0\ARM_GCC_493\Debug\ButtonTest.a(CyLib.o)
 .text.CySysSetFlashAccessArbPriority
                0x00000000       0x20 .\CortexM0\ARM_GCC_493\Debug\ButtonTest.a(CyLib.o)
 .text.CySysSetDmacAccessArbPriority
                0x00000000       0x20 .\CortexM0\ARM_GCC_493\Debug\ButtonTest.a(CyLib.o)
 .text.CySysSetPeripheralAccessArbPriority
                0x00000000       0x68 .\CortexM0\ARM_GCC_493\Debug\ButtonTest.a(CyLib.o)
 .text          0x00000000        0x0 .\CortexM0\ARM_GCC_493\Debug\ButtonTest.a(CyLFClk.o)
 .text.CySysClkIloEnabled
                0x00000000       0x14 .\CortexM0\ARM_GCC_493\Debug\ButtonTest.a(CyLFClk.o)
 .text.CySysClkGetLfclkSource
                0x00000000       0x10 .\CortexM0\ARM_GCC_493\Debug\ButtonTest.a(CyLFClk.o)
 .text.CySysClkIloStart
                0x00000000       0x14 .\CortexM0\ARM_GCC_493\Debug\ButtonTest.a(CyLFClk.o)
 .text.CySysClkIloStartMeasurement
                0x00000000       0x5c .\CortexM0\ARM_GCC_493\Debug\ButtonTest.a(CyLFClk.o)
 .text.CySysClkIloStopMeasurement
                0x00000000       0x14 .\CortexM0\ARM_GCC_493\Debug\ButtonTest.a(CyLFClk.o)
 .text.CySysClkIloCompensate
                0x00000000      0x108 .\CortexM0\ARM_GCC_493\Debug\ButtonTest.a(CyLFClk.o)
 .text.CySysClkIloUpdateTrimReg
                0x00000000       0xa4 .\CortexM0\ARM_GCC_493\Debug\ButtonTest.a(CyLFClk.o)
 .text.CySysClkIloTrim
                0x00000000       0xd8 .\CortexM0\ARM_GCC_493\Debug\ButtonTest.a(CyLFClk.o)
 .text.CySysClkIloRestoreFactoryTrim
                0x00000000       0x30 .\CortexM0\ARM_GCC_493\Debug\ButtonTest.a(CyLFClk.o)
 .text.CySysClkWcoEnabled
                0x00000000       0x14 .\CortexM0\ARM_GCC_493\Debug\ButtonTest.a(CyLFClk.o)
 .text.CySysClkWcoClockOutSelect
                0x00000000       0x2c .\CortexM0\ARM_GCC_493\Debug\ButtonTest.a(CyLFClk.o)
 .text.CySysWdtGetEnabledStatus
                0x00000000       0x24 .\CortexM0\ARM_GCC_493\Debug\ButtonTest.a(CyLFClk.o)
 .text.CySysWdtSetMode
                0x00000000       0x38 .\CortexM0\ARM_GCC_493\Debug\ButtonTest.a(CyLFClk.o)
 .text.CySysClkLfclkPosedgeRestore
                0x00000000       0x2c .\CortexM0\ARM_GCC_493\Debug\ButtonTest.a(CyLFClk.o)
 .text.CySysWdtGetMode
                0x00000000       0x14 .\CortexM0\ARM_GCC_493\Debug\ButtonTest.a(CyLFClk.o)
 .text.CySysWdtSetClearOnMatch
                0x00000000       0x38 .\CortexM0\ARM_GCC_493\Debug\ButtonTest.a(CyLFClk.o)
 .text.CySysWdtGetClearOnMatch
                0x00000000       0x24 .\CortexM0\ARM_GCC_493\Debug\ButtonTest.a(CyLFClk.o)
 .text.CySysWdtEnable
                0x00000000       0x3c .\CortexM0\ARM_GCC_493\Debug\ButtonTest.a(CyLFClk.o)
 .text.CySysWdtDisable
                0x00000000       0x44 .\CortexM0\ARM_GCC_493\Debug\ButtonTest.a(CyLFClk.o)
 .text.CySysWdtSetCascade
                0x00000000       0x34 .\CortexM0\ARM_GCC_493\Debug\ButtonTest.a(CyLFClk.o)
 .text.CySysWdtGetCascade
                0x00000000       0x14 .\CortexM0\ARM_GCC_493\Debug\ButtonTest.a(CyLFClk.o)
 .text.CySysWdtSetMatch
                0x00000000       0x58 .\CortexM0\ARM_GCC_493\Debug\ButtonTest.a(CyLFClk.o)
 .text.CySysWdtSetToggleBit
                0x00000000       0x2c .\CortexM0\ARM_GCC_493\Debug\ButtonTest.a(CyLFClk.o)
 .text.CySysWdtGetToggleBit
                0x00000000       0x10 .\CortexM0\ARM_GCC_493\Debug\ButtonTest.a(CyLFClk.o)
 .text.CySysWdtGetMatch
                0x00000000       0x20 .\CortexM0\ARM_GCC_493\Debug\ButtonTest.a(CyLFClk.o)
 .text.CySysWdtGetCount
                0x00000000       0x3c .\CortexM0\ARM_GCC_493\Debug\ButtonTest.a(CyLFClk.o)
 .text.CySysClkLfclkPosedgeCatch
                0x00000000       0x74 .\CortexM0\ARM_GCC_493\Debug\ButtonTest.a(CyLFClk.o)
 .text.CySysClkIloStop
                0x00000000       0x4c .\CortexM0\ARM_GCC_493\Debug\ButtonTest.a(CyLFClk.o)
 .text.CySysClkSetLfclkSource
                0x00000000       0x38 .\CortexM0\ARM_GCC_493\Debug\ButtonTest.a(CyLFClk.o)
 .text.CySysClkWcoStop
                0x00000000       0x48 .\CortexM0\ARM_GCC_493\Debug\ButtonTest.a(CyLFClk.o)
 .text.CySysWdtGetInterruptSource
                0x00000000       0x14 .\CortexM0\ARM_GCC_493\Debug\ButtonTest.a(CyLFClk.o)
 .text.CySysWdtResetCounters
                0x00000000       0x20 .\CortexM0\ARM_GCC_493\Debug\ButtonTest.a(CyLFClk.o)
 .text.CySysWdtSetInterruptCallback
                0x00000000       0x20 .\CortexM0\ARM_GCC_493\Debug\ButtonTest.a(CyLFClk.o)
 .text.CySysWdtGetInterruptCallback
                0x00000000       0x20 .\CortexM0\ARM_GCC_493\Debug\ButtonTest.a(CyLFClk.o)
 .text.CySysWdtEnableCounterIsr
                0x00000000       0x34 .\CortexM0\ARM_GCC_493\Debug\ButtonTest.a(CyLFClk.o)
 .text.CySysWdtDisableCounterIsr
                0x00000000       0x28 .\CortexM0\ARM_GCC_493\Debug\ButtonTest.a(CyLFClk.o)
 .text.CySysWatchdogFeed
                0x00000000       0x60 .\CortexM0\ARM_GCC_493\Debug\ButtonTest.a(CyLFClk.o)
 .text.CySysTimerDelayUntilMatch
                0x00000000       0x6c .\CortexM0\ARM_GCC_493\Debug\ButtonTest.a(CyLFClk.o)
 .text.CySysTimerDelay
                0x00000000       0x3c .\CortexM0\ARM_GCC_493\Debug\ButtonTest.a(CyLFClk.o)
 .rodata        0x00000000        0xc .\CortexM0\ARM_GCC_493\Debug\ButtonTest.a(CyLFClk.o)
 .text          0x00000000        0x0 .\CortexM0\ARM_GCC_493\Debug\ButtonTest.a(Button_Left.o)
 .data          0x00000000        0x0 .\CortexM0\ARM_GCC_493\Debug\ButtonTest.a(Button_Left.o)
 .bss           0x00000000        0x0 .\CortexM0\ARM_GCC_493\Debug\ButtonTest.a(Button_Left.o)
 .text.Button_Left_SetDriveMode
                0x00000000       0x14 .\CortexM0\ARM_GCC_493\Debug\ButtonTest.a(Button_Left.o)
 .text.Button_Left_Write
                0x00000000       0x18 .\CortexM0\ARM_GCC_493\Debug\ButtonTest.a(Button_Left.o)
 .text.Button_Left_Read
                0x00000000       0x10 .\CortexM0\ARM_GCC_493\Debug\ButtonTest.a(Button_Left.o)
 .text.Button_Left_ReadDataReg
                0x00000000       0x10 .\CortexM0\ARM_GCC_493\Debug\ButtonTest.a(Button_Left.o)
 .text.Button_Left_SetInterruptMode
                0x00000000       0x14 .\CortexM0\ARM_GCC_493\Debug\ButtonTest.a(Button_Left.o)
 .text          0x00000000        0x0 .\CortexM0\ARM_GCC_493\Debug\ButtonTest.a(LED_Red_2.o)
 .data          0x00000000        0x0 .\CortexM0\ARM_GCC_493\Debug\ButtonTest.a(LED_Red_2.o)
 .bss           0x00000000        0x0 .\CortexM0\ARM_GCC_493\Debug\ButtonTest.a(LED_Red_2.o)
 .text.LED_Red_2_SetDriveMode
                0x00000000       0x14 .\CortexM0\ARM_GCC_493\Debug\ButtonTest.a(LED_Red_2.o)
 .text.LED_Red_2_Read
                0x00000000       0x10 .\CortexM0\ARM_GCC_493\Debug\ButtonTest.a(LED_Red_2.o)
 .text.LED_Red_2_ReadDataReg
                0x00000000       0x10 .\CortexM0\ARM_GCC_493\Debug\ButtonTest.a(LED_Red_2.o)
 .text.LED_Red_2_SetInterruptMode
                0x00000000       0x14 .\CortexM0\ARM_GCC_493\Debug\ButtonTest.a(LED_Red_2.o)
 .text.LED_Red_2_ClearInterrupt
                0x00000000       0x14 .\CortexM0\ARM_GCC_493\Debug\ButtonTest.a(LED_Red_2.o)
 .text          0x00000000        0x0 .\CortexM0\ARM_GCC_493\Debug\ButtonTest.a(Button_Left_Int.o)
 .data          0x00000000        0x0 .\CortexM0\ARM_GCC_493\Debug\ButtonTest.a(Button_Left_Int.o)
 .bss           0x00000000        0x0 .\CortexM0\ARM_GCC_493\Debug\ButtonTest.a(Button_Left_Int.o)
 .text.Button_Left_Int_Interrupt
                0x00000000        0x4 .\CortexM0\ARM_GCC_493\Debug\ButtonTest.a(Button_Left_Int.o)
 .text.Button_Left_Int_GetVector
                0x00000000        0xc .\CortexM0\ARM_GCC_493\Debug\ButtonTest.a(Button_Left_Int.o)
 .text.Button_Left_Int_GetPriority
                0x00000000       0x10 .\CortexM0\ARM_GCC_493\Debug\ButtonTest.a(Button_Left_Int.o)
 .text.Button_Left_Int_GetState
                0x00000000       0x14 .\CortexM0\ARM_GCC_493\Debug\ButtonTest.a(Button_Left_Int.o)
 .text.Button_Left_Int_Start
                0x00000000       0x1c .\CortexM0\ARM_GCC_493\Debug\ButtonTest.a(Button_Left_Int.o)
 .text.Button_Left_Int_Stop
                0x00000000       0x14 .\CortexM0\ARM_GCC_493\Debug\ButtonTest.a(Button_Left_Int.o)
 .text.Button_Left_Int_SetPending
                0x00000000        0xc .\CortexM0\ARM_GCC_493\Debug\ButtonTest.a(Button_Left_Int.o)
 .text.Button_Left_Int_ClearPending
                0x00000000        0xc .\CortexM0\ARM_GCC_493\Debug\ButtonTest.a(Button_Left_Int.o)
 .text          0x00000000        0x0 .\CortexM0\ARM_GCC_493\Debug\ButtonTest.a(LED_Red_1.o)
 .data          0x00000000        0x0 .\CortexM0\ARM_GCC_493\Debug\ButtonTest.a(LED_Red_1.o)
 .bss           0x00000000        0x0 .\CortexM0\ARM_GCC_493\Debug\ButtonTest.a(LED_Red_1.o)
 .text.LED_Red_1_SetDriveMode
                0x00000000       0x14 .\CortexM0\ARM_GCC_493\Debug\ButtonTest.a(LED_Red_1.o)
 .text.LED_Red_1_Read
                0x00000000       0x10 .\CortexM0\ARM_GCC_493\Debug\ButtonTest.a(LED_Red_1.o)
 .text.LED_Red_1_ReadDataReg
                0x00000000       0x10 .\CortexM0\ARM_GCC_493\Debug\ButtonTest.a(LED_Red_1.o)
 .text.LED_Red_1_SetInterruptMode
                0x00000000       0x14 .\CortexM0\ARM_GCC_493\Debug\ButtonTest.a(LED_Red_1.o)
 .text.LED_Red_1_ClearInterrupt
                0x00000000       0x10 .\CortexM0\ARM_GCC_493\Debug\ButtonTest.a(LED_Red_1.o)
 .text          0x00000000        0x0 .\CortexM0\ARM_GCC_493\Debug\ButtonTest.a(Button_Right.o)
 .data          0x00000000        0x0 .\CortexM0\ARM_GCC_493\Debug\ButtonTest.a(Button_Right.o)
 .bss           0x00000000        0x0 .\CortexM0\ARM_GCC_493\Debug\ButtonTest.a(Button_Right.o)
 .text.Button_Right_SetDriveMode
                0x00000000       0x14 .\CortexM0\ARM_GCC_493\Debug\ButtonTest.a(Button_Right.o)
 .text.Button_Right_Write
                0x00000000       0x18 .\CortexM0\ARM_GCC_493\Debug\ButtonTest.a(Button_Right.o)
 .text.Button_Right_Read
                0x00000000       0x10 .\CortexM0\ARM_GCC_493\Debug\ButtonTest.a(Button_Right.o)
 .text.Button_Right_ReadDataReg
                0x00000000       0x10 .\CortexM0\ARM_GCC_493\Debug\ButtonTest.a(Button_Right.o)
 .text.Button_Right_SetInterruptMode
                0x00000000       0x14 .\CortexM0\ARM_GCC_493\Debug\ButtonTest.a(Button_Right.o)
 .text          0x00000000        0x0 .\CortexM0\ARM_GCC_493\Debug\ButtonTest.a(Button_Right_Int.o)
 .data          0x00000000        0x0 .\CortexM0\ARM_GCC_493\Debug\ButtonTest.a(Button_Right_Int.o)
 .bss           0x00000000        0x0 .\CortexM0\ARM_GCC_493\Debug\ButtonTest.a(Button_Right_Int.o)
 .text.Button_Right_Int_Interrupt
                0x00000000        0x4 .\CortexM0\ARM_GCC_493\Debug\ButtonTest.a(Button_Right_Int.o)
 .text.Button_Right_Int_GetVector
                0x00000000        0xc .\CortexM0\ARM_GCC_493\Debug\ButtonTest.a(Button_Right_Int.o)
 .text.Button_Right_Int_GetPriority
                0x00000000       0x10 .\CortexM0\ARM_GCC_493\Debug\ButtonTest.a(Button_Right_Int.o)
 .text.Button_Right_Int_GetState
                0x00000000       0x14 .\CortexM0\ARM_GCC_493\Debug\ButtonTest.a(Button_Right_Int.o)
 .text.Button_Right_Int_Start
                0x00000000       0x1c .\CortexM0\ARM_GCC_493\Debug\ButtonTest.a(Button_Right_Int.o)
 .text.Button_Right_Int_Stop
                0x00000000       0x14 .\CortexM0\ARM_GCC_493\Debug\ButtonTest.a(Button_Right_Int.o)
 .text.Button_Right_Int_SetPending
                0x00000000        0xc .\CortexM0\ARM_GCC_493\Debug\ButtonTest.a(Button_Right_Int.o)
 .text.Button_Right_Int_ClearPending
                0x00000000        0xc .\CortexM0\ARM_GCC_493\Debug\ButtonTest.a(Button_Right_Int.o)
 .text          0x00000000        0x0 .\CortexM0\ARM_GCC_493\Debug\ButtonTest.a(LED_Yellow_2.o)
 .data          0x00000000        0x0 .\CortexM0\ARM_GCC_493\Debug\ButtonTest.a(LED_Yellow_2.o)
 .bss           0x00000000        0x0 .\CortexM0\ARM_GCC_493\Debug\ButtonTest.a(LED_Yellow_2.o)
 .text.LED_Yellow_2_SetDriveMode
                0x00000000       0x18 .\CortexM0\ARM_GCC_493\Debug\ButtonTest.a(LED_Yellow_2.o)
 .text.LED_Yellow_2_Read
                0x00000000       0x10 .\CortexM0\ARM_GCC_493\Debug\ButtonTest.a(LED_Yellow_2.o)
 .text.LED_Yellow_2_ReadDataReg
                0x00000000       0x10 .\CortexM0\ARM_GCC_493\Debug\ButtonTest.a(LED_Yellow_2.o)
 .text.LED_Yellow_2_SetInterruptMode
                0x00000000       0x14 .\CortexM0\ARM_GCC_493\Debug\ButtonTest.a(LED_Yellow_2.o)
 .text.LED_Yellow_2_ClearInterrupt
                0x00000000       0x14 .\CortexM0\ARM_GCC_493\Debug\ButtonTest.a(LED_Yellow_2.o)
 .text          0x00000000        0x0 .\CortexM0\ARM_GCC_493\Debug\ButtonTest.a(LED_Yellow_1.o)
 .data          0x00000000        0x0 .\CortexM0\ARM_GCC_493\Debug\ButtonTest.a(LED_Yellow_1.o)
 .bss           0x00000000        0x0 .\CortexM0\ARM_GCC_493\Debug\ButtonTest.a(LED_Yellow_1.o)
 .text.LED_Yellow_1_SetDriveMode
                0x00000000       0x18 .\CortexM0\ARM_GCC_493\Debug\ButtonTest.a(LED_Yellow_1.o)
 .text.LED_Yellow_1_Read
                0x00000000       0x10 .\CortexM0\ARM_GCC_493\Debug\ButtonTest.a(LED_Yellow_1.o)
 .text.LED_Yellow_1_ReadDataReg
                0x00000000       0x10 .\CortexM0\ARM_GCC_493\Debug\ButtonTest.a(LED_Yellow_1.o)
 .text.LED_Yellow_1_SetInterruptMode
                0x00000000       0x14 .\CortexM0\ARM_GCC_493\Debug\ButtonTest.a(LED_Yellow_1.o)
 .text.LED_Yellow_1_ClearInterrupt
                0x00000000       0x14 .\CortexM0\ARM_GCC_493\Debug\ButtonTest.a(LED_Yellow_1.o)
 .text          0x00000000        0x0 .\CortexM0\ARM_GCC_493\Debug\ButtonTest.a(LED_Green_2.o)
 .data          0x00000000        0x0 .\CortexM0\ARM_GCC_493\Debug\ButtonTest.a(LED_Green_2.o)
 .bss           0x00000000        0x0 .\CortexM0\ARM_GCC_493\Debug\ButtonTest.a(LED_Green_2.o)
 .text.LED_Green_2_SetDriveMode
                0x00000000       0x18 .\CortexM0\ARM_GCC_493\Debug\ButtonTest.a(LED_Green_2.o)
 .text.LED_Green_2_Read
                0x00000000       0x10 .\CortexM0\ARM_GCC_493\Debug\ButtonTest.a(LED_Green_2.o)
 .text.LED_Green_2_ReadDataReg
                0x00000000       0x10 .\CortexM0\ARM_GCC_493\Debug\ButtonTest.a(LED_Green_2.o)
 .text.LED_Green_2_SetInterruptMode
                0x00000000       0x14 .\CortexM0\ARM_GCC_493\Debug\ButtonTest.a(LED_Green_2.o)
 .text.LED_Green_2_ClearInterrupt
                0x00000000       0x14 .\CortexM0\ARM_GCC_493\Debug\ButtonTest.a(LED_Green_2.o)
 .text          0x00000000        0x0 .\CortexM0\ARM_GCC_493\Debug\ButtonTest.a(LED_Green_1.o)
 .data          0x00000000        0x0 .\CortexM0\ARM_GCC_493\Debug\ButtonTest.a(LED_Green_1.o)
 .bss           0x00000000        0x0 .\CortexM0\ARM_GCC_493\Debug\ButtonTest.a(LED_Green_1.o)
 .text.LED_Green_1_SetDriveMode
                0x00000000       0x18 .\CortexM0\ARM_GCC_493\Debug\ButtonTest.a(LED_Green_1.o)
 .text.LED_Green_1_Read
                0x00000000       0x10 .\CortexM0\ARM_GCC_493\Debug\ButtonTest.a(LED_Green_1.o)
 .text.LED_Green_1_ReadDataReg
                0x00000000       0x10 .\CortexM0\ARM_GCC_493\Debug\ButtonTest.a(LED_Green_1.o)
 .text.LED_Green_1_SetInterruptMode
                0x00000000       0x14 .\CortexM0\ARM_GCC_493\Debug\ButtonTest.a(LED_Green_1.o)
 .text.LED_Green_1_ClearInterrupt
                0x00000000       0x14 .\CortexM0\ARM_GCC_493\Debug\ButtonTest.a(LED_Green_1.o)
 .data          0x00000000        0x0 .\CortexM0\ARM_GCC_493\Debug\ButtonTest.a(CyBootAsmGnu.o)
 .bss           0x00000000        0x0 .\CortexM0\ARM_GCC_493\Debug\ButtonTest.a(CyBootAsmGnu.o)
 .text          0x00000000      0x120 c:/program files (x86)/cypress/psoc creator/4.0/psoc creator/import/gnu/arm/4.9.3/bin/../lib/gcc/arm-none-eabi/4.9.3/armv6-m\libgcc.a(_udivsi3.o)
 .data          0x00000000        0x0 c:/program files (x86)/cypress/psoc creator/4.0/psoc creator/import/gnu/arm/4.9.3/bin/../lib/gcc/arm-none-eabi/4.9.3/armv6-m\libgcc.a(_udivsi3.o)
 .bss           0x00000000        0x0 c:/program files (x86)/cypress/psoc creator/4.0/psoc creator/import/gnu/arm/4.9.3/bin/../lib/gcc/arm-none-eabi/4.9.3/armv6-m\libgcc.a(_udivsi3.o)
 .text          0x00000000      0x1e0 c:/program files (x86)/cypress/psoc creator/4.0/psoc creator/import/gnu/arm/4.9.3/bin/../lib/gcc/arm-none-eabi/4.9.3/armv6-m\libgcc.a(_divsi3.o)
 .data          0x00000000        0x0 c:/program files (x86)/cypress/psoc creator/4.0/psoc creator/import/gnu/arm/4.9.3/bin/../lib/gcc/arm-none-eabi/4.9.3/armv6-m\libgcc.a(_divsi3.o)
 .bss           0x00000000        0x0 c:/program files (x86)/cypress/psoc creator/4.0/psoc creator/import/gnu/arm/4.9.3/bin/../lib/gcc/arm-none-eabi/4.9.3/armv6-m\libgcc.a(_divsi3.o)
 .text          0x00000000        0x4 c:/program files (x86)/cypress/psoc creator/4.0/psoc creator/import/gnu/arm/4.9.3/bin/../lib/gcc/arm-none-eabi/4.9.3/armv6-m\libgcc.a(_dvmd_tls.o)
 .data          0x00000000        0x0 c:/program files (x86)/cypress/psoc creator/4.0/psoc creator/import/gnu/arm/4.9.3/bin/../lib/gcc/arm-none-eabi/4.9.3/armv6-m\libgcc.a(_dvmd_tls.o)
 .bss           0x00000000        0x0 c:/program files (x86)/cypress/psoc creator/4.0/psoc creator/import/gnu/arm/4.9.3/bin/../lib/gcc/arm-none-eabi/4.9.3/armv6-m\libgcc.a(_dvmd_tls.o)
 .text          0x00000000        0x0 c:/program files (x86)/cypress/psoc creator/4.0/psoc creator/import/gnu/arm/4.9.3/bin/../lib/gcc/arm-none-eabi/4.9.3/../../../../arm-none-eabi/lib/armv6-m\libg_nano.a(lib_a-errno.o)
 .data          0x00000000        0x0 c:/program files (x86)/cypress/psoc creator/4.0/psoc creator/import/gnu/arm/4.9.3/bin/../lib/gcc/arm-none-eabi/4.9.3/../../../../arm-none-eabi/lib/armv6-m\libg_nano.a(lib_a-errno.o)
 .bss           0x00000000        0x0 c:/program files (x86)/cypress/psoc creator/4.0/psoc creator/import/gnu/arm/4.9.3/bin/../lib/gcc/arm-none-eabi/4.9.3/../../../../arm-none-eabi/lib/armv6-m\libg_nano.a(lib_a-errno.o)
 .text          0x00000000        0x0 c:/program files (x86)/cypress/psoc creator/4.0/psoc creator/import/gnu/arm/4.9.3/bin/../lib/gcc/arm-none-eabi/4.9.3/../../../../arm-none-eabi/lib/armv6-m\libg_nano.a(lib_a-exit.o)
 .data          0x00000000        0x0 c:/program files (x86)/cypress/psoc creator/4.0/psoc creator/import/gnu/arm/4.9.3/bin/../lib/gcc/arm-none-eabi/4.9.3/../../../../arm-none-eabi/lib/armv6-m\libg_nano.a(lib_a-exit.o)
 .bss           0x00000000        0x0 c:/program files (x86)/cypress/psoc creator/4.0/psoc creator/import/gnu/arm/4.9.3/bin/../lib/gcc/arm-none-eabi/4.9.3/../../../../arm-none-eabi/lib/armv6-m\libg_nano.a(lib_a-exit.o)
 .text.exit     0x00000000       0x2c c:/program files (x86)/cypress/psoc creator/4.0/psoc creator/import/gnu/arm/4.9.3/bin/../lib/gcc/arm-none-eabi/4.9.3/../../../../arm-none-eabi/lib/armv6-m\libg_nano.a(lib_a-exit.o)
 .text          0x00000000        0x0 c:/program files (x86)/cypress/psoc creator/4.0/psoc creator/import/gnu/arm/4.9.3/bin/../lib/gcc/arm-none-eabi/4.9.3/../../../../arm-none-eabi/lib/armv6-m\libg_nano.a(lib_a-impure.o)
 .data          0x00000000        0x0 c:/program files (x86)/cypress/psoc creator/4.0/psoc creator/import/gnu/arm/4.9.3/bin/../lib/gcc/arm-none-eabi/4.9.3/../../../../arm-none-eabi/lib/armv6-m\libg_nano.a(lib_a-impure.o)
 .bss           0x00000000        0x0 c:/program files (x86)/cypress/psoc creator/4.0/psoc creator/import/gnu/arm/4.9.3/bin/../lib/gcc/arm-none-eabi/4.9.3/../../../../arm-none-eabi/lib/armv6-m\libg_nano.a(lib_a-impure.o)
 .rodata._global_impure_ptr
                0x00000000        0x4 c:/program files (x86)/cypress/psoc creator/4.0/psoc creator/import/gnu/arm/4.9.3/bin/../lib/gcc/arm-none-eabi/4.9.3/../../../../arm-none-eabi/lib/armv6-m\libg_nano.a(lib_a-impure.o)
 .text          0x00000000        0x0 c:/program files (x86)/cypress/psoc creator/4.0/psoc creator/import/gnu/arm/4.9.3/bin/../lib/gcc/arm-none-eabi/4.9.3/../../../../arm-none-eabi/lib/armv6-m\libg_nano.a(lib_a-init.o)
 .data          0x00000000        0x0 c:/program files (x86)/cypress/psoc creator/4.0/psoc creator/import/gnu/arm/4.9.3/bin/../lib/gcc/arm-none-eabi/4.9.3/../../../../arm-none-eabi/lib/armv6-m\libg_nano.a(lib_a-init.o)
 .bss           0x00000000        0x0 c:/program files (x86)/cypress/psoc creator/4.0/psoc creator/import/gnu/arm/4.9.3/bin/../lib/gcc/arm-none-eabi/4.9.3/../../../../arm-none-eabi/lib/armv6-m\libg_nano.a(lib_a-init.o)
 .text          0x00000000        0x0 c:/program files (x86)/cypress/psoc creator/4.0/psoc creator/import/gnu/arm/4.9.3/bin/../lib/gcc/arm-none-eabi/4.9.3/../../../../arm-none-eabi/lib/armv6-m\libg_nano.a(lib_a-memset.o)
 .data          0x00000000        0x0 c:/program files (x86)/cypress/psoc creator/4.0/psoc creator/import/gnu/arm/4.9.3/bin/../lib/gcc/arm-none-eabi/4.9.3/../../../../arm-none-eabi/lib/armv6-m\libg_nano.a(lib_a-memset.o)
 .bss           0x00000000        0x0 c:/program files (x86)/cypress/psoc creator/4.0/psoc creator/import/gnu/arm/4.9.3/bin/../lib/gcc/arm-none-eabi/4.9.3/../../../../arm-none-eabi/lib/armv6-m\libg_nano.a(lib_a-memset.o)
 .text          0x00000000        0x0 c:/program files (x86)/cypress/psoc creator/4.0/psoc creator/import/gnu/arm/4.9.3/bin/../lib/gcc/arm-none-eabi/4.9.3/armv6-m/crtend.o
 .data          0x00000000        0x0 c:/program files (x86)/cypress/psoc creator/4.0/psoc creator/import/gnu/arm/4.9.3/bin/../lib/gcc/arm-none-eabi/4.9.3/armv6-m/crtend.o
 .bss           0x00000000        0x0 c:/program files (x86)/cypress/psoc creator/4.0/psoc creator/import/gnu/arm/4.9.3/bin/../lib/gcc/arm-none-eabi/4.9.3/armv6-m/crtend.o
 .text          0x00000000        0x0 c:/program files (x86)/cypress/psoc creator/4.0/psoc creator/import/gnu/arm/4.9.3/bin/../lib/gcc/arm-none-eabi/4.9.3/armv6-m/crtn.o
 .data          0x00000000        0x0 c:/program files (x86)/cypress/psoc creator/4.0/psoc creator/import/gnu/arm/4.9.3/bin/../lib/gcc/arm-none-eabi/4.9.3/armv6-m/crtn.o
 .bss           0x00000000        0x0 c:/program files (x86)/cypress/psoc creator/4.0/psoc creator/import/gnu/arm/4.9.3/bin/../lib/gcc/arm-none-eabi/4.9.3/armv6-m/crtn.o

Memory Configuration

Name             Origin             Length             Attributes
rom              0x00000000         0x00040000         xr
ram              0x20000000         0x00008000         xrw
*default*        0x00000000         0xffffffff

Linker script and memory map

LOAD c:/program files (x86)/cypress/psoc creator/4.0/psoc creator/import/gnu/arm/4.9.3/bin/../lib/gcc/arm-none-eabi/4.9.3/armv6-m/crti.o
LOAD c:/program files (x86)/cypress/psoc creator/4.0/psoc creator/import/gnu/arm/4.9.3/bin/../lib/gcc/arm-none-eabi/4.9.3/armv6-m/crtbegin.o
LOAD c:/program files (x86)/cypress/psoc creator/4.0/psoc creator/import/gnu/arm/4.9.3/bin/../lib/gcc/arm-none-eabi/4.9.3/../../../../arm-none-eabi/lib/armv6-m/crt0.o
START GROUP
LOAD .\CortexM0\ARM_GCC_493\Debug\main.o
LOAD .\CortexM0\ARM_GCC_493\Debug\cymetadata.o
LOAD .\CortexM0\ARM_GCC_493\Debug\Cm0Start.o
LOAD .\CortexM0\ARM_GCC_493\Debug\ButtonTest.a
LOAD C:\Program Files (x86)\Cypress\PSoC Creator\4.0\PSoC Creator\psoc\content\cycomponentlibrary\CyComponentLibrary.cylib\CortexM0\ARM_GCC_493\Debug\CyComponentLibrary.a
END GROUP
START GROUP
LOAD c:/program files (x86)/cypress/psoc creator/4.0/psoc creator/import/gnu/arm/4.9.3/bin/../lib/gcc/arm-none-eabi/4.9.3/armv6-m\libgcc.a
LOAD c:/program files (x86)/cypress/psoc creator/4.0/psoc creator/import/gnu/arm/4.9.3/bin/../lib/gcc/arm-none-eabi/4.9.3/../../../../arm-none-eabi/lib/armv6-m\libg_nano.a
LOAD c:/program files (x86)/cypress/psoc creator/4.0/psoc creator/import/gnu/arm/4.9.3/bin/../lib/gcc/arm-none-eabi/4.9.3/../../../../arm-none-eabi/lib/armv6-m\libc_nano.a
END GROUP
START GROUP
LOAD c:/program files (x86)/cypress/psoc creator/4.0/psoc creator/import/gnu/arm/4.9.3/bin/../lib/gcc/arm-none-eabi/4.9.3/armv6-m\libgcc.a
LOAD c:/program files (x86)/cypress/psoc creator/4.0/psoc creator/import/gnu/arm/4.9.3/bin/../lib/gcc/arm-none-eabi/4.9.3/../../../../arm-none-eabi/lib/armv6-m\libc_nano.a
END GROUP
LOAD c:/program files (x86)/cypress/psoc creator/4.0/psoc creator/import/gnu/arm/4.9.3/bin/../lib/gcc/arm-none-eabi/4.9.3/armv6-m/crtend.o
LOAD c:/program files (x86)/cypress/psoc creator/4.0/psoc creator/import/gnu/arm/4.9.3/bin/../lib/gcc/arm-none-eabi/4.9.3/armv6-m/crtn.o
START GROUP
LOAD c:/program files (x86)/cypress/psoc creator/4.0/psoc creator/import/gnu/arm/4.9.3/bin/../lib/gcc/arm-none-eabi/4.9.3/armv6-m\libgcc.a
LOAD c:/program files (x86)/cypress/psoc creator/4.0/psoc creator/import/gnu/arm/4.9.3/bin/../lib/gcc/arm-none-eabi/4.9.3/../../../../arm-none-eabi/lib/armv6-m\libc.a
LOAD c:/program files (x86)/cypress/psoc creator/4.0/psoc creator/import/gnu/arm/4.9.3/bin/../lib/gcc/arm-none-eabi/4.9.3/../../../../arm-none-eabi/lib/armv6-m\libnosys.a
END GROUP
                0x00000000                CY_APPL_ORIGIN = 0x0
                0x00000100                CY_FLASH_ROW_SIZE = 0x100
                0x00000001                CY_APPL_NUM = 0x1
                0x00000001                CY_APPL_MAX = 0x1
                0x00000040                CY_METADATA_SIZE = 0x40
                0x00000000                CY_APPL_LOADABLE = 0x0
                0x00000000                CY_CHECKSUM_EXCLUDE_SIZE = ALIGN (0x0, CY_FLASH_ROW_SIZE)
                0x00000000                CY_APP_FOR_STACK_AND_COPIER = 0x0
                0x20000198                PROVIDE (__cy_heap_start, _end)
                0x00000001                PROVIDE (__cy_region_num, ((__cy_regions_end - __cy_regions) / 0x10))
                0x20008000                PROVIDE (__cy_stack, (ORIGIN (ram) + 0x8000))
                0x20007800                PROVIDE (__cy_heap_end, (__cy_stack - 0x800))

.cybootloader   0x00000000        0x0
 *(.cybootloader)
                0x00000000                appl1_start = CY_APPL_ORIGIN?CY_APPL_ORIGIN:ALIGN (CY_FLASH_ROW_SIZE)
                0x0001ff00                appl2_start = (appl1_start + ALIGN ((((0x40000 - appl1_start) - (0x2 * CY_FLASH_ROW_SIZE)) / 0x2), CY_FLASH_ROW_SIZE))
                0x00000000                appl_start = (CY_APPL_NUM == 0x1)?appl1_start:appl2_start
                0x00000001                cy_project_type_bootloader = (appl_start == 0x0)?0x1:0x0
                0x00000000                cy_project_type_app_for_stack_and_copier = (CY_APP_FOR_STACK_AND_COPIER == 0x1)?0x1:0x0

.text           0x00000000      0xa28
 CREATE_OBJECT_SYMBOLS
                0x00000000                PROVIDE (__cy_interrupt_vector, RomVectors)
 *(.romvectors)
 .romvectors    0x00000000       0x10 .\CortexM0\ARM_GCC_493\Debug\Cm0Start.o
                0x00000000                RomVectors
                0x00000001                ASSERT ((. != __cy_interrupt_vector), No interrupt vector)
                0x00000001                ASSERT (CY_APPL_ORIGIN?(SIZEOF (.cybootloader) <= CY_APPL_ORIGIN):0x1, Wrong image location)
                0x00000010                PROVIDE (__cy_reset, Reset)
 *(.text.Reset)
 .text.Reset    0x00000010        0x8 .\CortexM0\ARM_GCC_493\Debug\Cm0Start.o
                0x00000010                Reset
                0x00000001                ASSERT ((. != __cy_reset), No reset code)
 *(.psocinit)
 .psocinit      0x00000018      0x1c0 .\CortexM0\ARM_GCC_493\Debug\ButtonTest.a(cyfitter_cfg.o)
                0x000000f4                cyfitter_cfg
                0x000001d8                . = MAX (., 0x100)
 *(.text .text.* .gnu.linkonce.t.*)
 .text          0x000001d8       0x60 c:/program files (x86)/cypress/psoc creator/4.0/psoc creator/import/gnu/arm/4.9.3/bin/../lib/gcc/arm-none-eabi/4.9.3/armv6-m/crtbegin.o
 .text.Button_Left_Handler
                0x00000238       0x1c .\CortexM0\ARM_GCC_493\Debug\main.o
                0x00000238                Button_Left_Handler
 .text.Button_Right_Handler
                0x00000254       0x1c .\CortexM0\ARM_GCC_493\Debug\main.o
                0x00000254                Button_Right_Handler
 .text.set_leds
                0x00000270       0x50 .\CortexM0\ARM_GCC_493\Debug\main.o
                0x00000270                set_leds
 .text.main     0x000002c0       0x2c .\CortexM0\ARM_GCC_493\Debug\main.o
                0x000002c0                main
 .text.IntDefaultHandler
                0x000002ec       0x10 .\CortexM0\ARM_GCC_493\Debug\Cm0Start.o
                0x000002ec                IntDefaultHandler
 .text.Start_c  0x000002fc       0x48 .\CortexM0\ARM_GCC_493\Debug\Cm0Start.o
                0x000002fc                Start_c
 .text.initialize_psoc
                0x00000344       0x54 .\CortexM0\ARM_GCC_493\Debug\Cm0Start.o
                0x00000344                initialize_psoc
 .text.cfg_write_bytes32
                0x00000398       0x34 .\CortexM0\ARM_GCC_493\Debug\ButtonTest.a(cyfitter_cfg.o)
 .text.AnalogSetDefault
                0x000003cc       0x20 .\CortexM0\ARM_GCC_493\Debug\ButtonTest.a(cyfitter_cfg.o)
 .text.CYMEMZERO
                0x000003ec        0xc .\CortexM0\ARM_GCC_493\Debug\ButtonTest.a(cyfitter_cfg.o)
 .text.CySysClkEcoReadStatus
                0x000003f8       0x10 .\CortexM0\ARM_GCC_493\Debug\ButtonTest.a(CyLib.o)
                0x000003f8                CySysClkEcoReadStatus
 .text.CyIntEnable
                0x00000408       0x14 .\CortexM0\ARM_GCC_493\Debug\ButtonTest.a(CyLib.o)
                0x00000408                CyIntEnable
 .text.CyHalt   0x0000041c        0x4 .\CortexM0\ARM_GCC_493\Debug\ButtonTest.a(CyLib.o)
                0x0000041c                CyHalt
 .text.CyIntSetVector
                0x00000420       0x24 .\CortexM0\ARM_GCC_493\Debug\ButtonTest.a(CyLib.o)
                0x00000420                CyIntSetVector
 .text.CyDelayUs
                0x00000444       0x14 .\CortexM0\ARM_GCC_493\Debug\ButtonTest.a(CyLib.o)
                0x00000444                CyDelayUs
 .text.CySysClkWriteImoFreq
                0x00000458      0x164 .\CortexM0\ARM_GCC_493\Debug\ButtonTest.a(CyLib.o)
                0x00000458                CySysClkWriteImoFreq
 .text.CySysClkEcoStart
                0x000005bc       0x54 .\CortexM0\ARM_GCC_493\Debug\ButtonTest.a(CyLib.o)
                0x000005bc                CySysClkEcoStart
 .text.CySysWdtLocked
                0x00000610       0x14 .\CortexM0\ARM_GCC_493\Debug\ButtonTest.a(CyLFClk.o)
 .text.CySysClkWcoStart
                0x00000624       0x40 .\CortexM0\ARM_GCC_493\Debug\ButtonTest.a(CyLFClk.o)
                0x00000624                CySysClkWcoStart
 .text.CySysClkWcoSetPowerMode
                0x00000664       0x80 .\CortexM0\ARM_GCC_493\Debug\ButtonTest.a(CyLFClk.o)
                0x00000664                CySysClkWcoSetPowerMode
 .text.CySysWdtLock
                0x000006e4       0x1c .\CortexM0\ARM_GCC_493\Debug\ButtonTest.a(CyLFClk.o)
                0x000006e4                CySysWdtLock
 .text.CySysWdtUnlock
                0x00000700       0x30 .\CortexM0\ARM_GCC_493\Debug\ButtonTest.a(CyLFClk.o)
                0x00000700                CySysWdtUnlock
 .text.CySysWdtClearInterrupt
                0x00000730       0x4c .\CortexM0\ARM_GCC_493\Debug\ButtonTest.a(CyLFClk.o)
                0x00000730                CySysWdtClearInterrupt
 .text.CySysWdtIsr
                0x0000077c       0xa4 .\CortexM0\ARM_GCC_493\Debug\ButtonTest.a(CyLFClk.o)
                0x0000077c                CySysWdtIsr
 .text.Button_Left_ClearInterrupt
                0x00000820       0x10 .\CortexM0\ARM_GCC_493\Debug\ButtonTest.a(Button_Left.o)
                0x00000820                Button_Left_ClearInterrupt
 .text.LED_Red_2_Write
                0x00000830       0x18 .\CortexM0\ARM_GCC_493\Debug\ButtonTest.a(LED_Red_2.o)
                0x00000830                LED_Red_2_Write
 .text.Button_Left_Int_SetVector
                0x00000848        0xc .\CortexM0\ARM_GCC_493\Debug\ButtonTest.a(Button_Left_Int.o)
                0x00000848                Button_Left_Int_SetVector
 .text.Button_Left_Int_SetPriority
                0x00000854       0x24 .\CortexM0\ARM_GCC_493\Debug\ButtonTest.a(Button_Left_Int.o)
                0x00000854                Button_Left_Int_SetPriority
 .text.Button_Left_Int_Enable
                0x00000878        0xc .\CortexM0\ARM_GCC_493\Debug\ButtonTest.a(Button_Left_Int.o)
                0x00000878                Button_Left_Int_Enable
 .text.Button_Left_Int_Disable
                0x00000884        0xc .\CortexM0\ARM_GCC_493\Debug\ButtonTest.a(Button_Left_Int.o)
                0x00000884                Button_Left_Int_Disable
 .text.Button_Left_Int_StartEx
                0x00000890       0x1c .\CortexM0\ARM_GCC_493\Debug\ButtonTest.a(Button_Left_Int.o)
                0x00000890                Button_Left_Int_StartEx
 .text.LED_Red_1_Write
                0x000008ac       0x18 .\CortexM0\ARM_GCC_493\Debug\ButtonTest.a(LED_Red_1.o)
                0x000008ac                LED_Red_1_Write
 .text.Button_Right_ClearInterrupt
                0x000008c4       0x14 .\CortexM0\ARM_GCC_493\Debug\ButtonTest.a(Button_Right.o)
                0x000008c4                Button_Right_ClearInterrupt
 .text.Button_Right_Int_SetVector
                0x000008d8        0xc .\CortexM0\ARM_GCC_493\Debug\ButtonTest.a(Button_Right_Int.o)
                0x000008d8                Button_Right_Int_SetVector
 .text.Button_Right_Int_SetPriority
                0x000008e4       0x24 .\CortexM0\ARM_GCC_493\Debug\ButtonTest.a(Button_Right_Int.o)
                0x000008e4                Button_Right_Int_SetPriority
 .text.Button_Right_Int_Enable
                0x00000908        0xc .\CortexM0\ARM_GCC_493\Debug\ButtonTest.a(Button_Right_Int.o)
                0x00000908                Button_Right_Int_Enable
 .text.Button_Right_Int_Disable
                0x00000914        0xc .\CortexM0\ARM_GCC_493\Debug\ButtonTest.a(Button_Right_Int.o)
                0x00000914                Button_Right_Int_Disable
 .text.Button_Right_Int_StartEx
                0x00000920       0x1c .\CortexM0\ARM_GCC_493\Debug\ButtonTest.a(Button_Right_Int.o)
                0x00000920                Button_Right_Int_StartEx
 .text.LED_Yellow_2_Write
                0x0000093c       0x18 .\CortexM0\ARM_GCC_493\Debug\ButtonTest.a(LED_Yellow_2.o)
                0x0000093c                LED_Yellow_2_Write
 .text.LED_Yellow_1_Write
                0x00000954       0x18 .\CortexM0\ARM_GCC_493\Debug\ButtonTest.a(LED_Yellow_1.o)
                0x00000954                LED_Yellow_1_Write
 .text.LED_Green_2_Write
                0x0000096c       0x18 .\CortexM0\ARM_GCC_493\Debug\ButtonTest.a(LED_Green_2.o)
                0x0000096c                LED_Green_2_Write
 .text.LED_Green_1_Write
                0x00000984       0x18 .\CortexM0\ARM_GCC_493\Debug\ButtonTest.a(LED_Green_1.o)
                0x00000984                LED_Green_1_Write
 *fill*         0x0000099c        0x4 
 .text          0x000009a0       0x20 .\CortexM0\ARM_GCC_493\Debug\ButtonTest.a(CyBootAsmGnu.o)
                0x000009a0                CyDelayCycles
                0x000009b2                CyEnterCriticalSection
                0x000009ba                CyExitCriticalSection
 .text.__errno  0x000009c0        0xc c:/program files (x86)/cypress/psoc creator/4.0/psoc creator/import/gnu/arm/4.9.3/bin/../lib/gcc/arm-none-eabi/4.9.3/../../../../arm-none-eabi/lib/armv6-m\libg_nano.a(lib_a-errno.o)
                0x000009c0                __errno
 .text.__libc_init_array
                0x000009cc       0x4c c:/program files (x86)/cypress/psoc creator/4.0/psoc creator/import/gnu/arm/4.9.3/bin/../lib/gcc/arm-none-eabi/4.9.3/../../../../arm-none-eabi/lib/armv6-m\libg_nano.a(lib_a-init.o)
                0x000009cc                __libc_init_array
 .text.memset   0x00000a18       0x10 c:/program files (x86)/cypress/psoc creator/4.0/psoc creator/import/gnu/arm/4.9.3/bin/../lib/gcc/arm-none-eabi/4.9.3/../../../../arm-none-eabi/lib/armv6-m\libg_nano.a(lib_a-memset.o)
                0x00000a18                memset
 *(.plt)
 *(.gnu.warning)
 *(.glue_7t)
 .glue_7t       0x00000000        0x0 linker stubs
 *(.glue_7)
 .glue_7        0x00000000        0x0 linker stubs
 *(.vfp11_veneer)
 .vfp11_veneer  0x00000000        0x0 linker stubs
 *(.bootloader)
 *(.ARM.extab* .gnu.linkonce.armextab.*)
 *(.gcc_except_table)

.v4_bx          0x00000a28        0x0
 .v4_bx         0x00000000        0x0 linker stubs

.iplt           0x00000a28        0x0
 .iplt          0x00000000        0x0 c:/program files (x86)/cypress/psoc creator/4.0/psoc creator/import/gnu/arm/4.9.3/bin/../lib/gcc/arm-none-eabi/4.9.3/armv6-m/crtbegin.o

.eh_frame_hdr
 *(.eh_frame_hdr)

.eh_frame       0x00000a28        0x4
 *(.eh_frame)
 .eh_frame      0x00000a28        0x0 c:/program files (x86)/cypress/psoc creator/4.0/psoc creator/import/gnu/arm/4.9.3/bin/../lib/gcc/arm-none-eabi/4.9.3/armv6-m/crtbegin.o
 .eh_frame      0x00000a28        0x4 c:/program files (x86)/cypress/psoc creator/4.0/psoc creator/import/gnu/arm/4.9.3/bin/../lib/gcc/arm-none-eabi/4.9.3/armv6-m/crtend.o
                0x00000a2c                PROVIDE (__exidx_start, .)

.ARM.exidx
 *(.ARM.exidx* .gnu.linkonce.armexidx.*)
                0x00000a2c                __exidx_end = .

.rodata         0x00000a2c       0xe4
 *(.rodata .rodata.* .gnu.linkonce.r.*)
 .rodata        0x00000a2c       0x7c .\CortexM0\ARM_GCC_493\Debug\ButtonTest.a(cyfitter_cfg.o)
 .rodata        0x00000aa8       0x30 .\CortexM0\ARM_GCC_493\Debug\ButtonTest.a(CyLib.o)
                0x00000aa8                cyImoFreqMhz2Reg
 .rodata.str1.1
                0x00000ad8        0x2 c:/program files (x86)/cypress/psoc creator/4.0/psoc creator/import/gnu/arm/4.9.3/bin/../lib/gcc/arm-none-eabi/4.9.3/../../../../arm-none-eabi/lib/armv6-m\libg_nano.a(lib_a-impure.o)
                0x00000adc                . = ALIGN (0x4)
 *fill*         0x00000ada        0x2 
 *(.init)
 .init          0x00000adc        0x4 c:/program files (x86)/cypress/psoc creator/4.0/psoc creator/import/gnu/arm/4.9.3/bin/../lib/gcc/arm-none-eabi/4.9.3/armv6-m/crti.o
                0x00000adc                _init
 .init          0x00000ae0        0x8 c:/program files (x86)/cypress/psoc creator/4.0/psoc creator/import/gnu/arm/4.9.3/bin/../lib/gcc/arm-none-eabi/4.9.3/armv6-m/crtn.o
                0x00000ae8                . = ALIGN (0x4)
                0x00000ae8                __preinit_array_start = .
 *(.preinit_array)
                0x00000ae8                __preinit_array_end = .
                0x00000ae8                . = ALIGN (0x4)
                0x00000ae8                __init_array_start = .
 *(SORT(.init_array.*))
 *(.init_array)
 .init_array    0x00000ae8        0x4 c:/program files (x86)/cypress/psoc creator/4.0/psoc creator/import/gnu/arm/4.9.3/bin/../lib/gcc/arm-none-eabi/4.9.3/armv6-m/crtbegin.o
 .init_array    0x00000aec        0x4 .\CortexM0\ARM_GCC_493\Debug\Cm0Start.o
                0x00000af0                __init_array_end = .
                0x00000af0                . = ALIGN (0x4)
 *(.fini)
 .fini          0x00000af0        0x4 c:/program files (x86)/cypress/psoc creator/4.0/psoc creator/import/gnu/arm/4.9.3/bin/../lib/gcc/arm-none-eabi/4.9.3/armv6-m/crti.o
                0x00000af0                _fini
 .fini          0x00000af4        0x8 c:/program files (x86)/cypress/psoc creator/4.0/psoc creator/import/gnu/arm/4.9.3/bin/../lib/gcc/arm-none-eabi/4.9.3/armv6-m/crtn.o
                0x00000afc                . = ALIGN (0x4)
                0x00000afc                __fini_array_start = .
 *(.fini_array)
 .fini_array    0x00000afc        0x4 c:/program files (x86)/cypress/psoc creator/4.0/psoc creator/import/gnu/arm/4.9.3/bin/../lib/gcc/arm-none-eabi/4.9.3/armv6-m/crtbegin.o
 *(SORT(.fini_array.*))
                0x00000b00                __fini_array_end = .
                0x00000b00                . = ALIGN (0x4)
 *crtbegin.o(.ctors)
 *(EXCLUDE_FILE(*crtend.o) .ctors)
 *(SORT(.ctors.*))
 *crtend.o(.ctors)
                0x00000b00                . = ALIGN (0x4)
 *crtbegin.o(.dtors)
 *(EXCLUDE_FILE(*crtend.o) .dtors)
 *(SORT(.dtors.*))
 *crtend.o(.dtors)
                0x00000b00                . = ALIGN (0x4)
                0x00000b00                __cy_regions = .
                0x00000b00        0x4 LONG 0xb10 __cy_region_init_ram
                0x00000b04        0x4 LONG 0x200000c8 __cy_region_start_data
                0x00000b08        0x4 LONG 0x88 __cy_region_init_size_ram
                0x00000b0c        0x4 LONG 0x48 __cy_region_zero_size_ram
                0x00000b10                __cy_regions_end = .
                0x00000b10                . = ALIGN (0x8)
                0x00000b10                _etext = .

.cy_checksum_exclude
                0x00000b10        0x0
 *(.cy_checksum_exclude)

.ramvectors     0x20000000       0xc0
                0x20000000                __cy_region_start_ram = .
 *(.ramvectors)
 .ramvectors    0x20000000       0xc0 .\CortexM0\ARM_GCC_493\Debug\Cm0Start.o
                0x20000000                CyRamVectors

.noinit         0x200000c0        0x4
 *(.noinit)
 .noinit        0x200000c0        0x4 .\CortexM0\ARM_GCC_493\Debug\Cm0Start.o

.data           0x200000c8       0x88 load address 0x00000b10
                0x200000c8                __cy_region_start_data = .
 *(.jcr)
 .jcr           0x200000c8        0x0 c:/program files (x86)/cypress/psoc creator/4.0/psoc creator/import/gnu/arm/4.9.3/bin/../lib/gcc/arm-none-eabi/4.9.3/armv6-m/crtbegin.o
 .jcr           0x200000c8        0x4 c:/program files (x86)/cypress/psoc creator/4.0/psoc creator/import/gnu/arm/4.9.3/bin/../lib/gcc/arm-none-eabi/4.9.3/armv6-m/crtend.o
 *(.got.plt)
 *(.got)
 *(.shdata)
 *(.data .data.* .gnu.linkonce.d.*)
 .data          0x200000cc       0x14 .\CortexM0\ARM_GCC_493\Debug\ButtonTest.a(CyLib.o)
                0x200000cc                CySysClkPumpConfig
                0x200000d0                cydelay32kMs
                0x200000d4                cydelayFreqKhz
                0x200000d8                cydelayFreqMhz
                0x200000dc                cydelayFreqHz
 .data          0x200000e0        0x8 .\CortexM0\ARM_GCC_493\Debug\ButtonTest.a(CyLFClk.o)
 .data.impure_data
                0x200000e8       0x60 c:/program files (x86)/cypress/psoc creator/4.0/psoc creator/import/gnu/arm/4.9.3/bin/../lib/gcc/arm-none-eabi/4.9.3/../../../../arm-none-eabi/lib/armv6-m\libg_nano.a(lib_a-impure.o)
 .data._impure_ptr
                0x20000148        0x4 c:/program files (x86)/cypress/psoc creator/4.0/psoc creator/import/gnu/arm/4.9.3/bin/../lib/gcc/arm-none-eabi/4.9.3/../../../../arm-none-eabi/lib/armv6-m\libg_nano.a(lib_a-impure.o)
                0x20000148                _impure_ptr
                0x20000150                . = ALIGN (0x8)
 *fill*         0x2000014c        0x4 
 *(.ram)
                0x20000150                _edata = .

.igot.plt       0x20000150        0x0 load address 0x00000b98
 .igot.plt      0x00000000        0x0 c:/program files (x86)/cypress/psoc creator/4.0/psoc creator/import/gnu/arm/4.9.3/bin/../lib/gcc/arm-none-eabi/4.9.3/armv6-m/crtbegin.o

.bss            0x20000150       0x48 load address 0x00000b98
                0x20000150                PROVIDE (__bss_start__, .)
 *(.shbss)
 *(.bss .bss.* .gnu.linkonce.b.*)
 .bss           0x20000150       0x1c c:/program files (x86)/cypress/psoc creator/4.0/psoc creator/import/gnu/arm/4.9.3/bin/../lib/gcc/arm-none-eabi/4.9.3/armv6-m/crtbegin.o
 .bss           0x2000016c       0x28 .\CortexM0\ARM_GCC_493\Debug\ButtonTest.a(CyLFClk.o)
 *(COMMON)
 COMMON         0x20000194        0x4 .\CortexM0\ARM_GCC_493\Debug\main.o
                0x20000194                led_state
                0x20000198                . = ALIGN (0x8)
 *(.ram.b)
                0x20000198                _end = .
                0x20000198                __end = .
                0x20000198                PROVIDE (end, .)
                0x20000198                PROVIDE (__bss_end__, .)
                0x00000b10                __cy_region_init_ram = LOADADDR (.data)
                0x00000088                __cy_region_init_size_ram = (_edata - ADDR (.data))
                0x00000048                __cy_region_zero_size_ram = (_end - _edata)

.heap           0x20000198       0x80 load address 0x00000b98
                0x20000198                . = _end
                0x20000218                . = (. + 0x80)
 *fill*         0x20000198       0x80 
                0x20000218                __cy_heap_limit = .

.stack          0x20007800      0x800
                0x20007800                __cy_stack_limit = .
                0x20008000                . = (. + 0x800)
 *fill*         0x20007800      0x800 
                0x00000001                ASSERT ((__cy_stack_limit >= __cy_heap_limit), region RAM overflowed with stack)
                0x00000000                cy_checksum_exclude_size = (CY_APPL_LOADABLE == 0x1)?SIZEOF (.cy_checksum_exclude):0x0
                0x00000001                ASSERT ((cy_checksum_exclude_size <= CY_CHECKSUM_EXCLUDE_SIZE), CY_BOOT: Section .cy_checksum_exclude size exceedes specified limit.)
                0x0003ffc0                cyloadermeta_start = (cy_project_type_bootloader || cy_project_type_app_for_stack_and_copier)?(0x40000 - CY_METADATA_SIZE):0xf0000000

.cyloadermeta
 *(.cyloadermeta)
                0x0003ffc0                cyloadablemeta_start = cy_project_type_app_for_stack_and_copier?((0x40000 - CY_FLASH_ROW_SIZE) - CY_METADATA_SIZE):((0x40000 - (CY_FLASH_ROW_SIZE * (CY_APPL_NUM - 0x1))) - CY_METADATA_SIZE)

.cyloadablemeta
 *(.cyloadablemeta)

.cyflashprotect
                0x90400000       0x80
 *(.cyflashprotect)
 .cyflashprotect
                0x90400000       0x80 .\CortexM0\ARM_GCC_493\Debug\cymetadata.o
                0x90400000                cy_meta_flashprotect

.cymeta         0x90500000        0xc
 *(.cymeta)
 .cymeta        0x90500000        0xc .\CortexM0\ARM_GCC_493\Debug\cymetadata.o
                0x90500000                cy_metadata

.cychipprotect  0x90600000        0x4
 *(.cychipprotect)
 .cychipprotect
                0x90600000        0x4 .\CortexM0\ARM_GCC_493\Debug\cymetadata.o
                0x90600000                cy_meta_chipprotect

.rel.dyn        0x00000b98        0x0 load address 0x90600004
 .rel.iplt      0x00000000        0x0 c:/program files (x86)/cypress/psoc creator/4.0/psoc creator/import/gnu/arm/4.9.3/bin/../lib/gcc/arm-none-eabi/4.9.3/armv6-m/crtbegin.o

.stab
 *(.stab)

.stabstr
 *(.stabstr)

.debug
 *(.debug)

.line
 *(.line)

.debug_srcinfo
 *(.debug_srcinfo)

.debug_sfnames
 *(.debug_sfnames)

.debug_aranges  0x00000000      0x790
 *(.debug_aranges)
 .debug_aranges
                0x00000000       0x38 .\CortexM0\ARM_GCC_493\Debug\main.o
 .debug_aranges
                0x00000038       0x18 .\CortexM0\ARM_GCC_493\Debug\cymetadata.o
 .debug_aranges
                0x00000050       0x48 .\CortexM0\ARM_GCC_493\Debug\Cm0Start.o
 .debug_aranges
                0x00000098       0x40 .\CortexM0\ARM_GCC_493\Debug\ButtonTest.a(cyfitter_cfg.o)
 .debug_aranges
                0x000000d8      0x1d0 .\CortexM0\ARM_GCC_493\Debug\ButtonTest.a(CyLib.o)
 .debug_aranges
                0x000002a8      0x188 .\CortexM0\ARM_GCC_493\Debug\ButtonTest.a(CyLFClk.o)
 .debug_aranges
                0x00000430       0x48 .\CortexM0\ARM_GCC_493\Debug\ButtonTest.a(Button_Left.o)
 .debug_aranges
                0x00000478       0x48 .\CortexM0\ARM_GCC_493\Debug\ButtonTest.a(LED_Red_2.o)
 .debug_aranges
                0x000004c0       0x80 .\CortexM0\ARM_GCC_493\Debug\ButtonTest.a(Button_Left_Int.o)
 .debug_aranges
                0x00000540       0x48 .\CortexM0\ARM_GCC_493\Debug\ButtonTest.a(LED_Red_1.o)
 .debug_aranges
                0x00000588       0x48 .\CortexM0\ARM_GCC_493\Debug\ButtonTest.a(Button_Right.o)
 .debug_aranges
                0x000005d0       0x80 .\CortexM0\ARM_GCC_493\Debug\ButtonTest.a(Button_Right_Int.o)
 .debug_aranges
                0x00000650       0x48 .\CortexM0\ARM_GCC_493\Debug\ButtonTest.a(LED_Yellow_2.o)
 .debug_aranges
                0x00000698       0x48 .\CortexM0\ARM_GCC_493\Debug\ButtonTest.a(LED_Yellow_1.o)
 .debug_aranges
                0x000006e0       0x48 .\CortexM0\ARM_GCC_493\Debug\ButtonTest.a(LED_Green_2.o)
 .debug_aranges
                0x00000728       0x48 .\CortexM0\ARM_GCC_493\Debug\ButtonTest.a(LED_Green_1.o)
 .debug_aranges
                0x00000770       0x20 .\CortexM0\ARM_GCC_493\Debug\ButtonTest.a(CyBootAsmGnu.o)

.debug_pubnames
 *(.debug_pubnames)

.debug_info     0x00000000     0x3cde
 *(.debug_info .gnu.linkonce.wi.*)
 .debug_info    0x00000000      0x266 .\CortexM0\ARM_GCC_493\Debug\main.o
 .debug_info    0x00000266       0xfe .\CortexM0\ARM_GCC_493\Debug\cymetadata.o
 .debug_info    0x00000364      0x39a .\CortexM0\ARM_GCC_493\Debug\Cm0Start.o
 .debug_info    0x000006fe      0x495 .\CortexM0\ARM_GCC_493\Debug\ButtonTest.a(cyfitter_cfg.o)
 .debug_info    0x00000b93      0xd46 .\CortexM0\ARM_GCC_493\Debug\ButtonTest.a(CyLib.o)
 .debug_info    0x000018d9     0x106f .\CortexM0\ARM_GCC_493\Debug\ButtonTest.a(CyLFClk.o)
 .debug_info    0x00002948      0x19b .\CortexM0\ARM_GCC_493\Debug\ButtonTest.a(Button_Left.o)
 .debug_info    0x00002ae3      0x19d .\CortexM0\ARM_GCC_493\Debug\ButtonTest.a(LED_Red_2.o)
 .debug_info    0x00002c80      0x300 .\CortexM0\ARM_GCC_493\Debug\ButtonTest.a(Button_Left_Int.o)
 .debug_info    0x00002f80      0x19b .\CortexM0\ARM_GCC_493\Debug\ButtonTest.a(LED_Red_1.o)
 .debug_info    0x0000311b      0x19d .\CortexM0\ARM_GCC_493\Debug\ButtonTest.a(Button_Right.o)
 .debug_info    0x000032b8      0x300 .\CortexM0\ARM_GCC_493\Debug\ButtonTest.a(Button_Right_Int.o)
 .debug_info    0x000035b8      0x19d .\CortexM0\ARM_GCC_493\Debug\ButtonTest.a(LED_Yellow_2.o)
 .debug_info    0x00003755      0x19d .\CortexM0\ARM_GCC_493\Debug\ButtonTest.a(LED_Yellow_1.o)
 .debug_info    0x000038f2      0x19d .\CortexM0\ARM_GCC_493\Debug\ButtonTest.a(LED_Green_2.o)
 .debug_info    0x00003a8f      0x19d .\CortexM0\ARM_GCC_493\Debug\ButtonTest.a(LED_Green_1.o)
 .debug_info    0x00003c2c       0xb2 .\CortexM0\ARM_GCC_493\Debug\ButtonTest.a(CyBootAsmGnu.o)

.debug_abbrev   0x00000000     0x139d
 *(.debug_abbrev)
 .debug_abbrev  0x00000000      0x122 .\CortexM0\ARM_GCC_493\Debug\main.o
 .debug_abbrev  0x00000122       0x5d .\CortexM0\ARM_GCC_493\Debug\cymetadata.o
 .debug_abbrev  0x0000017f      0x1e6 .\CortexM0\ARM_GCC_493\Debug\Cm0Start.o
 .debug_abbrev  0x00000365      0x1fc .\CortexM0\ARM_GCC_493\Debug\ButtonTest.a(cyfitter_cfg.o)
 .debug_abbrev  0x00000561      0x20d .\CortexM0\ARM_GCC_493\Debug\ButtonTest.a(CyLib.o)
 .debug_abbrev  0x0000076e      0x273 .\CortexM0\ARM_GCC_493\Debug\ButtonTest.a(CyLFClk.o)
 .debug_abbrev  0x000009e1       0xc8 .\CortexM0\ARM_GCC_493\Debug\ButtonTest.a(Button_Left.o)
 .debug_abbrev  0x00000aa9       0xc8 .\CortexM0\ARM_GCC_493\Debug\ButtonTest.a(LED_Red_2.o)
 .debug_abbrev  0x00000b71      0x1b4 .\CortexM0\ARM_GCC_493\Debug\ButtonTest.a(Button_Left_Int.o)
 .debug_abbrev  0x00000d25       0xc8 .\CortexM0\ARM_GCC_493\Debug\ButtonTest.a(LED_Red_1.o)
 .debug_abbrev  0x00000ded       0xc8 .\CortexM0\ARM_GCC_493\Debug\ButtonTest.a(Button_Right.o)
 .debug_abbrev  0x00000eb5      0x1b4 .\CortexM0\ARM_GCC_493\Debug\ButtonTest.a(Button_Right_Int.o)
 .debug_abbrev  0x00001069       0xc8 .\CortexM0\ARM_GCC_493\Debug\ButtonTest.a(LED_Yellow_2.o)
 .debug_abbrev  0x00001131       0xc8 .\CortexM0\ARM_GCC_493\Debug\ButtonTest.a(LED_Yellow_1.o)
 .debug_abbrev  0x000011f9       0xc8 .\CortexM0\ARM_GCC_493\Debug\ButtonTest.a(LED_Green_2.o)
 .debug_abbrev  0x000012c1       0xc8 .\CortexM0\ARM_GCC_493\Debug\ButtonTest.a(LED_Green_1.o)
 .debug_abbrev  0x00001389       0x14 .\CortexM0\ARM_GCC_493\Debug\ButtonTest.a(CyBootAsmGnu.o)

.debug_line     0x00000000     0x19e7
 *(.debug_line)
 .debug_line    0x00000000      0x156 .\CortexM0\ARM_GCC_493\Debug\main.o
 .debug_line    0x00000156       0x51 .\CortexM0\ARM_GCC_493\Debug\cymetadata.o
 .debug_line    0x000001a7      0x24f .\CortexM0\ARM_GCC_493\Debug\Cm0Start.o
 .debug_line    0x000003f6      0x18e .\CortexM0\ARM_GCC_493\Debug\ButtonTest.a(cyfitter_cfg.o)
 .debug_line    0x00000584      0x553 .\CortexM0\ARM_GCC_493\Debug\ButtonTest.a(CyLib.o)
 .debug_line    0x00000ad7      0x5dc .\CortexM0\ARM_GCC_493\Debug\ButtonTest.a(CyLFClk.o)
 .debug_line    0x000010b3       0xc2 .\CortexM0\ARM_GCC_493\Debug\ButtonTest.a(Button_Left.o)
 .debug_line    0x00001175       0xc1 .\CortexM0\ARM_GCC_493\Debug\ButtonTest.a(LED_Red_2.o)
 .debug_line    0x00001236      0x15b .\CortexM0\ARM_GCC_493\Debug\ButtonTest.a(Button_Left_Int.o)
 .debug_line    0x00001391       0xc0 .\CortexM0\ARM_GCC_493\Debug\ButtonTest.a(LED_Red_1.o)
 .debug_line    0x00001451       0xc4 .\CortexM0\ARM_GCC_493\Debug\ButtonTest.a(Button_Right.o)
 .debug_line    0x00001515      0x15c .\CortexM0\ARM_GCC_493\Debug\ButtonTest.a(Button_Right_Int.o)
 .debug_line    0x00001671       0xc4 .\CortexM0\ARM_GCC_493\Debug\ButtonTest.a(LED_Yellow_2.o)
 .debug_line    0x00001735       0xc4 .\CortexM0\ARM_GCC_493\Debug\ButtonTest.a(LED_Yellow_1.o)
 .debug_line    0x000017f9       0xc3 .\CortexM0\ARM_GCC_493\Debug\ButtonTest.a(LED_Green_2.o)
 .debug_line    0x000018bc       0xc3 .\CortexM0\ARM_GCC_493\Debug\ButtonTest.a(LED_Green_1.o)
 .debug_line    0x0000197f       0x68 .\CortexM0\ARM_GCC_493\Debug\ButtonTest.a(CyBootAsmGnu.o)

.debug_frame    0x00000000     0x1198
 *(.debug_frame)
 .debug_frame   0x00000000       0x80 .\CortexM0\ARM_GCC_493\Debug\main.o
 .debug_frame   0x00000080       0xbc .\CortexM0\ARM_GCC_493\Debug\Cm0Start.o
 .debug_frame   0x0000013c       0x9c .\CortexM0\ARM_GCC_493\Debug\ButtonTest.a(cyfitter_cfg.o)
 .debug_frame   0x000001d8      0x4a4 .\CortexM0\ARM_GCC_493\Debug\ButtonTest.a(CyLib.o)
 .debug_frame   0x0000067c      0x4a8 .\CortexM0\ARM_GCC_493\Debug\ButtonTest.a(CyLFClk.o)
 .debug_frame   0x00000b24       0x70 .\CortexM0\ARM_GCC_493\Debug\ButtonTest.a(Button_Left.o)
 .debug_frame   0x00000b94       0x70 .\CortexM0\ARM_GCC_493\Debug\ButtonTest.a(LED_Red_2.o)
 .debug_frame   0x00000c04      0x110 .\CortexM0\ARM_GCC_493\Debug\ButtonTest.a(Button_Left_Int.o)
 .debug_frame   0x00000d14       0x70 .\CortexM0\ARM_GCC_493\Debug\ButtonTest.a(LED_Red_1.o)
 .debug_frame   0x00000d84       0x70 .\CortexM0\ARM_GCC_493\Debug\ButtonTest.a(Button_Right.o)
 .debug_frame   0x00000df4      0x110 .\CortexM0\ARM_GCC_493\Debug\ButtonTest.a(Button_Right_Int.o)
 .debug_frame   0x00000f04       0x70 .\CortexM0\ARM_GCC_493\Debug\ButtonTest.a(LED_Yellow_2.o)
 .debug_frame   0x00000f74       0x70 .\CortexM0\ARM_GCC_493\Debug\ButtonTest.a(LED_Yellow_1.o)
 .debug_frame   0x00000fe4       0x70 .\CortexM0\ARM_GCC_493\Debug\ButtonTest.a(LED_Green_2.o)
 .debug_frame   0x00001054       0x70 .\CortexM0\ARM_GCC_493\Debug\ButtonTest.a(LED_Green_1.o)
 .debug_frame   0x000010c4       0x20 c:/program files (x86)/cypress/psoc creator/4.0/psoc creator/import/gnu/arm/4.9.3/bin/../lib/gcc/arm-none-eabi/4.9.3/armv6-m\libgcc.a(_udivsi3.o)
 .debug_frame   0x000010e4       0x20 c:/program files (x86)/cypress/psoc creator/4.0/psoc creator/import/gnu/arm/4.9.3/bin/../lib/gcc/arm-none-eabi/4.9.3/armv6-m\libgcc.a(_divsi3.o)
 .debug_frame   0x00001104       0x20 c:/program files (x86)/cypress/psoc creator/4.0/psoc creator/import/gnu/arm/4.9.3/bin/../lib/gcc/arm-none-eabi/4.9.3/../../../../arm-none-eabi/lib/armv6-m\libg_nano.a(lib_a-errno.o)
 .debug_frame   0x00001124       0x28 c:/program files (x86)/cypress/psoc creator/4.0/psoc creator/import/gnu/arm/4.9.3/bin/../lib/gcc/arm-none-eabi/4.9.3/../../../../arm-none-eabi/lib/armv6-m\libg_nano.a(lib_a-exit.o)
 .debug_frame   0x0000114c       0x2c c:/program files (x86)/cypress/psoc creator/4.0/psoc creator/import/gnu/arm/4.9.3/bin/../lib/gcc/arm-none-eabi/4.9.3/../../../../arm-none-eabi/lib/armv6-m\libg_nano.a(lib_a-init.o)
 .debug_frame   0x00001178       0x20 c:/program files (x86)/cypress/psoc creator/4.0/psoc creator/import/gnu/arm/4.9.3/bin/../lib/gcc/arm-none-eabi/4.9.3/../../../../arm-none-eabi/lib/armv6-m\libg_nano.a(lib_a-memset.o)

.debug_str      0x00000000     0x1a34
 *(.debug_str)
 .debug_str     0x00000000      0x285 .\CortexM0\ARM_GCC_493\Debug\main.o
                                0x2be (size before relaxing)
 .debug_str     0x00000285       0x59 .\CortexM0\ARM_GCC_493\Debug\cymetadata.o
                                0x1f0 (size before relaxing)
 .debug_str     0x000002de      0x154 .\CortexM0\ARM_GCC_493\Debug\Cm0Start.o
                                0x317 (size before relaxing)
 .debug_str     0x00000432      0x166 .\CortexM0\ARM_GCC_493\Debug\ButtonTest.a(cyfitter_cfg.o)
                                0x354 (size before relaxing)
 .debug_str     0x00000598      0x5dc .\CortexM0\ARM_GCC_493\Debug\ButtonTest.a(CyLib.o)
                                0x81c (size before relaxing)
 .debug_str     0x00000b74      0x6ec .\CortexM0\ARM_GCC_493\Debug\ButtonTest.a(CyLFClk.o)
                                0x94e (size before relaxing)
 .debug_str     0x00001260       0xba .\CortexM0\ARM_GCC_493\Debug\ButtonTest.a(Button_Left.o)
                                0x282 (size before relaxing)
 .debug_str     0x0000131a       0x93 .\CortexM0\ARM_GCC_493\Debug\ButtonTest.a(LED_Red_2.o)
                                0x274 (size before relaxing)
 .debug_str     0x000013ad      0x169 .\CortexM0\ARM_GCC_493\Debug\ButtonTest.a(Button_Left_Int.o)
                                0x38c (size before relaxing)
 .debug_str     0x00001516       0x93 .\CortexM0\ARM_GCC_493\Debug\ButtonTest.a(LED_Red_1.o)
                                0x274 (size before relaxing)
 .debug_str     0x000015a9       0x9c .\CortexM0\ARM_GCC_493\Debug\ButtonTest.a(Button_Right.o)
                                0x289 (size before relaxing)
 .debug_str     0x00001645      0x167 .\CortexM0\ARM_GCC_493\Debug\ButtonTest.a(Button_Right_Int.o)
                                0x39a (size before relaxing)
 .debug_str     0x000017ac       0xa5 .\CortexM0\ARM_GCC_493\Debug\ButtonTest.a(LED_Yellow_2.o)
                                0x289 (size before relaxing)
 .debug_str     0x00001851       0xa5 .\CortexM0\ARM_GCC_493\Debug\ButtonTest.a(LED_Yellow_1.o)
                                0x289 (size before relaxing)
 .debug_str     0x000018f6       0x9f .\CortexM0\ARM_GCC_493\Debug\ButtonTest.a(LED_Green_2.o)
                                0x282 (size before relaxing)
 .debug_str     0x00001995       0x9f .\CortexM0\ARM_GCC_493\Debug\ButtonTest.a(LED_Green_1.o)
                                0x282 (size before relaxing)

.debug_loc      0x00000000     0x1e4d
 *(.debug_loc)
 .debug_loc     0x00000000       0x2c .\CortexM0\ARM_GCC_493\Debug\main.o
 .debug_loc     0x0000002c      0x14f .\CortexM0\ARM_GCC_493\Debug\Cm0Start.o
 .debug_loc     0x0000017b      0x118 .\CortexM0\ARM_GCC_493\Debug\ButtonTest.a(cyfitter_cfg.o)
 .debug_loc     0x00000293      0x834 .\CortexM0\ARM_GCC_493\Debug\ButtonTest.a(CyLib.o)
 .debug_loc     0x00000ac7      0xdb4 .\CortexM0\ARM_GCC_493\Debug\ButtonTest.a(CyLFClk.o)
 .debug_loc     0x0000187b       0x81 .\CortexM0\ARM_GCC_493\Debug\ButtonTest.a(Button_Left.o)
 .debug_loc     0x000018fc       0xa2 .\CortexM0\ARM_GCC_493\Debug\ButtonTest.a(LED_Red_2.o)
 .debug_loc     0x0000199e       0x82 .\CortexM0\ARM_GCC_493\Debug\ButtonTest.a(Button_Left_Int.o)
 .debug_loc     0x00001a20       0x81 .\CortexM0\ARM_GCC_493\Debug\ButtonTest.a(LED_Red_1.o)
 .debug_loc     0x00001aa1       0xa2 .\CortexM0\ARM_GCC_493\Debug\ButtonTest.a(Button_Right.o)
 .debug_loc     0x00001b43       0x82 .\CortexM0\ARM_GCC_493\Debug\ButtonTest.a(Button_Right_Int.o)
 .debug_loc     0x00001bc5       0xa2 .\CortexM0\ARM_GCC_493\Debug\ButtonTest.a(LED_Yellow_2.o)
 .debug_loc     0x00001c67       0xa2 .\CortexM0\ARM_GCC_493\Debug\ButtonTest.a(LED_Yellow_1.o)
 .debug_loc     0x00001d09       0xa2 .\CortexM0\ARM_GCC_493\Debug\ButtonTest.a(LED_Green_2.o)
 .debug_loc     0x00001dab       0xa2 .\CortexM0\ARM_GCC_493\Debug\ButtonTest.a(LED_Green_1.o)

.debug_macinfo
 *(.debug_macinfo)

.debug_ranges   0x00000000      0x668
 *(.debug_ranges)
 .debug_ranges  0x00000000       0x28 .\CortexM0\ARM_GCC_493\Debug\main.o
 .debug_ranges  0x00000028       0x38 .\CortexM0\ARM_GCC_493\Debug\Cm0Start.o
 .debug_ranges  0x00000060       0x30 .\CortexM0\ARM_GCC_493\Debug\ButtonTest.a(cyfitter_cfg.o)
 .debug_ranges  0x00000090      0x1c0 .\CortexM0\ARM_GCC_493\Debug\ButtonTest.a(CyLib.o)
 .debug_ranges  0x00000250      0x178 .\CortexM0\ARM_GCC_493\Debug\ButtonTest.a(CyLFClk.o)
 .debug_ranges  0x000003c8       0x38 .\CortexM0\ARM_GCC_493\Debug\ButtonTest.a(Button_Left.o)
 .debug_ranges  0x00000400       0x38 .\CortexM0\ARM_GCC_493\Debug\ButtonTest.a(LED_Red_2.o)
 .debug_ranges  0x00000438       0x70 .\CortexM0\ARM_GCC_493\Debug\ButtonTest.a(Button_Left_Int.o)
 .debug_ranges  0x000004a8       0x38 .\CortexM0\ARM_GCC_493\Debug\ButtonTest.a(LED_Red_1.o)
 .debug_ranges  0x000004e0       0x38 .\CortexM0\ARM_GCC_493\Debug\ButtonTest.a(Button_Right.o)
 .debug_ranges  0x00000518       0x70 .\CortexM0\ARM_GCC_493\Debug\ButtonTest.a(Button_Right_Int.o)
 .debug_ranges  0x00000588       0x38 .\CortexM0\ARM_GCC_493\Debug\ButtonTest.a(LED_Yellow_2.o)
 .debug_ranges  0x000005c0       0x38 .\CortexM0\ARM_GCC_493\Debug\ButtonTest.a(LED_Yellow_1.o)
 .debug_ranges  0x000005f8       0x38 .\CortexM0\ARM_GCC_493\Debug\ButtonTest.a(LED_Green_2.o)
 .debug_ranges  0x00000630       0x38 .\CortexM0\ARM_GCC_493\Debug\ButtonTest.a(LED_Green_1.o)

.comment        0x00000000       0x70
 .comment       0x00000000       0x70 .\CortexM0\ARM_GCC_493\Debug\main.o
                                 0x71 (size before relaxing)
 .comment       0x00000000       0x71 .\CortexM0\ARM_GCC_493\Debug\cymetadata.o
 .comment       0x00000000       0x71 .\CortexM0\ARM_GCC_493\Debug\Cm0Start.o
 .comment       0x00000000       0x71 .\CortexM0\ARM_GCC_493\Debug\ButtonTest.a(cyfitter_cfg.o)
 .comment       0x00000000       0x71 .\CortexM0\ARM_GCC_493\Debug\ButtonTest.a(CyLib.o)
 .comment       0x00000000       0x71 .\CortexM0\ARM_GCC_493\Debug\ButtonTest.a(CyLFClk.o)
 .comment       0x00000000       0x71 .\CortexM0\ARM_GCC_493\Debug\ButtonTest.a(Button_Left.o)
 .comment       0x00000000       0x71 .\CortexM0\ARM_GCC_493\Debug\ButtonTest.a(LED_Red_2.o)
 .comment       0x00000000       0x71 .\CortexM0\ARM_GCC_493\Debug\ButtonTest.a(Button_Left_Int.o)
 .comment       0x00000000       0x71 .\CortexM0\ARM_GCC_493\Debug\ButtonTest.a(LED_Red_1.o)
 .comment       0x00000000       0x71 .\CortexM0\ARM_GCC_493\Debug\ButtonTest.a(Button_Right.o)
 .comment       0x00000000       0x71 .\CortexM0\ARM_GCC_493\Debug\ButtonTest.a(Button_Right_Int.o)
 .comment       0x00000000       0x71 .\CortexM0\ARM_GCC_493\Debug\ButtonTest.a(LED_Yellow_2.o)
 .comment       0x00000000       0x71 .\CortexM0\ARM_GCC_493\Debug\ButtonTest.a(LED_Yellow_1.o)
 .comment       0x00000000       0x71 .\CortexM0\ARM_GCC_493\Debug\ButtonTest.a(LED_Green_2.o)
 .comment       0x00000000       0x71 .\CortexM0\ARM_GCC_493\Debug\ButtonTest.a(LED_Green_1.o)

.debug_weaknames
 *(.debug_weaknames)

.debug_funcnames
 *(.debug_funcnames)

.debug_typenames
 *(.debug_typenames)

.debug_varnames
 *(.debug_varnames)

.note.gnu.arm.ident
 *(.note.gnu.arm.ident)

.ARM.attributes
                0x00000000       0x28
 *(.ARM.attributes)
 .ARM.attributes
                0x00000000       0x1e c:/program files (x86)/cypress/psoc creator/4.0/psoc creator/import/gnu/arm/4.9.3/bin/../lib/gcc/arm-none-eabi/4.9.3/armv6-m/crti.o
 .ARM.attributes
                0x0000001e       0x2c c:/program files (x86)/cypress/psoc creator/4.0/psoc creator/import/gnu/arm/4.9.3/bin/../lib/gcc/arm-none-eabi/4.9.3/armv6-m/crtbegin.o
 .ARM.attributes
                0x0000004a       0x1b c:/program files (x86)/cypress/psoc creator/4.0/psoc creator/import/gnu/arm/4.9.3/bin/../lib/gcc/arm-none-eabi/4.9.3/../../../../arm-none-eabi/lib/armv6-m/crt0.o
 .ARM.attributes
                0x00000065       0x31 .\CortexM0\ARM_GCC_493\Debug\main.o
 .ARM.attributes
                0x00000096       0x31 .\CortexM0\ARM_GCC_493\Debug\cymetadata.o
 .ARM.attributes
                0x000000c7       0x31 .\CortexM0\ARM_GCC_493\Debug\Cm0Start.o
 .ARM.attributes
                0x000000f8       0x31 .\CortexM0\ARM_GCC_493\Debug\ButtonTest.a(cyfitter_cfg.o)
 .ARM.attributes
                0x00000129       0x31 .\CortexM0\ARM_GCC_493\Debug\ButtonTest.a(CyLib.o)
 .ARM.attributes
                0x0000015a       0x31 .\CortexM0\ARM_GCC_493\Debug\ButtonTest.a(CyLFClk.o)
 .ARM.attributes
                0x0000018b       0x31 .\CortexM0\ARM_GCC_493\Debug\ButtonTest.a(Button_Left.o)
 .ARM.attributes
                0x000001bc       0x31 .\CortexM0\ARM_GCC_493\Debug\ButtonTest.a(LED_Red_2.o)
 .ARM.attributes
                0x000001ed       0x31 .\CortexM0\ARM_GCC_493\Debug\ButtonTest.a(Button_Left_Int.o)
 .ARM.attributes
                0x0000021e       0x31 .\CortexM0\ARM_GCC_493\Debug\ButtonTest.a(LED_Red_1.o)
 .ARM.attributes
                0x0000024f       0x31 .\CortexM0\ARM_GCC_493\Debug\ButtonTest.a(Button_Right.o)
 .ARM.attributes
                0x00000280       0x31 .\CortexM0\ARM_GCC_493\Debug\ButtonTest.a(Button_Right_Int.o)
 .ARM.attributes
                0x000002b1       0x31 .\CortexM0\ARM_GCC_493\Debug\ButtonTest.a(LED_Yellow_2.o)
 .ARM.attributes
                0x000002e2       0x31 .\CortexM0\ARM_GCC_493\Debug\ButtonTest.a(LED_Yellow_1.o)
 .ARM.attributes
                0x00000313       0x31 .\CortexM0\ARM_GCC_493\Debug\ButtonTest.a(LED_Green_2.o)
 .ARM.attributes
                0x00000344       0x31 .\CortexM0\ARM_GCC_493\Debug\ButtonTest.a(LED_Green_1.o)
 .ARM.attributes
                0x00000375       0x21 .\CortexM0\ARM_GCC_493\Debug\ButtonTest.a(CyBootAsmGnu.o)
 .ARM.attributes
                0x00000396       0x1e c:/program files (x86)/cypress/psoc creator/4.0/psoc creator/import/gnu/arm/4.9.3/bin/../lib/gcc/arm-none-eabi/4.9.3/armv6-m\libgcc.a(_udivsi3.o)
 .ARM.attributes
                0x000003b4       0x1e c:/program files (x86)/cypress/psoc creator/4.0/psoc creator/import/gnu/arm/4.9.3/bin/../lib/gcc/arm-none-eabi/4.9.3/armv6-m\libgcc.a(_divsi3.o)
 .ARM.attributes
                0x000003d2       0x1e c:/program files (x86)/cypress/psoc creator/4.0/psoc creator/import/gnu/arm/4.9.3/bin/../lib/gcc/arm-none-eabi/4.9.3/armv6-m\libgcc.a(_dvmd_tls.o)
 .ARM.attributes
                0x000003f0       0x2c c:/program files (x86)/cypress/psoc creator/4.0/psoc creator/import/gnu/arm/4.9.3/bin/../lib/gcc/arm-none-eabi/4.9.3/../../../../arm-none-eabi/lib/armv6-m\libg_nano.a(lib_a-errno.o)
 .ARM.attributes
                0x0000041c       0x2c c:/program files (x86)/cypress/psoc creator/4.0/psoc creator/import/gnu/arm/4.9.3/bin/../lib/gcc/arm-none-eabi/4.9.3/../../../../arm-none-eabi/lib/armv6-m\libg_nano.a(lib_a-exit.o)
 .ARM.attributes
                0x00000448       0x2c c:/program files (x86)/cypress/psoc creator/4.0/psoc creator/import/gnu/arm/4.9.3/bin/../lib/gcc/arm-none-eabi/4.9.3/../../../../arm-none-eabi/lib/armv6-m\libg_nano.a(lib_a-impure.o)
 .ARM.attributes
                0x00000474       0x2c c:/program files (x86)/cypress/psoc creator/4.0/psoc creator/import/gnu/arm/4.9.3/bin/../lib/gcc/arm-none-eabi/4.9.3/../../../../arm-none-eabi/lib/armv6-m\libg_nano.a(lib_a-init.o)
 .ARM.attributes
                0x000004a0       0x2c c:/program files (x86)/cypress/psoc creator/4.0/psoc creator/import/gnu/arm/4.9.3/bin/../lib/gcc/arm-none-eabi/4.9.3/../../../../arm-none-eabi/lib/armv6-m\libg_nano.a(lib_a-memset.o)
 .ARM.attributes
                0x000004cc       0x2c c:/program files (x86)/cypress/psoc creator/4.0/psoc creator/import/gnu/arm/4.9.3/bin/../lib/gcc/arm-none-eabi/4.9.3/armv6-m/crtend.o
 .ARM.attributes
                0x000004f8       0x1e c:/program files (x86)/cypress/psoc creator/4.0/psoc creator/import/gnu/arm/4.9.3/bin/../lib/gcc/arm-none-eabi/4.9.3/armv6-m/crtn.o

/DISCARD/
 *(.note.GNU-stack)
OUTPUT(.\CortexM0\ARM_GCC_493\Debug\ButtonTest.elf elf32-littlearm)
