ARM GAS  C:\Users\Sarah\AppData\Local\Temp\ccacYEl9.s 			page 1


   1              		.cpu cortex-m0
   2              		.fpu softvfp
   3              		.eabi_attribute 20, 1
   4              		.eabi_attribute 21, 1
   5              		.eabi_attribute 23, 3
   6              		.eabi_attribute 24, 1
   7              		.eabi_attribute 25, 1
   8              		.eabi_attribute 26, 1
   9              		.eabi_attribute 30, 1
  10              		.eabi_attribute 34, 0
  11              		.eabi_attribute 18, 4
  12              		.code	16
  13              		.file	"cyfitter_cfg.c"
  14              		.text
  15              	.Ltext0:
  16              		.cfi_sections	.debug_frame
  17              		.section	.text.AnalogSetDefault,"ax",%progbits
  18              		.align	2
  19              		.code	16
  20              		.thumb_func
  21              		.type	AnalogSetDefault, %function
  22              	AnalogSetDefault:
  23              	.LFB6:
  24              		.file 1 "Generated_Source\\PSoC4\\cyfitter_cfg.c"
   1:Generated_Source\PSoC4/cyfitter_cfg.c **** /*******************************************************************************
   2:Generated_Source\PSoC4/cyfitter_cfg.c **** * File Name: cyfitter_cfg.c
   3:Generated_Source\PSoC4/cyfitter_cfg.c **** * 
   4:Generated_Source\PSoC4/cyfitter_cfg.c **** * PSoC Creator  4.0 Update 1
   5:Generated_Source\PSoC4/cyfitter_cfg.c **** *
   6:Generated_Source\PSoC4/cyfitter_cfg.c **** * Description:
   7:Generated_Source\PSoC4/cyfitter_cfg.c **** * This file contains device initialization code.
   8:Generated_Source\PSoC4/cyfitter_cfg.c **** * Except for the user defined sections in CyClockStartupError(), this file should not be modified.
   9:Generated_Source\PSoC4/cyfitter_cfg.c **** * This file is automatically generated by PSoC Creator.
  10:Generated_Source\PSoC4/cyfitter_cfg.c **** *
  11:Generated_Source\PSoC4/cyfitter_cfg.c **** ********************************************************************************
  12:Generated_Source\PSoC4/cyfitter_cfg.c **** * Copyright (c) 2007-2016 Cypress Semiconductor.  All rights reserved.
  13:Generated_Source\PSoC4/cyfitter_cfg.c **** * You may use this file only in accordance with the license, terms, conditions, 
  14:Generated_Source\PSoC4/cyfitter_cfg.c **** * disclaimers, and limitations in the end user license agreement accompanying 
  15:Generated_Source\PSoC4/cyfitter_cfg.c **** * the software package with which this file was provided.
  16:Generated_Source\PSoC4/cyfitter_cfg.c **** ********************************************************************************/
  17:Generated_Source\PSoC4/cyfitter_cfg.c **** 
  18:Generated_Source\PSoC4/cyfitter_cfg.c **** #include <string.h>
  19:Generated_Source\PSoC4/cyfitter_cfg.c **** #include "cytypes.h"
  20:Generated_Source\PSoC4/cyfitter_cfg.c **** #include "cydevice_trm.h"
  21:Generated_Source\PSoC4/cyfitter_cfg.c **** #include "cyfitter.h"
  22:Generated_Source\PSoC4/cyfitter_cfg.c **** #include "CyLib.h"
  23:Generated_Source\PSoC4/cyfitter_cfg.c **** #include "CyLFClk.h"
  24:Generated_Source\PSoC4/cyfitter_cfg.c **** #include "cyfitter_cfg.h"
  25:Generated_Source\PSoC4/cyfitter_cfg.c **** #include "cyapicallbacks.h"
  26:Generated_Source\PSoC4/cyfitter_cfg.c **** 
  27:Generated_Source\PSoC4/cyfitter_cfg.c **** 
  28:Generated_Source\PSoC4/cyfitter_cfg.c **** #if defined(__GNUC__) || defined(__ARMCC_VERSION)
  29:Generated_Source\PSoC4/cyfitter_cfg.c ****     #define CYPACKED 
  30:Generated_Source\PSoC4/cyfitter_cfg.c ****     #define CYPACKED_ATTR __attribute__ ((packed))
  31:Generated_Source\PSoC4/cyfitter_cfg.c ****     #define CYALIGNED __attribute__ ((aligned))
  32:Generated_Source\PSoC4/cyfitter_cfg.c ****     #define CY_CFG_UNUSED __attribute__ ((unused))
  33:Generated_Source\PSoC4/cyfitter_cfg.c ****     #ifndef CY_CFG_SECTION
ARM GAS  C:\Users\Sarah\AppData\Local\Temp\ccacYEl9.s 			page 2


  34:Generated_Source\PSoC4/cyfitter_cfg.c ****         #define CY_CFG_SECTION __attribute__ ((section(".psocinit")))
  35:Generated_Source\PSoC4/cyfitter_cfg.c ****     #endif
  36:Generated_Source\PSoC4/cyfitter_cfg.c ****     
  37:Generated_Source\PSoC4/cyfitter_cfg.c ****     #if defined(__ARMCC_VERSION)
  38:Generated_Source\PSoC4/cyfitter_cfg.c ****         #define CY_CFG_MEMORY_BARRIER() __memory_changed()
  39:Generated_Source\PSoC4/cyfitter_cfg.c ****     #else
  40:Generated_Source\PSoC4/cyfitter_cfg.c ****         #define CY_CFG_MEMORY_BARRIER() __sync_synchronize()
  41:Generated_Source\PSoC4/cyfitter_cfg.c ****     #endif
  42:Generated_Source\PSoC4/cyfitter_cfg.c ****     
  43:Generated_Source\PSoC4/cyfitter_cfg.c **** #elif defined(__ICCARM__)
  44:Generated_Source\PSoC4/cyfitter_cfg.c ****     #include <intrinsics.h>
  45:Generated_Source\PSoC4/cyfitter_cfg.c **** 
  46:Generated_Source\PSoC4/cyfitter_cfg.c ****     #define CYPACKED __packed
  47:Generated_Source\PSoC4/cyfitter_cfg.c ****     #define CYPACKED_ATTR 
  48:Generated_Source\PSoC4/cyfitter_cfg.c ****     #define CYALIGNED _Pragma("data_alignment=4")
  49:Generated_Source\PSoC4/cyfitter_cfg.c ****     #define CY_CFG_UNUSED _Pragma("diag_suppress=Pe177")
  50:Generated_Source\PSoC4/cyfitter_cfg.c ****     #define CY_CFG_SECTION _Pragma("location=\".psocinit\"")
  51:Generated_Source\PSoC4/cyfitter_cfg.c ****     
  52:Generated_Source\PSoC4/cyfitter_cfg.c ****     #define CY_CFG_MEMORY_BARRIER() __DMB()
  53:Generated_Source\PSoC4/cyfitter_cfg.c ****     
  54:Generated_Source\PSoC4/cyfitter_cfg.c **** #else
  55:Generated_Source\PSoC4/cyfitter_cfg.c ****     #error Unsupported toolchain
  56:Generated_Source\PSoC4/cyfitter_cfg.c **** #endif
  57:Generated_Source\PSoC4/cyfitter_cfg.c **** 
  58:Generated_Source\PSoC4/cyfitter_cfg.c **** 
  59:Generated_Source\PSoC4/cyfitter_cfg.c **** CY_CFG_UNUSED
  60:Generated_Source\PSoC4/cyfitter_cfg.c **** static void CYMEMZERO(void *s, size_t n);
  61:Generated_Source\PSoC4/cyfitter_cfg.c **** CY_CFG_UNUSED
  62:Generated_Source\PSoC4/cyfitter_cfg.c **** static void CYMEMZERO(void *s, size_t n)
  63:Generated_Source\PSoC4/cyfitter_cfg.c **** {
  64:Generated_Source\PSoC4/cyfitter_cfg.c **** 	(void)memset(s, 0, n);
  65:Generated_Source\PSoC4/cyfitter_cfg.c **** }
  66:Generated_Source\PSoC4/cyfitter_cfg.c **** CY_CFG_UNUSED
  67:Generated_Source\PSoC4/cyfitter_cfg.c **** static void CYCONFIGCPY(void *dest, const void *src, size_t n);
  68:Generated_Source\PSoC4/cyfitter_cfg.c **** CY_CFG_UNUSED
  69:Generated_Source\PSoC4/cyfitter_cfg.c **** static void CYCONFIGCPY(void *dest, const void *src, size_t n)
  70:Generated_Source\PSoC4/cyfitter_cfg.c **** {
  71:Generated_Source\PSoC4/cyfitter_cfg.c **** 	(void)memcpy(dest, src, n);
  72:Generated_Source\PSoC4/cyfitter_cfg.c **** }
  73:Generated_Source\PSoC4/cyfitter_cfg.c **** CY_CFG_UNUSED
  74:Generated_Source\PSoC4/cyfitter_cfg.c **** static void CYCONFIGCPYCODE(void *dest, const void *src, size_t n);
  75:Generated_Source\PSoC4/cyfitter_cfg.c **** CY_CFG_UNUSED
  76:Generated_Source\PSoC4/cyfitter_cfg.c **** static void CYCONFIGCPYCODE(void *dest, const void *src, size_t n)
  77:Generated_Source\PSoC4/cyfitter_cfg.c **** {
  78:Generated_Source\PSoC4/cyfitter_cfg.c **** 	(void)memcpy(dest, src, n);
  79:Generated_Source\PSoC4/cyfitter_cfg.c **** }
  80:Generated_Source\PSoC4/cyfitter_cfg.c **** 
  81:Generated_Source\PSoC4/cyfitter_cfg.c **** 
  82:Generated_Source\PSoC4/cyfitter_cfg.c **** 
  83:Generated_Source\PSoC4/cyfitter_cfg.c **** 
  84:Generated_Source\PSoC4/cyfitter_cfg.c **** /* Clock startup error codes                                                   */
  85:Generated_Source\PSoC4/cyfitter_cfg.c **** #define CYCLOCKSTART_NO_ERROR    0u
  86:Generated_Source\PSoC4/cyfitter_cfg.c **** #define CYCLOCKSTART_XTAL_ERROR  1u
  87:Generated_Source\PSoC4/cyfitter_cfg.c **** #define CYCLOCKSTART_32KHZ_ERROR 2u
  88:Generated_Source\PSoC4/cyfitter_cfg.c **** #define CYCLOCKSTART_PLL_ERROR   3u
  89:Generated_Source\PSoC4/cyfitter_cfg.c **** 
  90:Generated_Source\PSoC4/cyfitter_cfg.c **** 
ARM GAS  C:\Users\Sarah\AppData\Local\Temp\ccacYEl9.s 			page 3


  91:Generated_Source\PSoC4/cyfitter_cfg.c **** #ifdef CY_NEED_CYCLOCKSTARTUPERROR
  92:Generated_Source\PSoC4/cyfitter_cfg.c **** /*******************************************************************************
  93:Generated_Source\PSoC4/cyfitter_cfg.c **** * Function Name: CyClockStartupError
  94:Generated_Source\PSoC4/cyfitter_cfg.c **** ********************************************************************************
  95:Generated_Source\PSoC4/cyfitter_cfg.c **** * Summary:
  96:Generated_Source\PSoC4/cyfitter_cfg.c **** *  If an error is encountered during clock configuration (crystal startup error,
  97:Generated_Source\PSoC4/cyfitter_cfg.c **** *  PLL lock error, etc.), the system will end up here.  Unless reimplemented by
  98:Generated_Source\PSoC4/cyfitter_cfg.c **** *  the customer, this function will stop in an infinite loop.
  99:Generated_Source\PSoC4/cyfitter_cfg.c **** *
 100:Generated_Source\PSoC4/cyfitter_cfg.c **** * Parameters:
 101:Generated_Source\PSoC4/cyfitter_cfg.c **** *   void
 102:Generated_Source\PSoC4/cyfitter_cfg.c **** *
 103:Generated_Source\PSoC4/cyfitter_cfg.c **** * Return:
 104:Generated_Source\PSoC4/cyfitter_cfg.c **** *   void
 105:Generated_Source\PSoC4/cyfitter_cfg.c **** *
 106:Generated_Source\PSoC4/cyfitter_cfg.c **** *******************************************************************************/
 107:Generated_Source\PSoC4/cyfitter_cfg.c **** CY_CFG_UNUSED
 108:Generated_Source\PSoC4/cyfitter_cfg.c **** static void CyClockStartupError(uint8 errorCode);
 109:Generated_Source\PSoC4/cyfitter_cfg.c **** CY_CFG_UNUSED
 110:Generated_Source\PSoC4/cyfitter_cfg.c **** static void CyClockStartupError(uint8 errorCode)
 111:Generated_Source\PSoC4/cyfitter_cfg.c **** {
 112:Generated_Source\PSoC4/cyfitter_cfg.c ****     /* To remove the compiler warning if errorCode not used.                */
 113:Generated_Source\PSoC4/cyfitter_cfg.c ****     errorCode = errorCode;
 114:Generated_Source\PSoC4/cyfitter_cfg.c **** 
 115:Generated_Source\PSoC4/cyfitter_cfg.c ****     /* If we have a clock startup error (bad MHz crystal, PLL lock, etc.),  */
 116:Generated_Source\PSoC4/cyfitter_cfg.c ****     /* we will end up here to allow the customer to implement something to  */
 117:Generated_Source\PSoC4/cyfitter_cfg.c ****     /* deal with the clock condition.                                       */
 118:Generated_Source\PSoC4/cyfitter_cfg.c **** 
 119:Generated_Source\PSoC4/cyfitter_cfg.c **** #ifdef CY_CFG_CLOCK_STARTUP_ERROR_CALLBACK
 120:Generated_Source\PSoC4/cyfitter_cfg.c **** 	CY_CFG_Clock_Startup_ErrorCallback();
 121:Generated_Source\PSoC4/cyfitter_cfg.c **** #else
 122:Generated_Source\PSoC4/cyfitter_cfg.c **** 	/*  If not using CY_CFG_CLOCK_STARTUP_ERROR_CALLBACK, place your clock startup code here. */
 123:Generated_Source\PSoC4/cyfitter_cfg.c ****     /* `#START CyClockStartupError` */
 124:Generated_Source\PSoC4/cyfitter_cfg.c **** 
 125:Generated_Source\PSoC4/cyfitter_cfg.c **** 
 126:Generated_Source\PSoC4/cyfitter_cfg.c **** 
 127:Generated_Source\PSoC4/cyfitter_cfg.c ****     /* `#END` */
 128:Generated_Source\PSoC4/cyfitter_cfg.c **** 
 129:Generated_Source\PSoC4/cyfitter_cfg.c ****     /* If nothing else, stop here since the clocks have not started         */
 130:Generated_Source\PSoC4/cyfitter_cfg.c ****     /* correctly.                                                           */
 131:Generated_Source\PSoC4/cyfitter_cfg.c ****     while(1) {}
 132:Generated_Source\PSoC4/cyfitter_cfg.c **** #endif /* CY_CFG_CLOCK_STARTUP_ERROR_CALLBACK */ 
 133:Generated_Source\PSoC4/cyfitter_cfg.c **** }
 134:Generated_Source\PSoC4/cyfitter_cfg.c **** #endif
 135:Generated_Source\PSoC4/cyfitter_cfg.c **** 
 136:Generated_Source\PSoC4/cyfitter_cfg.c **** 
 137:Generated_Source\PSoC4/cyfitter_cfg.c **** 
 138:Generated_Source\PSoC4/cyfitter_cfg.c **** /*******************************************************************************
 139:Generated_Source\PSoC4/cyfitter_cfg.c **** * Function Name: ClockSetup
 140:Generated_Source\PSoC4/cyfitter_cfg.c **** ********************************************************************************
 141:Generated_Source\PSoC4/cyfitter_cfg.c **** *
 142:Generated_Source\PSoC4/cyfitter_cfg.c **** * Summary:
 143:Generated_Source\PSoC4/cyfitter_cfg.c **** *   Performs the initialization of all of the clocks in the device based on the
 144:Generated_Source\PSoC4/cyfitter_cfg.c **** *   settings in the Clock tab of the DWR.  This includes enabling the requested
 145:Generated_Source\PSoC4/cyfitter_cfg.c **** *   clocks and setting the necessary dividers to produce the desired frequency. 
 146:Generated_Source\PSoC4/cyfitter_cfg.c **** *
 147:Generated_Source\PSoC4/cyfitter_cfg.c **** * Parameters:
ARM GAS  C:\Users\Sarah\AppData\Local\Temp\ccacYEl9.s 			page 4


 148:Generated_Source\PSoC4/cyfitter_cfg.c **** *   void
 149:Generated_Source\PSoC4/cyfitter_cfg.c **** *
 150:Generated_Source\PSoC4/cyfitter_cfg.c **** * Return:
 151:Generated_Source\PSoC4/cyfitter_cfg.c **** *   void
 152:Generated_Source\PSoC4/cyfitter_cfg.c **** *
 153:Generated_Source\PSoC4/cyfitter_cfg.c **** *******************************************************************************/
 154:Generated_Source\PSoC4/cyfitter_cfg.c **** static void ClockSetup(void);
 155:Generated_Source\PSoC4/cyfitter_cfg.c **** CY_CFG_SECTION
 156:Generated_Source\PSoC4/cyfitter_cfg.c **** static void ClockSetup(void)
 157:Generated_Source\PSoC4/cyfitter_cfg.c **** {
 158:Generated_Source\PSoC4/cyfitter_cfg.c **** 
 159:Generated_Source\PSoC4/cyfitter_cfg.c **** 	/* Set Flash Cycles based on max possible frequency in case a glitch occurs during ClockSetup(). *
 160:Generated_Source\PSoC4/cyfitter_cfg.c **** 	CY_SET_REG32((void CYXDATA *)(CYREG_CPUSS_FLASH_CTL), (0x0012u));
 161:Generated_Source\PSoC4/cyfitter_cfg.c **** 
 162:Generated_Source\PSoC4/cyfitter_cfg.c **** 	/* Start the WCO */
 163:Generated_Source\PSoC4/cyfitter_cfg.c **** 	CySysClkWcoStart();
 164:Generated_Source\PSoC4/cyfitter_cfg.c **** 	CyDelayCycles(12000000u); /* WCO may take up to 500ms to start */
 165:Generated_Source\PSoC4/cyfitter_cfg.c **** 	(void)CySysClkWcoSetPowerMode(CY_SYS_CLK_WCO_LPM);    /* Switch to the low power mode */
 166:Generated_Source\PSoC4/cyfitter_cfg.c **** 
 167:Generated_Source\PSoC4/cyfitter_cfg.c **** 	/* Setup and trim IMO based on desired frequency. */
 168:Generated_Source\PSoC4/cyfitter_cfg.c **** 	CySysClkWriteImoFreq(48u);
 169:Generated_Source\PSoC4/cyfitter_cfg.c **** 	/* CYDEV_CLK_ILO_CONFIG Starting address: CYDEV_CLK_ILO_CONFIG */
 170:Generated_Source\PSoC4/cyfitter_cfg.c **** 	CY_SET_XTND_REG32((void CYFAR *)(CYREG_CLK_ILO_CONFIG), 0x80000006u);
 171:Generated_Source\PSoC4/cyfitter_cfg.c **** 
 172:Generated_Source\PSoC4/cyfitter_cfg.c **** 	/* CYDEV_WDT_CONFIG Starting address: CYDEV_WDT_CONFIG */
 173:Generated_Source\PSoC4/cyfitter_cfg.c **** 	CY_SET_XTND_REG32((void CYFAR *)(CYREG_WDT_CONFIG), 0x40000000u);
 174:Generated_Source\PSoC4/cyfitter_cfg.c **** 
 175:Generated_Source\PSoC4/cyfitter_cfg.c **** 
 176:Generated_Source\PSoC4/cyfitter_cfg.c **** 	/* Enable fast start mode for XO */
 177:Generated_Source\PSoC4/cyfitter_cfg.c **** 	CY_SET_REG32((void*)CYREG_BLE_BLERD_BB_XO, CY_GET_REG32((void*)CYREG_BLE_BLERD_BB_XO) | (uint32)0x
 178:Generated_Source\PSoC4/cyfitter_cfg.c **** 	CY_SET_XTND_REG32((void CYFAR *)(CYREG_BLE_BLERD_BB_XO_CAPTRIM), 0x00003E2Du);
 179:Generated_Source\PSoC4/cyfitter_cfg.c **** 	/*Set XTAL(ECO) divider*/
 180:Generated_Source\PSoC4/cyfitter_cfg.c **** 	CY_SET_XTND_REG32((void CYFAR *)(CYREG_BLE_BLESS_XTAL_CLK_DIV_CONFIG), 0x00000000u);
 181:Generated_Source\PSoC4/cyfitter_cfg.c **** 	/* Disable Crystal Stable Interrupt before enabling ECO */
 182:Generated_Source\PSoC4/cyfitter_cfg.c **** 	CY_SET_REG32((void*)CYREG_BLE_BLESS_LL_DSM_CTRL, CY_GET_REG32((void*)CYREG_BLE_BLESS_LL_DSM_CTRL) 
 183:Generated_Source\PSoC4/cyfitter_cfg.c **** 	/* Start the ECO and do not check status since it is not needed for HFCLK */
 184:Generated_Source\PSoC4/cyfitter_cfg.c **** 	(void)CySysClkEcoStart(2000u);
 185:Generated_Source\PSoC4/cyfitter_cfg.c **** 	CyDelayUs(1500u); /* Wait to stabalize */
 186:Generated_Source\PSoC4/cyfitter_cfg.c **** 
 187:Generated_Source\PSoC4/cyfitter_cfg.c **** 	/* Setup phase aligned clocks */
 188:Generated_Source\PSoC4/cyfitter_cfg.c **** 
 189:Generated_Source\PSoC4/cyfitter_cfg.c **** 	/* CYDEV_CLK_IMO_CONFIG Starting address: CYDEV_CLK_IMO_CONFIG */
 190:Generated_Source\PSoC4/cyfitter_cfg.c **** 	CY_SET_XTND_REG32((void CYFAR *)(CYREG_CLK_IMO_CONFIG), 0x80000000u);
 191:Generated_Source\PSoC4/cyfitter_cfg.c **** 
 192:Generated_Source\PSoC4/cyfitter_cfg.c **** 	/* CYDEV_CLK_SELECT Starting address: CYDEV_CLK_SELECT */
 193:Generated_Source\PSoC4/cyfitter_cfg.c **** 	CY_SET_XTND_REG32((void CYFAR *)(CYREG_CLK_SELECT), 0x00040000u);
 194:Generated_Source\PSoC4/cyfitter_cfg.c **** 
 195:Generated_Source\PSoC4/cyfitter_cfg.c **** 	(void)CyIntSetVector(8u, &CySysWdtIsr);
 196:Generated_Source\PSoC4/cyfitter_cfg.c **** 	CyIntEnable(8u);
 197:Generated_Source\PSoC4/cyfitter_cfg.c **** 	CY_SET_XTND_REG32((void CYFAR *)(CYREG_WDT_CONFIG), 0x40000000u);
 198:Generated_Source\PSoC4/cyfitter_cfg.c **** }
 199:Generated_Source\PSoC4/cyfitter_cfg.c **** 
 200:Generated_Source\PSoC4/cyfitter_cfg.c **** 
 201:Generated_Source\PSoC4/cyfitter_cfg.c **** /* Analog API Functions */
 202:Generated_Source\PSoC4/cyfitter_cfg.c **** 
 203:Generated_Source\PSoC4/cyfitter_cfg.c **** 
 204:Generated_Source\PSoC4/cyfitter_cfg.c **** /*******************************************************************************
ARM GAS  C:\Users\Sarah\AppData\Local\Temp\ccacYEl9.s 			page 5


 205:Generated_Source\PSoC4/cyfitter_cfg.c **** * Function Name: AnalogSetDefault
 206:Generated_Source\PSoC4/cyfitter_cfg.c **** ********************************************************************************
 207:Generated_Source\PSoC4/cyfitter_cfg.c **** *
 208:Generated_Source\PSoC4/cyfitter_cfg.c **** * Summary:
 209:Generated_Source\PSoC4/cyfitter_cfg.c **** *  Sets up the analog portions of the chip to default values based on chip
 210:Generated_Source\PSoC4/cyfitter_cfg.c **** *  configuration options from the project.
 211:Generated_Source\PSoC4/cyfitter_cfg.c **** *
 212:Generated_Source\PSoC4/cyfitter_cfg.c **** * Parameters:
 213:Generated_Source\PSoC4/cyfitter_cfg.c **** *  void
 214:Generated_Source\PSoC4/cyfitter_cfg.c **** *
 215:Generated_Source\PSoC4/cyfitter_cfg.c **** * Return:
 216:Generated_Source\PSoC4/cyfitter_cfg.c **** *  void
 217:Generated_Source\PSoC4/cyfitter_cfg.c **** *
 218:Generated_Source\PSoC4/cyfitter_cfg.c **** *******************************************************************************/
 219:Generated_Source\PSoC4/cyfitter_cfg.c **** static void AnalogSetDefault(void);
 220:Generated_Source\PSoC4/cyfitter_cfg.c **** static void AnalogSetDefault(void)
 221:Generated_Source\PSoC4/cyfitter_cfg.c **** {
  25              		.loc 1 221 0
  26              		.cfi_startproc
 222:Generated_Source\PSoC4/cyfitter_cfg.c **** 	CY_SET_XTND_REG32((void CYFAR *)CYREG_CTBM0_DFT_CTRL, 0x00000003u);
  27              		.loc 1 222 0
  28 0000 0323     		mov	r3, #3
  29 0002 044A     		ldr	r2, .L2
  30 0004 1360     		str	r3, [r2]
 223:Generated_Source\PSoC4/cyfitter_cfg.c **** 	CY_SET_XTND_REG32((void CYFAR *)CYREG_CTBM1_DFT_CTRL, 0x00000003u);
  31              		.loc 1 223 0
  32 0006 044A     		ldr	r2, .L2+4
  33 0008 1360     		str	r3, [r2]
 224:Generated_Source\PSoC4/cyfitter_cfg.c **** 	CY_SET_XTND_REG32((void CYFAR *)CYREG_PASS_DSAB_DSAB_CTRL, 0x00000000u);
  34              		.loc 1 224 0
  35 000a 0022     		mov	r2, #0
  36 000c 034B     		ldr	r3, .L2+8
  37 000e 1A60     		str	r2, [r3]
 225:Generated_Source\PSoC4/cyfitter_cfg.c **** }
  38              		.loc 1 225 0
  39              		@ sp needed
  40 0010 7047     		bx	lr
  41              	.L3:
  42 0012 C046     		.align	2
  43              	.L2:
  44 0014 30003040 		.word	1076887600
  45 0018 30003140 		.word	1076953136
  46 001c 000E3F40 		.word	1077874176
  47              		.cfi_endproc
  48              	.LFE6:
  49              		.size	AnalogSetDefault, .-AnalogSetDefault
  50              		.section	.text.CYMEMZERO,"ax",%progbits
  51              		.align	2
  52              		.code	16
  53              		.thumb_func
  54              		.type	CYMEMZERO, %function
  55              	CYMEMZERO:
  56              	.LFB2:
  63:Generated_Source\PSoC4/cyfitter_cfg.c **** 	(void)memset(s, 0, n);
  57              		.loc 1 63 0
  58              		.cfi_startproc
  59              	.LVL0:
ARM GAS  C:\Users\Sarah\AppData\Local\Temp\ccacYEl9.s 			page 6


  60 0000 08B5     		push	{r3, lr}
  61              		.cfi_def_cfa_offset 8
  62              		.cfi_offset 3, -8
  63              		.cfi_offset 14, -4
  64 0002 0A1C     		mov	r2, r1
  64:Generated_Source\PSoC4/cyfitter_cfg.c **** }
  65              		.loc 1 64 0
  66 0004 0021     		mov	r1, #0
  67              	.LVL1:
  68 0006 FFF7FEFF 		bl	memset
  69              	.LVL2:
  65:Generated_Source\PSoC4/cyfitter_cfg.c **** CY_CFG_UNUSED
  70              		.loc 1 65 0
  71              		@ sp needed
  72 000a 08BD     		pop	{r3, pc}
  73              		.cfi_endproc
  74              	.LFE2:
  75              		.size	CYMEMZERO, .-CYMEMZERO
  76              		.section	.psocinit,"ax",%progbits
  77              		.align	2
  78              		.code	16
  79              		.thumb_func
  80              		.type	ClockSetup, %function
  81              	ClockSetup:
  82              	.LFB5:
 157:Generated_Source\PSoC4/cyfitter_cfg.c **** 
  83              		.loc 1 157 0
  84              		.cfi_startproc
  85 0000 38B5     		push	{r3, r4, r5, lr}
  86              		.cfi_def_cfa_offset 16
  87              		.cfi_offset 3, -16
  88              		.cfi_offset 4, -12
  89              		.cfi_offset 5, -8
  90              		.cfi_offset 14, -4
 160:Generated_Source\PSoC4/cyfitter_cfg.c **** 
  91              		.loc 1 160 0
  92 0002 1222     		mov	r2, #18
  93 0004 1D4B     		ldr	r3, .L6
  94 0006 1A60     		str	r2, [r3]
 163:Generated_Source\PSoC4/cyfitter_cfg.c **** 	CyDelayCycles(12000000u); /* WCO may take up to 500ms to start */
  95              		.loc 1 163 0
  96 0008 FFF7FEFF 		bl	CySysClkWcoStart
  97              	.LVL3:
 164:Generated_Source\PSoC4/cyfitter_cfg.c **** 	(void)CySysClkWcoSetPowerMode(CY_SYS_CLK_WCO_LPM);    /* Switch to the low power mode */
  98              		.loc 1 164 0
  99 000c 1C48     		ldr	r0, .L6+4
 100 000e FFF7FEFF 		bl	CyDelayCycles
 101              	.LVL4:
 165:Generated_Source\PSoC4/cyfitter_cfg.c **** 
 102              		.loc 1 165 0
 103 0012 0120     		mov	r0, #1
 104 0014 FFF7FEFF 		bl	CySysClkWcoSetPowerMode
 105              	.LVL5:
 168:Generated_Source\PSoC4/cyfitter_cfg.c **** 	/* CYDEV_CLK_ILO_CONFIG Starting address: CYDEV_CLK_ILO_CONFIG */
 106              		.loc 1 168 0
 107 0018 3020     		mov	r0, #48
 108 001a FFF7FEFF 		bl	CySysClkWriteImoFreq
ARM GAS  C:\Users\Sarah\AppData\Local\Temp\ccacYEl9.s 			page 7


 109              	.LVL6:
 170:Generated_Source\PSoC4/cyfitter_cfg.c **** 
 110              		.loc 1 170 0
 111 001e 194A     		ldr	r2, .L6+8
 112 0020 194B     		ldr	r3, .L6+12
 113 0022 1A60     		str	r2, [r3]
 173:Generated_Source\PSoC4/cyfitter_cfg.c **** 
 114              		.loc 1 173 0
 115 0024 194C     		ldr	r4, .L6+16
 116 0026 8025     		mov	r5, #128
 117 0028 ED05     		lsl	r5, r5, #23
 118 002a 2560     		str	r5, [r4]
 177:Generated_Source\PSoC4/cyfitter_cfg.c **** 	CY_SET_XTND_REG32((void CYFAR *)(CYREG_BLE_BLERD_BB_XO_CAPTRIM), 0x00003E2Du);
 119              		.loc 1 177 0
 120 002c 184A     		ldr	r2, .L6+20
 121 002e 1168     		ldr	r1, [r2]
 122 0030 0223     		mov	r3, #2
 123 0032 0B43     		orr	r3, r1
 124 0034 1360     		str	r3, [r2]
 178:Generated_Source\PSoC4/cyfitter_cfg.c **** 	/*Set XTAL(ECO) divider*/
 125              		.loc 1 178 0
 126 0036 174A     		ldr	r2, .L6+24
 127 0038 174B     		ldr	r3, .L6+28
 128 003a 1A60     		str	r2, [r3]
 180:Generated_Source\PSoC4/cyfitter_cfg.c **** 	/* Disable Crystal Stable Interrupt before enabling ECO */
 129              		.loc 1 180 0
 130 003c 0022     		mov	r2, #0
 131 003e 174B     		ldr	r3, .L6+32
 132 0040 1A60     		str	r2, [r3]
 182:Generated_Source\PSoC4/cyfitter_cfg.c **** 	/* Start the ECO and do not check status since it is not needed for HFCLK */
 133              		.loc 1 182 0
 134 0042 174A     		ldr	r2, .L6+36
 135 0044 1368     		ldr	r3, [r2]
 136 0046 0821     		mov	r1, #8
 137 0048 8B43     		bic	r3, r1
 138 004a 1360     		str	r3, [r2]
 184:Generated_Source\PSoC4/cyfitter_cfg.c **** 	CyDelayUs(1500u); /* Wait to stabalize */
 139              		.loc 1 184 0
 140 004c FA20     		mov	r0, #250
 141 004e C000     		lsl	r0, r0, #3
 142 0050 FFF7FEFF 		bl	CySysClkEcoStart
 143              	.LVL7:
 185:Generated_Source\PSoC4/cyfitter_cfg.c **** 
 144              		.loc 1 185 0
 145 0054 1348     		ldr	r0, .L6+40
 146 0056 FFF7FEFF 		bl	CyDelayUs
 147              	.LVL8:
 190:Generated_Source\PSoC4/cyfitter_cfg.c **** 
 148              		.loc 1 190 0
 149 005a 8022     		mov	r2, #128
 150 005c 1206     		lsl	r2, r2, #24
 151 005e 124B     		ldr	r3, .L6+44
 152 0060 1A60     		str	r2, [r3]
 193:Generated_Source\PSoC4/cyfitter_cfg.c **** 
 153              		.loc 1 193 0
 154 0062 8022     		mov	r2, #128
 155 0064 D202     		lsl	r2, r2, #11
ARM GAS  C:\Users\Sarah\AppData\Local\Temp\ccacYEl9.s 			page 8


 156 0066 114B     		ldr	r3, .L6+48
 157 0068 1A60     		str	r2, [r3]
 195:Generated_Source\PSoC4/cyfitter_cfg.c **** 	CyIntEnable(8u);
 158              		.loc 1 195 0
 159 006a 0820     		mov	r0, #8
 160 006c 1049     		ldr	r1, .L6+52
 161 006e FFF7FEFF 		bl	CyIntSetVector
 162              	.LVL9:
 196:Generated_Source\PSoC4/cyfitter_cfg.c **** 	CY_SET_XTND_REG32((void CYFAR *)(CYREG_WDT_CONFIG), 0x40000000u);
 163              		.loc 1 196 0
 164 0072 0820     		mov	r0, #8
 165 0074 FFF7FEFF 		bl	CyIntEnable
 166              	.LVL10:
 197:Generated_Source\PSoC4/cyfitter_cfg.c **** }
 167              		.loc 1 197 0
 168 0078 2560     		str	r5, [r4]
 198:Generated_Source\PSoC4/cyfitter_cfg.c **** 
 169              		.loc 1 198 0
 170              		@ sp needed
 171 007a 38BD     		pop	{r3, r4, r5, pc}
 172              	.L7:
 173              		.align	2
 174              	.L6:
 175 007c 30001040 		.word	1074790448
 176 0080 001BB700 		.word	12000000
 177 0084 06000080 		.word	-2147483642
 178 0088 04010B40 		.word	1074462980
 179 008c 0C020B40 		.word	1074463244
 180 0090 78002E40 		.word	1076756600
 181 0094 2D3E0000 		.word	15917
 182 0098 7C002E40 		.word	1076756604
 183 009c 64F02E40 		.word	1076818020
 184 00a0 6CF02E40 		.word	1076818028
 185 00a4 DC050000 		.word	1500
 186 00a8 08010B40 		.word	1074462984
 187 00ac 00010B40 		.word	1074462976
 188 00b0 00000000 		.word	CySysWdtIsr
 189              		.cfi_endproc
 190              	.LFE5:
 191              		.size	ClockSetup, .-ClockSetup
 192              		.align	2
 193              		.global	cyfitter_cfg
 194              		.code	16
 195              		.thumb_func
 196              		.type	cyfitter_cfg, %function
 197              	cyfitter_cfg:
 198              	.LFB7:
 226:Generated_Source\PSoC4/cyfitter_cfg.c **** 
 227:Generated_Source\PSoC4/cyfitter_cfg.c **** #define CY_AMUX_UNUSED CYREG_CM0_ROM_DWT
 228:Generated_Source\PSoC4/cyfitter_cfg.c **** 
 229:Generated_Source\PSoC4/cyfitter_cfg.c **** 
 230:Generated_Source\PSoC4/cyfitter_cfg.c **** /*******************************************************************************
 231:Generated_Source\PSoC4/cyfitter_cfg.c **** * Function Name: cyfitter_cfg
 232:Generated_Source\PSoC4/cyfitter_cfg.c **** ********************************************************************************
 233:Generated_Source\PSoC4/cyfitter_cfg.c **** * Summary:
 234:Generated_Source\PSoC4/cyfitter_cfg.c **** *  This function is called by the start-up code for the selected device. It
 235:Generated_Source\PSoC4/cyfitter_cfg.c **** *  performs all of the necessary device configuration based on the design
ARM GAS  C:\Users\Sarah\AppData\Local\Temp\ccacYEl9.s 			page 9


 236:Generated_Source\PSoC4/cyfitter_cfg.c **** *  settings.  This includes settings from the Design Wide Resources (DWR) such
 237:Generated_Source\PSoC4/cyfitter_cfg.c **** *  as Clocks and Pins as well as any component configuration that is necessary.
 238:Generated_Source\PSoC4/cyfitter_cfg.c **** *
 239:Generated_Source\PSoC4/cyfitter_cfg.c **** * Parameters:  
 240:Generated_Source\PSoC4/cyfitter_cfg.c **** *   void
 241:Generated_Source\PSoC4/cyfitter_cfg.c **** *
 242:Generated_Source\PSoC4/cyfitter_cfg.c **** * Return:
 243:Generated_Source\PSoC4/cyfitter_cfg.c **** *   void
 244:Generated_Source\PSoC4/cyfitter_cfg.c **** *
 245:Generated_Source\PSoC4/cyfitter_cfg.c **** *******************************************************************************/
 246:Generated_Source\PSoC4/cyfitter_cfg.c **** CY_CFG_SECTION
 247:Generated_Source\PSoC4/cyfitter_cfg.c **** void cyfitter_cfg(void)
 248:Generated_Source\PSoC4/cyfitter_cfg.c **** {
 199              		.loc 1 248 0
 200              		.cfi_startproc
 201 00b4 10B5     		push	{r4, lr}
 202              		.cfi_def_cfa_offset 8
 203              		.cfi_offset 4, -8
 204              		.cfi_offset 14, -4
 249:Generated_Source\PSoC4/cyfitter_cfg.c **** 	/* Disable interrupts by default. Let user enable if/when they want. */
 250:Generated_Source\PSoC4/cyfitter_cfg.c **** 	CyGlobalIntDisable;
 205              		.loc 1 250 0
 206              	@ 250 "Generated_Source\PSoC4\cyfitter_cfg.c" 1
 207 00b6 72B6     		CPSID   i
 208              	@ 0 "" 2
 251:Generated_Source\PSoC4/cyfitter_cfg.c **** 
 252:Generated_Source\PSoC4/cyfitter_cfg.c **** 	CY_SET_XTND_REG32((void CYFAR *)(CYREG_BLE_BLESS_LL_DSM_CTRL), 0x00000000u);
 209              		.loc 1 252 0
 210              		.code	16
 211 00b8 0022     		mov	r2, #0
 212 00ba 214B     		ldr	r3, .L11
 213 00bc 1A60     		str	r2, [r3]
 214              	.LVL11:
 215              	.LBB2:
 253:Generated_Source\PSoC4/cyfitter_cfg.c **** 
 254:Generated_Source\PSoC4/cyfitter_cfg.c **** 	{
 255:Generated_Source\PSoC4/cyfitter_cfg.c **** 
 256:Generated_Source\PSoC4/cyfitter_cfg.c **** 		CYPACKED typedef struct {
 257:Generated_Source\PSoC4/cyfitter_cfg.c **** 			void CYFAR *address;
 258:Generated_Source\PSoC4/cyfitter_cfg.c **** 			uint16 size;
 259:Generated_Source\PSoC4/cyfitter_cfg.c **** 		} CYPACKED_ATTR cfg_memset_t;
 260:Generated_Source\PSoC4/cyfitter_cfg.c **** 
 261:Generated_Source\PSoC4/cyfitter_cfg.c **** 		static const cfg_memset_t CYCODE cfg_memset_list [] = {
 262:Generated_Source\PSoC4/cyfitter_cfg.c **** 			/* address, size */
 263:Generated_Source\PSoC4/cyfitter_cfg.c **** 			{(void CYFAR *)(CYDEV_UDB_P0_U0_BASE), 1024u},
 264:Generated_Source\PSoC4/cyfitter_cfg.c **** 			{(void CYFAR *)(CYDEV_UDB_DSI0_BASE), 1024u},
 265:Generated_Source\PSoC4/cyfitter_cfg.c **** 		};
 266:Generated_Source\PSoC4/cyfitter_cfg.c **** 
 267:Generated_Source\PSoC4/cyfitter_cfg.c **** 		uint8 CYDATA i;
 268:Generated_Source\PSoC4/cyfitter_cfg.c **** 
 269:Generated_Source\PSoC4/cyfitter_cfg.c **** 		/* Zero out critical memory blocks before beginning configuration */
 270:Generated_Source\PSoC4/cyfitter_cfg.c **** 		for (i = 0u; i < (sizeof(cfg_memset_list)/sizeof(cfg_memset_list[0])); i++)
 216              		.loc 1 270 0
 217 00be 0024     		mov	r4, #0
 218 00c0 10E0     		b	.L9
 219              	.LVL12:
 220              	.L10:
ARM GAS  C:\Users\Sarah\AppData\Local\Temp\ccacYEl9.s 			page 10


 221              	.LBB3:
 271:Generated_Source\PSoC4/cyfitter_cfg.c **** 		{
 272:Generated_Source\PSoC4/cyfitter_cfg.c **** 			const cfg_memset_t CYCODE * CYDATA ms = &cfg_memset_list[i];
 273:Generated_Source\PSoC4/cyfitter_cfg.c **** 			CYMEMZERO(ms->address, (size_t)(uint32)(ms->size));
 222              		.loc 1 273 0 discriminator 3
 223 00c2 2048     		ldr	r0, .L11+4
 224 00c4 6300     		lsl	r3, r4, #1
 225 00c6 1A19     		add	r2, r3, r4
 226 00c8 5200     		lsl	r2, r2, #1
 227 00ca 8218     		add	r2, r0, r2
 228 00cc 9188     		ldrh	r1, [r2, #4]
 229 00ce 1B19     		add	r3, r3, r4
 230 00d0 5B00     		lsl	r3, r3, #1
 231 00d2 1A5A     		ldrh	r2, [r3, r0]
 232 00d4 C318     		add	r3, r0, r3
 233 00d6 5888     		ldrh	r0, [r3, #2]
 234 00d8 0004     		lsl	r0, r0, #16
 235 00da 1043     		orr	r0, r2
 236 00dc FFF7FEFF 		bl	CYMEMZERO
 237              	.LVL13:
 238              	.LBE3:
 270:Generated_Source\PSoC4/cyfitter_cfg.c **** 		{
 239              		.loc 1 270 0 discriminator 3
 240 00e0 0134     		add	r4, r4, #1
 241              	.LVL14:
 242 00e2 E4B2     		uxtb	r4, r4
 243              	.LVL15:
 244              	.L9:
 270:Generated_Source\PSoC4/cyfitter_cfg.c **** 		{
 245              		.loc 1 270 0 is_stmt 0 discriminator 1
 246 00e4 012C     		cmp	r4, #1
 247 00e6 ECD9     		bls	.L10
 274:Generated_Source\PSoC4/cyfitter_cfg.c **** 		}
 275:Generated_Source\PSoC4/cyfitter_cfg.c **** 
 276:Generated_Source\PSoC4/cyfitter_cfg.c **** 		/* HSIOM Starting address: CYDEV_HSIOM_BASE */
 277:Generated_Source\PSoC4/cyfitter_cfg.c **** 		CY_SET_XTND_REG32((void CYFAR *)(CYDEV_HSIOM_BASE), 0xEE000000u);
 248              		.loc 1 277 0 is_stmt 1
 249 00e8 EE22     		mov	r2, #238
 250 00ea 1206     		lsl	r2, r2, #24
 251 00ec 164B     		ldr	r3, .L11+8
 252 00ee 1A60     		str	r2, [r3]
 278:Generated_Source\PSoC4/cyfitter_cfg.c **** 
 279:Generated_Source\PSoC4/cyfitter_cfg.c **** 		/* UDB_PA_0 Starting address: CYDEV_UDB_PA0_BASE */
 280:Generated_Source\PSoC4/cyfitter_cfg.c **** 		CY_SET_XTND_REG32((void CYFAR *)(CYDEV_UDB_PA0_BASE), 0x00990000u);
 253              		.loc 1 280 0
 254 00f0 9923     		mov	r3, #153
 255 00f2 1B04     		lsl	r3, r3, #16
 256 00f4 154A     		ldr	r2, .L11+12
 257 00f6 1360     		str	r3, [r2]
 281:Generated_Source\PSoC4/cyfitter_cfg.c **** 
 282:Generated_Source\PSoC4/cyfitter_cfg.c **** 		/* UDB_PA_2 Starting address: CYDEV_UDB_PA2_BASE */
 283:Generated_Source\PSoC4/cyfitter_cfg.c **** 		CY_SET_XTND_REG32((void CYFAR *)(CYDEV_UDB_PA2_BASE), 0x00990000u);
 258              		.loc 1 283 0
 259 00f8 154A     		ldr	r2, .L11+16
 260 00fa 1360     		str	r3, [r2]
 284:Generated_Source\PSoC4/cyfitter_cfg.c **** 
 285:Generated_Source\PSoC4/cyfitter_cfg.c **** 		/* UDB_PA_3 Starting address: CYDEV_UDB_PA3_BASE */
ARM GAS  C:\Users\Sarah\AppData\Local\Temp\ccacYEl9.s 			page 11


 286:Generated_Source\PSoC4/cyfitter_cfg.c **** 		CY_SET_XTND_REG32((void CYFAR *)(CYDEV_UDB_PA3_BASE), 0x00990000u);
 261              		.loc 1 286 0
 262 00fc 154A     		ldr	r2, .L11+20
 263 00fe 1360     		str	r3, [r2]
 287:Generated_Source\PSoC4/cyfitter_cfg.c **** 
 288:Generated_Source\PSoC4/cyfitter_cfg.c **** 		/* Enable digital routing */
 289:Generated_Source\PSoC4/cyfitter_cfg.c **** 		CY_SET_XTND_REG8((void *)CYREG_UDB_UDBIF_BANK_CTL, CY_GET_XTND_REG8((void *)CYREG_UDB_UDBIF_BANK_
 264              		.loc 1 289 0
 265 0100 154B     		ldr	r3, .L11+24
 266 0102 1978     		ldrb	r1, [r3]
 267 0104 0222     		mov	r2, #2
 268 0106 0A43     		orr	r2, r1
 269 0108 1A70     		strb	r2, [r3]
 290:Generated_Source\PSoC4/cyfitter_cfg.c **** 
 291:Generated_Source\PSoC4/cyfitter_cfg.c **** 		/* Enable UDB array */
 292:Generated_Source\PSoC4/cyfitter_cfg.c **** 		CY_SET_XTND_REG8((void *)CYREG_UDB_UDBIF_WAIT_CFG, (uint8)((CY_GET_XTND_REG8((void *)CYREG_UDB_UD
 270              		.loc 1 292 0
 271 010a 1448     		ldr	r0, .L11+28
 272 010c 0278     		ldrb	r2, [r0]
 273 010e 3C21     		mov	r1, #60
 274 0110 8A43     		bic	r2, r1
 275 0112 2839     		sub	r1, r1, #40
 276 0114 0A43     		orr	r2, r1
 277 0116 0270     		strb	r2, [r0]
 293:Generated_Source\PSoC4/cyfitter_cfg.c **** 		CY_SET_XTND_REG8((void *)CYREG_UDB_UDBIF_BANK_CTL, (uint8)(CY_GET_XTND_REG8((void *)CYREG_UDB_UDB
 278              		.loc 1 293 0
 279 0118 1978     		ldrb	r1, [r3]
 280 011a 1622     		mov	r2, #22
 281 011c 0A43     		orr	r2, r1
 282 011e 1A70     		strb	r2, [r3]
 283              	.LBE2:
 294:Generated_Source\PSoC4/cyfitter_cfg.c **** 	}
 295:Generated_Source\PSoC4/cyfitter_cfg.c **** 
 296:Generated_Source\PSoC4/cyfitter_cfg.c **** 	/* Perform second pass device configuration. These items must be configured in specific order afte
 297:Generated_Source\PSoC4/cyfitter_cfg.c **** 	/* IOPINS0_0 Starting address: CYDEV_GPIO_PRT0_BASE */
 298:Generated_Source\PSoC4/cyfitter_cfg.c **** 	CY_SET_XTND_REG32((void CYFAR *)(CYREG_GPIO_PRT0_PC), 0x00D80000u);
 284              		.loc 1 298 0
 285 0120 D822     		mov	r2, #216
 286 0122 1204     		lsl	r2, r2, #16
 287 0124 0E4B     		ldr	r3, .L11+32
 288 0126 1A60     		str	r2, [r3]
 299:Generated_Source\PSoC4/cyfitter_cfg.c **** 
 300:Generated_Source\PSoC4/cyfitter_cfg.c **** 	/* IOPINS0_2 Starting address: CYDEV_GPIO_PRT2_BASE */
 301:Generated_Source\PSoC4/cyfitter_cfg.c **** 	CY_SET_XTND_REG32((void CYFAR *)(CYREG_GPIO_PRT2_PC), 0x00180000u);
 289              		.loc 1 301 0
 290 0128 C023     		mov	r3, #192
 291 012a 5B03     		lsl	r3, r3, #13
 292 012c 0D4A     		ldr	r2, .L11+36
 293 012e 1360     		str	r3, [r2]
 302:Generated_Source\PSoC4/cyfitter_cfg.c **** 
 303:Generated_Source\PSoC4/cyfitter_cfg.c **** 	/* IOPINS0_3 Starting address: CYDEV_GPIO_PRT3_BASE */
 304:Generated_Source\PSoC4/cyfitter_cfg.c **** 	CY_SET_XTND_REG32((void CYFAR *)(CYREG_GPIO_PRT3_PC), 0x00180000u);
 294              		.loc 1 304 0
 295 0130 0D4A     		ldr	r2, .L11+40
 296 0132 1360     		str	r3, [r2]
 305:Generated_Source\PSoC4/cyfitter_cfg.c **** 
 306:Generated_Source\PSoC4/cyfitter_cfg.c **** 
ARM GAS  C:\Users\Sarah\AppData\Local\Temp\ccacYEl9.s 			page 12


 307:Generated_Source\PSoC4/cyfitter_cfg.c **** 	/* Setup clocks based on selections from Clock DWR */
 308:Generated_Source\PSoC4/cyfitter_cfg.c **** 	ClockSetup();
 297              		.loc 1 308 0
 298 0134 FFF764FF 		bl	ClockSetup
 299              	.LVL16:
 309:Generated_Source\PSoC4/cyfitter_cfg.c **** 
 310:Generated_Source\PSoC4/cyfitter_cfg.c **** 	/* Perform basic analog initialization to defaults */
 311:Generated_Source\PSoC4/cyfitter_cfg.c **** 	AnalogSetDefault();
 300              		.loc 1 311 0
 301 0138 FFF7FEFF 		bl	AnalogSetDefault
 302              	.LVL17:
 312:Generated_Source\PSoC4/cyfitter_cfg.c **** 
 313:Generated_Source\PSoC4/cyfitter_cfg.c **** }
 303              		.loc 1 313 0
 304              		@ sp needed
 305              	.LVL18:
 306 013c 10BD     		pop	{r4, pc}
 307              	.L12:
 308 013e C046     		.align	2
 309              	.L11:
 310 0140 6CF02E40 		.word	1076818028
 311 0144 00000000 		.word	.LANCHOR0
 312 0148 00000240 		.word	1073872896
 313 014c 00500F40 		.word	1074745344
 314 0150 20500F40 		.word	1074745376
 315 0154 30500F40 		.word	1074745392
 316 0158 00700F40 		.word	1074753536
 317 015c 01700F40 		.word	1074753537
 318 0160 08000440 		.word	1074003976
 319 0164 08020440 		.word	1074004488
 320 0168 08030440 		.word	1074004744
 321              		.cfi_endproc
 322              	.LFE7:
 323              		.size	cyfitter_cfg, .-cyfitter_cfg
 324              		.section	.rodata
 325              		.align	2
 326              		.set	.LANCHOR0,. + 0
 327              		.type	cfg_memset_list.4771, %object
 328              		.size	cfg_memset_list.4771, 12
 329              	cfg_memset_list.4771:
 330 0000 00300F40 		.word	1074737152
 331 0004 0004     		.short	1024
 332 0006 00400F40 		.4byte	1074741248
 333 000a 0004     		.short	1024
 334              		.text
 335              	.Letext0:
 336              		.file 2 "c:\\program files (x86)\\cypress\\psoc creator\\4.0\\psoc creator\\import\\gnu\\arm\\4.9.
 337              		.file 3 "Generated_Source\\PSoC4\\cytypes.h"
 338              		.file 4 "Generated_Source\\PSoC4\\CyLib.h"
 339              		.file 5 "Generated_Source\\PSoC4\\CyLFClk.h"
 340              		.section	.debug_info,"",%progbits
 341              	.Ldebug_info0:
 342 0000 6D030000 		.4byte	0x36d
 343 0004 0400     		.2byte	0x4
 344 0006 00000000 		.4byte	.Ldebug_abbrev0
 345 000a 04       		.byte	0x4
 346 000b 01       		.uleb128 0x1
ARM GAS  C:\Users\Sarah\AppData\Local\Temp\ccacYEl9.s 			page 13


 347 000c EE010000 		.4byte	.LASF34
 348 0010 01       		.byte	0x1
 349 0011 B0020000 		.4byte	.LASF35
 350 0015 49010000 		.4byte	.LASF36
 351 0019 00000000 		.4byte	.Ldebug_ranges0+0
 352 001d 00000000 		.4byte	0
 353 0021 00000000 		.4byte	.Ldebug_line0
 354 0025 02       		.uleb128 0x2
 355 0026 04       		.byte	0x4
 356 0027 05       		.byte	0x5
 357 0028 696E7400 		.ascii	"int\000"
 358 002c 03       		.uleb128 0x3
 359 002d 14000000 		.4byte	.LASF11
 360 0031 02       		.byte	0x2
 361 0032 D4       		.byte	0xd4
 362 0033 37000000 		.4byte	0x37
 363 0037 04       		.uleb128 0x4
 364 0038 04       		.byte	0x4
 365 0039 07       		.byte	0x7
 366 003a 03010000 		.4byte	.LASF0
 367 003e 04       		.uleb128 0x4
 368 003f 01       		.byte	0x1
 369 0040 06       		.byte	0x6
 370 0041 A4020000 		.4byte	.LASF1
 371 0045 04       		.uleb128 0x4
 372 0046 01       		.byte	0x1
 373 0047 08       		.byte	0x8
 374 0048 C4000000 		.4byte	.LASF2
 375 004c 04       		.uleb128 0x4
 376 004d 02       		.byte	0x2
 377 004e 05       		.byte	0x5
 378 004f 7C020000 		.4byte	.LASF3
 379 0053 04       		.uleb128 0x4
 380 0054 02       		.byte	0x2
 381 0055 07       		.byte	0x7
 382 0056 56000000 		.4byte	.LASF4
 383 005a 04       		.uleb128 0x4
 384 005b 04       		.byte	0x4
 385 005c 05       		.byte	0x5
 386 005d 9B020000 		.4byte	.LASF5
 387 0061 04       		.uleb128 0x4
 388 0062 04       		.byte	0x4
 389 0063 07       		.byte	0x7
 390 0064 91000000 		.4byte	.LASF6
 391 0068 04       		.uleb128 0x4
 392 0069 08       		.byte	0x8
 393 006a 05       		.byte	0x5
 394 006b C0010000 		.4byte	.LASF7
 395 006f 04       		.uleb128 0x4
 396 0070 08       		.byte	0x8
 397 0071 07       		.byte	0x7
 398 0072 25010000 		.4byte	.LASF8
 399 0076 04       		.uleb128 0x4
 400 0077 04       		.byte	0x4
 401 0078 07       		.byte	0x7
 402 0079 B7010000 		.4byte	.LASF9
 403 007d 05       		.uleb128 0x5
ARM GAS  C:\Users\Sarah\AppData\Local\Temp\ccacYEl9.s 			page 14


 404 007e 04       		.byte	0x4
 405 007f 06       		.uleb128 0x6
 406 0080 04       		.byte	0x4
 407 0081 85000000 		.4byte	0x85
 408 0085 07       		.uleb128 0x7
 409 0086 04       		.uleb128 0x4
 410 0087 01       		.byte	0x1
 411 0088 08       		.byte	0x8
 412 0089 D8010000 		.4byte	.LASF10
 413 008d 08       		.uleb128 0x8
 414 008e A3000000 		.4byte	.LASF12
 415 0092 03       		.byte	0x3
 416 0093 B901     		.2byte	0x1b9
 417 0095 45000000 		.4byte	0x45
 418 0099 08       		.uleb128 0x8
 419 009a EC000000 		.4byte	.LASF13
 420 009e 03       		.byte	0x3
 421 009f BA01     		.2byte	0x1ba
 422 00a1 53000000 		.4byte	0x53
 423 00a5 08       		.uleb128 0x8
 424 00a6 FC000000 		.4byte	.LASF14
 425 00aa 03       		.byte	0x3
 426 00ab BB01     		.2byte	0x1bb
 427 00ad 61000000 		.4byte	0x61
 428 00b1 04       		.uleb128 0x4
 429 00b2 04       		.byte	0x4
 430 00b3 04       		.byte	0x4
 431 00b4 69000000 		.4byte	.LASF15
 432 00b8 04       		.uleb128 0x4
 433 00b9 08       		.byte	0x8
 434 00ba 04       		.byte	0x4
 435 00bb D9000000 		.4byte	.LASF16
 436 00bf 08       		.uleb128 0x8
 437 00c0 F3000000 		.4byte	.LASF17
 438 00c4 03       		.byte	0x3
 439 00c5 5B02     		.2byte	0x25b
 440 00c7 61000000 		.4byte	0x61
 441 00cb 08       		.uleb128 0x8
 442 00cc 8C000000 		.4byte	.LASF18
 443 00d0 03       		.byte	0x3
 444 00d1 6302     		.2byte	0x263
 445 00d3 D7000000 		.4byte	0xd7
 446 00d7 09       		.uleb128 0x9
 447 00d8 8D000000 		.4byte	0x8d
 448 00dc 08       		.uleb128 0x8
 449 00dd 0E000000 		.4byte	.LASF19
 450 00e1 03       		.byte	0x3
 451 00e2 6502     		.2byte	0x265
 452 00e4 E8000000 		.4byte	0xe8
 453 00e8 09       		.uleb128 0x9
 454 00e9 A5000000 		.4byte	0xa5
 455 00ed 08       		.uleb128 0x8
 456 00ee 3C010000 		.4byte	.LASF20
 457 00f2 03       		.byte	0x3
 458 00f3 7502     		.2byte	0x275
 459 00f5 7F000000 		.4byte	0x7f
 460 00f9 0A       		.uleb128 0xa
ARM GAS  C:\Users\Sarah\AppData\Local\Temp\ccacYEl9.s 			page 15


 461 00fa 1B000000 		.4byte	.LASF37
 462 00fe 01       		.byte	0x1
 463 00ff DC       		.byte	0xdc
 464 0100 00000000 		.4byte	.LFB6
 465 0104 20000000 		.4byte	.LFE6-.LFB6
 466 0108 01       		.uleb128 0x1
 467 0109 9C       		.byte	0x9c
 468 010a 0B       		.uleb128 0xb
 469 010b BA000000 		.4byte	.LASF21
 470 010f 01       		.byte	0x1
 471 0110 3E       		.byte	0x3e
 472 0111 00000000 		.4byte	.LFB2
 473 0115 0C000000 		.4byte	.LFE2-.LFB2
 474 0119 01       		.uleb128 0x1
 475 011a 9C       		.byte	0x9c
 476 011b 57010000 		.4byte	0x157
 477 011f 0C       		.uleb128 0xc
 478 0120 7300     		.ascii	"s\000"
 479 0122 01       		.byte	0x1
 480 0123 3E       		.byte	0x3e
 481 0124 7D000000 		.4byte	0x7d
 482 0128 00000000 		.4byte	.LLST0
 483 012c 0C       		.uleb128 0xc
 484 012d 6E00     		.ascii	"n\000"
 485 012f 01       		.byte	0x1
 486 0130 3E       		.byte	0x3e
 487 0131 2C000000 		.4byte	0x2c
 488 0135 21000000 		.4byte	.LLST1
 489 0139 0D       		.uleb128 0xd
 490 013a 0A000000 		.4byte	.LVL2
 491 013e C8020000 		.4byte	0x2c8
 492 0142 0E       		.uleb128 0xe
 493 0143 01       		.uleb128 0x1
 494 0144 52       		.byte	0x52
 495 0145 03       		.uleb128 0x3
 496 0146 F3       		.byte	0xf3
 497 0147 01       		.uleb128 0x1
 498 0148 51       		.byte	0x51
 499 0149 0E       		.uleb128 0xe
 500 014a 01       		.uleb128 0x1
 501 014b 51       		.byte	0x51
 502 014c 01       		.uleb128 0x1
 503 014d 30       		.byte	0x30
 504 014e 0E       		.uleb128 0xe
 505 014f 01       		.uleb128 0x1
 506 0150 50       		.byte	0x50
 507 0151 03       		.uleb128 0x3
 508 0152 F3       		.byte	0xf3
 509 0153 01       		.uleb128 0x1
 510 0154 50       		.byte	0x50
 511 0155 00       		.byte	0
 512 0156 00       		.byte	0
 513 0157 0B       		.uleb128 0xb
 514 0158 4B000000 		.4byte	.LASF22
 515 015c 01       		.byte	0x1
 516 015d 9C       		.byte	0x9c
 517 015e 00000000 		.4byte	.LFB5
ARM GAS  C:\Users\Sarah\AppData\Local\Temp\ccacYEl9.s 			page 16


 518 0162 B4000000 		.4byte	.LFE5-.LFB5
 519 0166 01       		.uleb128 0x1
 520 0167 9C       		.byte	0x9c
 521 0168 00020000 		.4byte	0x200
 522 016c 0F       		.uleb128 0xf
 523 016d 0C000000 		.4byte	.LVL3
 524 0171 E5020000 		.4byte	0x2e5
 525 0175 10       		.uleb128 0x10
 526 0176 12000000 		.4byte	.LVL4
 527 017a EC020000 		.4byte	0x2ec
 528 017e 8C010000 		.4byte	0x18c
 529 0182 0E       		.uleb128 0xe
 530 0183 01       		.uleb128 0x1
 531 0184 50       		.byte	0x50
 532 0185 05       		.uleb128 0x5
 533 0186 0C       		.byte	0xc
 534 0187 001BB700 		.4byte	0xb71b00
 535 018b 00       		.byte	0
 536 018c 10       		.uleb128 0x10
 537 018d 18000000 		.4byte	.LVL5
 538 0191 FD020000 		.4byte	0x2fd
 539 0195 9F010000 		.4byte	0x19f
 540 0199 0E       		.uleb128 0xe
 541 019a 01       		.uleb128 0x1
 542 019b 50       		.byte	0x50
 543 019c 01       		.uleb128 0x1
 544 019d 31       		.byte	0x31
 545 019e 00       		.byte	0
 546 019f 10       		.uleb128 0x10
 547 01a0 1E000000 		.4byte	.LVL6
 548 01a4 12030000 		.4byte	0x312
 549 01a8 B3010000 		.4byte	0x1b3
 550 01ac 0E       		.uleb128 0xe
 551 01ad 01       		.uleb128 0x1
 552 01ae 50       		.byte	0x50
 553 01af 02       		.uleb128 0x2
 554 01b0 08       		.byte	0x8
 555 01b1 30       		.byte	0x30
 556 01b2 00       		.byte	0
 557 01b3 10       		.uleb128 0x10
 558 01b4 54000000 		.4byte	.LVL7
 559 01b8 23030000 		.4byte	0x323
 560 01bc C8010000 		.4byte	0x1c8
 561 01c0 0E       		.uleb128 0xe
 562 01c1 01       		.uleb128 0x1
 563 01c2 50       		.byte	0x50
 564 01c3 03       		.uleb128 0x3
 565 01c4 0A       		.byte	0xa
 566 01c5 D007     		.2byte	0x7d0
 567 01c7 00       		.byte	0
 568 01c8 10       		.uleb128 0x10
 569 01c9 5A000000 		.4byte	.LVL8
 570 01cd 38030000 		.4byte	0x338
 571 01d1 DD010000 		.4byte	0x1dd
 572 01d5 0E       		.uleb128 0xe
 573 01d6 01       		.uleb128 0x1
 574 01d7 50       		.byte	0x50
ARM GAS  C:\Users\Sarah\AppData\Local\Temp\ccacYEl9.s 			page 17


 575 01d8 03       		.uleb128 0x3
 576 01d9 0A       		.byte	0xa
 577 01da DC05     		.2byte	0x5dc
 578 01dc 00       		.byte	0
 579 01dd 10       		.uleb128 0x10
 580 01de 72000000 		.4byte	.LVL9
 581 01e2 49030000 		.4byte	0x349
 582 01e6 F0010000 		.4byte	0x1f0
 583 01ea 0E       		.uleb128 0xe
 584 01eb 01       		.uleb128 0x1
 585 01ec 50       		.byte	0x50
 586 01ed 01       		.uleb128 0x1
 587 01ee 38       		.byte	0x38
 588 01ef 00       		.byte	0
 589 01f0 0D       		.uleb128 0xd
 590 01f1 78000000 		.4byte	.LVL10
 591 01f5 63030000 		.4byte	0x363
 592 01f9 0E       		.uleb128 0xe
 593 01fa 01       		.uleb128 0x1
 594 01fb 50       		.byte	0x50
 595 01fc 01       		.uleb128 0x1
 596 01fd 38       		.byte	0x38
 597 01fe 00       		.byte	0
 598 01ff 00       		.byte	0
 599 0200 11       		.uleb128 0x11
 600 0201 10010000 		.4byte	.LASF38
 601 0205 01       		.byte	0x1
 602 0206 F7       		.byte	0xf7
 603 0207 B4000000 		.4byte	.LFB7
 604 020b B8000000 		.4byte	.LFE7-.LFB7
 605 020f 01       		.uleb128 0x1
 606 0210 9C       		.byte	0x9c
 607 0211 C8020000 		.4byte	0x2c8
 608 0215 12       		.uleb128 0x12
 609 0216 BE000000 		.4byte	.LBB2
 610 021a 62000000 		.4byte	.LBE2-.LBB2
 611 021e B5020000 		.4byte	0x2b5
 612 0222 13       		.uleb128 0x13
 613 0223 06       		.byte	0x6
 614 0224 01       		.byte	0x1
 615 0225 0001     		.2byte	0x100
 616 0227 46020000 		.4byte	0x246
 617 022b 14       		.uleb128 0x14
 618 022c 1D010000 		.4byte	.LASF23
 619 0230 01       		.byte	0x1
 620 0231 0101     		.2byte	0x101
 621 0233 7D000000 		.4byte	0x7d
 622 0237 00       		.byte	0
 623 0238 14       		.uleb128 0x14
 624 0239 6F000000 		.4byte	.LASF24
 625 023d 01       		.byte	0x1
 626 023e 0201     		.2byte	0x102
 627 0240 99000000 		.4byte	0x99
 628 0244 04       		.byte	0x4
 629 0245 00       		.byte	0
 630 0246 08       		.uleb128 0x8
 631 0247 AA010000 		.4byte	.LASF25
ARM GAS  C:\Users\Sarah\AppData\Local\Temp\ccacYEl9.s 			page 18


 632 024b 01       		.byte	0x1
 633 024c 0301     		.2byte	0x103
 634 024e 22020000 		.4byte	0x222
 635 0252 15       		.uleb128 0x15
 636 0253 46020000 		.4byte	0x246
 637 0257 62020000 		.4byte	0x262
 638 025b 16       		.uleb128 0x16
 639 025c 76000000 		.4byte	0x76
 640 0260 01       		.byte	0x1
 641 0261 00       		.byte	0
 642 0262 17       		.uleb128 0x17
 643 0263 3B000000 		.4byte	.LASF26
 644 0267 01       		.byte	0x1
 645 0268 0501     		.2byte	0x105
 646 026a 74020000 		.4byte	0x274
 647 026e 05       		.uleb128 0x5
 648 026f 03       		.byte	0x3
 649 0270 00000000 		.4byte	cfg_memset_list.4771
 650 0274 18       		.uleb128 0x18
 651 0275 52020000 		.4byte	0x252
 652 0279 19       		.uleb128 0x19
 653 027a 6900     		.ascii	"i\000"
 654 027c 01       		.byte	0x1
 655 027d 0B01     		.2byte	0x10b
 656 027f 8D000000 		.4byte	0x8d
 657 0283 4D000000 		.4byte	.LLST2
 658 0287 1A       		.uleb128 0x1a
 659 0288 C2000000 		.4byte	.LBB3
 660 028c 1E000000 		.4byte	.LBE3-.LBB3
 661 0290 19       		.uleb128 0x19
 662 0291 6D7300   		.ascii	"ms\000"
 663 0294 01       		.byte	0x1
 664 0295 1001     		.2byte	0x110
 665 0297 9F020000 		.4byte	0x29f
 666 029b 77000000 		.4byte	.LLST3
 667 029f 06       		.uleb128 0x6
 668 02a0 04       		.byte	0x4
 669 02a1 A5020000 		.4byte	0x2a5
 670 02a5 18       		.uleb128 0x18
 671 02a6 46020000 		.4byte	0x246
 672 02aa 0F       		.uleb128 0xf
 673 02ab E0000000 		.4byte	.LVL13
 674 02af 0A010000 		.4byte	0x10a
 675 02b3 00       		.byte	0
 676 02b4 00       		.byte	0
 677 02b5 0F       		.uleb128 0xf
 678 02b6 38010000 		.4byte	.LVL16
 679 02ba 57010000 		.4byte	0x157
 680 02be 0F       		.uleb128 0xf
 681 02bf 3C010000 		.4byte	.LVL17
 682 02c3 F9000000 		.4byte	0xf9
 683 02c7 00       		.byte	0
 684 02c8 1B       		.uleb128 0x1b
 685 02c9 D2000000 		.4byte	.LASF27
 686 02cd 7D000000 		.4byte	0x7d
 687 02d1 E5020000 		.4byte	0x2e5
 688 02d5 1C       		.uleb128 0x1c
ARM GAS  C:\Users\Sarah\AppData\Local\Temp\ccacYEl9.s 			page 19


 689 02d6 7D000000 		.4byte	0x7d
 690 02da 1C       		.uleb128 0x1c
 691 02db 25000000 		.4byte	0x25
 692 02df 1C       		.uleb128 0x1c
 693 02e0 76000000 		.4byte	0x76
 694 02e4 00       		.byte	0
 695 02e5 1D       		.uleb128 0x1d
 696 02e6 A9000000 		.4byte	.LASF39
 697 02ea 05       		.byte	0x5
 698 02eb 4F       		.byte	0x4f
 699 02ec 1E       		.uleb128 0x1e
 700 02ed 00000000 		.4byte	.LASF28
 701 02f1 04       		.byte	0x4
 702 02f2 DC       		.byte	0xdc
 703 02f3 FD020000 		.4byte	0x2fd
 704 02f7 1C       		.uleb128 0x1c
 705 02f8 A5000000 		.4byte	0xa5
 706 02fc 00       		.byte	0
 707 02fd 1F       		.uleb128 0x1f
 708 02fe 74000000 		.4byte	.LASF30
 709 0302 05       		.byte	0x5
 710 0303 51       		.byte	0x51
 711 0304 A5000000 		.4byte	0xa5
 712 0308 12030000 		.4byte	0x312
 713 030c 1C       		.uleb128 0x1c
 714 030d A5000000 		.4byte	0xa5
 715 0311 00       		.byte	0
 716 0312 1E       		.uleb128 0x1e
 717 0313 86020000 		.4byte	.LASF29
 718 0317 04       		.byte	0x4
 719 0318 6C       		.byte	0x6c
 720 0319 23030000 		.4byte	0x323
 721 031d 1C       		.uleb128 0x1c
 722 031e A5000000 		.4byte	0xa5
 723 0322 00       		.byte	0
 724 0323 1F       		.uleb128 0x1f
 725 0324 DD010000 		.4byte	.LASF31
 726 0328 04       		.byte	0x4
 727 0329 84       		.byte	0x84
 728 032a BF000000 		.4byte	0xbf
 729 032e 38030000 		.4byte	0x338
 730 0332 1C       		.uleb128 0x1c
 731 0333 A5000000 		.4byte	0xa5
 732 0337 00       		.byte	0
 733 0338 1E       		.uleb128 0x1e
 734 0339 CE010000 		.4byte	.LASF32
 735 033d 04       		.byte	0x4
 736 033e DA       		.byte	0xda
 737 033f 49030000 		.4byte	0x349
 738 0343 1C       		.uleb128 0x1c
 739 0344 99000000 		.4byte	0x99
 740 0348 00       		.byte	0
 741 0349 1F       		.uleb128 0x1f
 742 034a 2C000000 		.4byte	.LASF33
 743 034e 04       		.byte	0x4
 744 034f BD       		.byte	0xbd
 745 0350 ED000000 		.4byte	0xed
ARM GAS  C:\Users\Sarah\AppData\Local\Temp\ccacYEl9.s 			page 20


 746 0354 63030000 		.4byte	0x363
 747 0358 1C       		.uleb128 0x1c
 748 0359 8D000000 		.4byte	0x8d
 749 035d 1C       		.uleb128 0x1c
 750 035e ED000000 		.4byte	0xed
 751 0362 00       		.byte	0
 752 0363 20       		.uleb128 0x20
 753 0364 E0000000 		.4byte	.LASF40
 754 0368 04       		.byte	0x4
 755 0369 C3       		.byte	0xc3
 756 036a 1C       		.uleb128 0x1c
 757 036b 8D000000 		.4byte	0x8d
 758 036f 00       		.byte	0
 759 0370 00       		.byte	0
 760              		.section	.debug_abbrev,"",%progbits
 761              	.Ldebug_abbrev0:
 762 0000 01       		.uleb128 0x1
 763 0001 11       		.uleb128 0x11
 764 0002 01       		.byte	0x1
 765 0003 25       		.uleb128 0x25
 766 0004 0E       		.uleb128 0xe
 767 0005 13       		.uleb128 0x13
 768 0006 0B       		.uleb128 0xb
 769 0007 03       		.uleb128 0x3
 770 0008 0E       		.uleb128 0xe
 771 0009 1B       		.uleb128 0x1b
 772 000a 0E       		.uleb128 0xe
 773 000b 55       		.uleb128 0x55
 774 000c 17       		.uleb128 0x17
 775 000d 11       		.uleb128 0x11
 776 000e 01       		.uleb128 0x1
 777 000f 10       		.uleb128 0x10
 778 0010 17       		.uleb128 0x17
 779 0011 00       		.byte	0
 780 0012 00       		.byte	0
 781 0013 02       		.uleb128 0x2
 782 0014 24       		.uleb128 0x24
 783 0015 00       		.byte	0
 784 0016 0B       		.uleb128 0xb
 785 0017 0B       		.uleb128 0xb
 786 0018 3E       		.uleb128 0x3e
 787 0019 0B       		.uleb128 0xb
 788 001a 03       		.uleb128 0x3
 789 001b 08       		.uleb128 0x8
 790 001c 00       		.byte	0
 791 001d 00       		.byte	0
 792 001e 03       		.uleb128 0x3
 793 001f 16       		.uleb128 0x16
 794 0020 00       		.byte	0
 795 0021 03       		.uleb128 0x3
 796 0022 0E       		.uleb128 0xe
 797 0023 3A       		.uleb128 0x3a
 798 0024 0B       		.uleb128 0xb
 799 0025 3B       		.uleb128 0x3b
 800 0026 0B       		.uleb128 0xb
 801 0027 49       		.uleb128 0x49
 802 0028 13       		.uleb128 0x13
ARM GAS  C:\Users\Sarah\AppData\Local\Temp\ccacYEl9.s 			page 21


 803 0029 00       		.byte	0
 804 002a 00       		.byte	0
 805 002b 04       		.uleb128 0x4
 806 002c 24       		.uleb128 0x24
 807 002d 00       		.byte	0
 808 002e 0B       		.uleb128 0xb
 809 002f 0B       		.uleb128 0xb
 810 0030 3E       		.uleb128 0x3e
 811 0031 0B       		.uleb128 0xb
 812 0032 03       		.uleb128 0x3
 813 0033 0E       		.uleb128 0xe
 814 0034 00       		.byte	0
 815 0035 00       		.byte	0
 816 0036 05       		.uleb128 0x5
 817 0037 0F       		.uleb128 0xf
 818 0038 00       		.byte	0
 819 0039 0B       		.uleb128 0xb
 820 003a 0B       		.uleb128 0xb
 821 003b 00       		.byte	0
 822 003c 00       		.byte	0
 823 003d 06       		.uleb128 0x6
 824 003e 0F       		.uleb128 0xf
 825 003f 00       		.byte	0
 826 0040 0B       		.uleb128 0xb
 827 0041 0B       		.uleb128 0xb
 828 0042 49       		.uleb128 0x49
 829 0043 13       		.uleb128 0x13
 830 0044 00       		.byte	0
 831 0045 00       		.byte	0
 832 0046 07       		.uleb128 0x7
 833 0047 15       		.uleb128 0x15
 834 0048 00       		.byte	0
 835 0049 27       		.uleb128 0x27
 836 004a 19       		.uleb128 0x19
 837 004b 00       		.byte	0
 838 004c 00       		.byte	0
 839 004d 08       		.uleb128 0x8
 840 004e 16       		.uleb128 0x16
 841 004f 00       		.byte	0
 842 0050 03       		.uleb128 0x3
 843 0051 0E       		.uleb128 0xe
 844 0052 3A       		.uleb128 0x3a
 845 0053 0B       		.uleb128 0xb
 846 0054 3B       		.uleb128 0x3b
 847 0055 05       		.uleb128 0x5
 848 0056 49       		.uleb128 0x49
 849 0057 13       		.uleb128 0x13
 850 0058 00       		.byte	0
 851 0059 00       		.byte	0
 852 005a 09       		.uleb128 0x9
 853 005b 35       		.uleb128 0x35
 854 005c 00       		.byte	0
 855 005d 49       		.uleb128 0x49
 856 005e 13       		.uleb128 0x13
 857 005f 00       		.byte	0
 858 0060 00       		.byte	0
 859 0061 0A       		.uleb128 0xa
ARM GAS  C:\Users\Sarah\AppData\Local\Temp\ccacYEl9.s 			page 22


 860 0062 2E       		.uleb128 0x2e
 861 0063 00       		.byte	0
 862 0064 03       		.uleb128 0x3
 863 0065 0E       		.uleb128 0xe
 864 0066 3A       		.uleb128 0x3a
 865 0067 0B       		.uleb128 0xb
 866 0068 3B       		.uleb128 0x3b
 867 0069 0B       		.uleb128 0xb
 868 006a 27       		.uleb128 0x27
 869 006b 19       		.uleb128 0x19
 870 006c 11       		.uleb128 0x11
 871 006d 01       		.uleb128 0x1
 872 006e 12       		.uleb128 0x12
 873 006f 06       		.uleb128 0x6
 874 0070 40       		.uleb128 0x40
 875 0071 18       		.uleb128 0x18
 876 0072 9742     		.uleb128 0x2117
 877 0074 19       		.uleb128 0x19
 878 0075 00       		.byte	0
 879 0076 00       		.byte	0
 880 0077 0B       		.uleb128 0xb
 881 0078 2E       		.uleb128 0x2e
 882 0079 01       		.byte	0x1
 883 007a 03       		.uleb128 0x3
 884 007b 0E       		.uleb128 0xe
 885 007c 3A       		.uleb128 0x3a
 886 007d 0B       		.uleb128 0xb
 887 007e 3B       		.uleb128 0x3b
 888 007f 0B       		.uleb128 0xb
 889 0080 27       		.uleb128 0x27
 890 0081 19       		.uleb128 0x19
 891 0082 11       		.uleb128 0x11
 892 0083 01       		.uleb128 0x1
 893 0084 12       		.uleb128 0x12
 894 0085 06       		.uleb128 0x6
 895 0086 40       		.uleb128 0x40
 896 0087 18       		.uleb128 0x18
 897 0088 9742     		.uleb128 0x2117
 898 008a 19       		.uleb128 0x19
 899 008b 01       		.uleb128 0x1
 900 008c 13       		.uleb128 0x13
 901 008d 00       		.byte	0
 902 008e 00       		.byte	0
 903 008f 0C       		.uleb128 0xc
 904 0090 05       		.uleb128 0x5
 905 0091 00       		.byte	0
 906 0092 03       		.uleb128 0x3
 907 0093 08       		.uleb128 0x8
 908 0094 3A       		.uleb128 0x3a
 909 0095 0B       		.uleb128 0xb
 910 0096 3B       		.uleb128 0x3b
 911 0097 0B       		.uleb128 0xb
 912 0098 49       		.uleb128 0x49
 913 0099 13       		.uleb128 0x13
 914 009a 02       		.uleb128 0x2
 915 009b 17       		.uleb128 0x17
 916 009c 00       		.byte	0
ARM GAS  C:\Users\Sarah\AppData\Local\Temp\ccacYEl9.s 			page 23


 917 009d 00       		.byte	0
 918 009e 0D       		.uleb128 0xd
 919 009f 898201   		.uleb128 0x4109
 920 00a2 01       		.byte	0x1
 921 00a3 11       		.uleb128 0x11
 922 00a4 01       		.uleb128 0x1
 923 00a5 31       		.uleb128 0x31
 924 00a6 13       		.uleb128 0x13
 925 00a7 00       		.byte	0
 926 00a8 00       		.byte	0
 927 00a9 0E       		.uleb128 0xe
 928 00aa 8A8201   		.uleb128 0x410a
 929 00ad 00       		.byte	0
 930 00ae 02       		.uleb128 0x2
 931 00af 18       		.uleb128 0x18
 932 00b0 9142     		.uleb128 0x2111
 933 00b2 18       		.uleb128 0x18
 934 00b3 00       		.byte	0
 935 00b4 00       		.byte	0
 936 00b5 0F       		.uleb128 0xf
 937 00b6 898201   		.uleb128 0x4109
 938 00b9 00       		.byte	0
 939 00ba 11       		.uleb128 0x11
 940 00bb 01       		.uleb128 0x1
 941 00bc 31       		.uleb128 0x31
 942 00bd 13       		.uleb128 0x13
 943 00be 00       		.byte	0
 944 00bf 00       		.byte	0
 945 00c0 10       		.uleb128 0x10
 946 00c1 898201   		.uleb128 0x4109
 947 00c4 01       		.byte	0x1
 948 00c5 11       		.uleb128 0x11
 949 00c6 01       		.uleb128 0x1
 950 00c7 31       		.uleb128 0x31
 951 00c8 13       		.uleb128 0x13
 952 00c9 01       		.uleb128 0x1
 953 00ca 13       		.uleb128 0x13
 954 00cb 00       		.byte	0
 955 00cc 00       		.byte	0
 956 00cd 11       		.uleb128 0x11
 957 00ce 2E       		.uleb128 0x2e
 958 00cf 01       		.byte	0x1
 959 00d0 3F       		.uleb128 0x3f
 960 00d1 19       		.uleb128 0x19
 961 00d2 03       		.uleb128 0x3
 962 00d3 0E       		.uleb128 0xe
 963 00d4 3A       		.uleb128 0x3a
 964 00d5 0B       		.uleb128 0xb
 965 00d6 3B       		.uleb128 0x3b
 966 00d7 0B       		.uleb128 0xb
 967 00d8 27       		.uleb128 0x27
 968 00d9 19       		.uleb128 0x19
 969 00da 11       		.uleb128 0x11
 970 00db 01       		.uleb128 0x1
 971 00dc 12       		.uleb128 0x12
 972 00dd 06       		.uleb128 0x6
 973 00de 40       		.uleb128 0x40
ARM GAS  C:\Users\Sarah\AppData\Local\Temp\ccacYEl9.s 			page 24


 974 00df 18       		.uleb128 0x18
 975 00e0 9742     		.uleb128 0x2117
 976 00e2 19       		.uleb128 0x19
 977 00e3 01       		.uleb128 0x1
 978 00e4 13       		.uleb128 0x13
 979 00e5 00       		.byte	0
 980 00e6 00       		.byte	0
 981 00e7 12       		.uleb128 0x12
 982 00e8 0B       		.uleb128 0xb
 983 00e9 01       		.byte	0x1
 984 00ea 11       		.uleb128 0x11
 985 00eb 01       		.uleb128 0x1
 986 00ec 12       		.uleb128 0x12
 987 00ed 06       		.uleb128 0x6
 988 00ee 01       		.uleb128 0x1
 989 00ef 13       		.uleb128 0x13
 990 00f0 00       		.byte	0
 991 00f1 00       		.byte	0
 992 00f2 13       		.uleb128 0x13
 993 00f3 13       		.uleb128 0x13
 994 00f4 01       		.byte	0x1
 995 00f5 0B       		.uleb128 0xb
 996 00f6 0B       		.uleb128 0xb
 997 00f7 3A       		.uleb128 0x3a
 998 00f8 0B       		.uleb128 0xb
 999 00f9 3B       		.uleb128 0x3b
 1000 00fa 05       		.uleb128 0x5
 1001 00fb 01       		.uleb128 0x1
 1002 00fc 13       		.uleb128 0x13
 1003 00fd 00       		.byte	0
 1004 00fe 00       		.byte	0
 1005 00ff 14       		.uleb128 0x14
 1006 0100 0D       		.uleb128 0xd
 1007 0101 00       		.byte	0
 1008 0102 03       		.uleb128 0x3
 1009 0103 0E       		.uleb128 0xe
 1010 0104 3A       		.uleb128 0x3a
 1011 0105 0B       		.uleb128 0xb
 1012 0106 3B       		.uleb128 0x3b
 1013 0107 05       		.uleb128 0x5
 1014 0108 49       		.uleb128 0x49
 1015 0109 13       		.uleb128 0x13
 1016 010a 38       		.uleb128 0x38
 1017 010b 0B       		.uleb128 0xb
 1018 010c 00       		.byte	0
 1019 010d 00       		.byte	0
 1020 010e 15       		.uleb128 0x15
 1021 010f 01       		.uleb128 0x1
 1022 0110 01       		.byte	0x1
 1023 0111 49       		.uleb128 0x49
 1024 0112 13       		.uleb128 0x13
 1025 0113 01       		.uleb128 0x1
 1026 0114 13       		.uleb128 0x13
 1027 0115 00       		.byte	0
 1028 0116 00       		.byte	0
 1029 0117 16       		.uleb128 0x16
 1030 0118 21       		.uleb128 0x21
ARM GAS  C:\Users\Sarah\AppData\Local\Temp\ccacYEl9.s 			page 25


 1031 0119 00       		.byte	0
 1032 011a 49       		.uleb128 0x49
 1033 011b 13       		.uleb128 0x13
 1034 011c 2F       		.uleb128 0x2f
 1035 011d 0B       		.uleb128 0xb
 1036 011e 00       		.byte	0
 1037 011f 00       		.byte	0
 1038 0120 17       		.uleb128 0x17
 1039 0121 34       		.uleb128 0x34
 1040 0122 00       		.byte	0
 1041 0123 03       		.uleb128 0x3
 1042 0124 0E       		.uleb128 0xe
 1043 0125 3A       		.uleb128 0x3a
 1044 0126 0B       		.uleb128 0xb
 1045 0127 3B       		.uleb128 0x3b
 1046 0128 05       		.uleb128 0x5
 1047 0129 49       		.uleb128 0x49
 1048 012a 13       		.uleb128 0x13
 1049 012b 02       		.uleb128 0x2
 1050 012c 18       		.uleb128 0x18
 1051 012d 00       		.byte	0
 1052 012e 00       		.byte	0
 1053 012f 18       		.uleb128 0x18
 1054 0130 26       		.uleb128 0x26
 1055 0131 00       		.byte	0
 1056 0132 49       		.uleb128 0x49
 1057 0133 13       		.uleb128 0x13
 1058 0134 00       		.byte	0
 1059 0135 00       		.byte	0
 1060 0136 19       		.uleb128 0x19
 1061 0137 34       		.uleb128 0x34
 1062 0138 00       		.byte	0
 1063 0139 03       		.uleb128 0x3
 1064 013a 08       		.uleb128 0x8
 1065 013b 3A       		.uleb128 0x3a
 1066 013c 0B       		.uleb128 0xb
 1067 013d 3B       		.uleb128 0x3b
 1068 013e 05       		.uleb128 0x5
 1069 013f 49       		.uleb128 0x49
 1070 0140 13       		.uleb128 0x13
 1071 0141 02       		.uleb128 0x2
 1072 0142 17       		.uleb128 0x17
 1073 0143 00       		.byte	0
 1074 0144 00       		.byte	0
 1075 0145 1A       		.uleb128 0x1a
 1076 0146 0B       		.uleb128 0xb
 1077 0147 01       		.byte	0x1
 1078 0148 11       		.uleb128 0x11
 1079 0149 01       		.uleb128 0x1
 1080 014a 12       		.uleb128 0x12
 1081 014b 06       		.uleb128 0x6
 1082 014c 00       		.byte	0
 1083 014d 00       		.byte	0
 1084 014e 1B       		.uleb128 0x1b
 1085 014f 2E       		.uleb128 0x2e
 1086 0150 01       		.byte	0x1
 1087 0151 3F       		.uleb128 0x3f
ARM GAS  C:\Users\Sarah\AppData\Local\Temp\ccacYEl9.s 			page 26


 1088 0152 19       		.uleb128 0x19
 1089 0153 03       		.uleb128 0x3
 1090 0154 0E       		.uleb128 0xe
 1091 0155 27       		.uleb128 0x27
 1092 0156 19       		.uleb128 0x19
 1093 0157 49       		.uleb128 0x49
 1094 0158 13       		.uleb128 0x13
 1095 0159 34       		.uleb128 0x34
 1096 015a 19       		.uleb128 0x19
 1097 015b 3C       		.uleb128 0x3c
 1098 015c 19       		.uleb128 0x19
 1099 015d 01       		.uleb128 0x1
 1100 015e 13       		.uleb128 0x13
 1101 015f 00       		.byte	0
 1102 0160 00       		.byte	0
 1103 0161 1C       		.uleb128 0x1c
 1104 0162 05       		.uleb128 0x5
 1105 0163 00       		.byte	0
 1106 0164 49       		.uleb128 0x49
 1107 0165 13       		.uleb128 0x13
 1108 0166 00       		.byte	0
 1109 0167 00       		.byte	0
 1110 0168 1D       		.uleb128 0x1d
 1111 0169 2E       		.uleb128 0x2e
 1112 016a 00       		.byte	0
 1113 016b 3F       		.uleb128 0x3f
 1114 016c 19       		.uleb128 0x19
 1115 016d 03       		.uleb128 0x3
 1116 016e 0E       		.uleb128 0xe
 1117 016f 3A       		.uleb128 0x3a
 1118 0170 0B       		.uleb128 0xb
 1119 0171 3B       		.uleb128 0x3b
 1120 0172 0B       		.uleb128 0xb
 1121 0173 27       		.uleb128 0x27
 1122 0174 19       		.uleb128 0x19
 1123 0175 3C       		.uleb128 0x3c
 1124 0176 19       		.uleb128 0x19
 1125 0177 00       		.byte	0
 1126 0178 00       		.byte	0
 1127 0179 1E       		.uleb128 0x1e
 1128 017a 2E       		.uleb128 0x2e
 1129 017b 01       		.byte	0x1
 1130 017c 3F       		.uleb128 0x3f
 1131 017d 19       		.uleb128 0x19
 1132 017e 03       		.uleb128 0x3
 1133 017f 0E       		.uleb128 0xe
 1134 0180 3A       		.uleb128 0x3a
 1135 0181 0B       		.uleb128 0xb
 1136 0182 3B       		.uleb128 0x3b
 1137 0183 0B       		.uleb128 0xb
 1138 0184 27       		.uleb128 0x27
 1139 0185 19       		.uleb128 0x19
 1140 0186 3C       		.uleb128 0x3c
 1141 0187 19       		.uleb128 0x19
 1142 0188 01       		.uleb128 0x1
 1143 0189 13       		.uleb128 0x13
 1144 018a 00       		.byte	0
ARM GAS  C:\Users\Sarah\AppData\Local\Temp\ccacYEl9.s 			page 27


 1145 018b 00       		.byte	0
 1146 018c 1F       		.uleb128 0x1f
 1147 018d 2E       		.uleb128 0x2e
 1148 018e 01       		.byte	0x1
 1149 018f 3F       		.uleb128 0x3f
 1150 0190 19       		.uleb128 0x19
 1151 0191 03       		.uleb128 0x3
 1152 0192 0E       		.uleb128 0xe
 1153 0193 3A       		.uleb128 0x3a
 1154 0194 0B       		.uleb128 0xb
 1155 0195 3B       		.uleb128 0x3b
 1156 0196 0B       		.uleb128 0xb
 1157 0197 27       		.uleb128 0x27
 1158 0198 19       		.uleb128 0x19
 1159 0199 49       		.uleb128 0x49
 1160 019a 13       		.uleb128 0x13
 1161 019b 3C       		.uleb128 0x3c
 1162 019c 19       		.uleb128 0x19
 1163 019d 01       		.uleb128 0x1
 1164 019e 13       		.uleb128 0x13
 1165 019f 00       		.byte	0
 1166 01a0 00       		.byte	0
 1167 01a1 20       		.uleb128 0x20
 1168 01a2 2E       		.uleb128 0x2e
 1169 01a3 01       		.byte	0x1
 1170 01a4 3F       		.uleb128 0x3f
 1171 01a5 19       		.uleb128 0x19
 1172 01a6 03       		.uleb128 0x3
 1173 01a7 0E       		.uleb128 0xe
 1174 01a8 3A       		.uleb128 0x3a
 1175 01a9 0B       		.uleb128 0xb
 1176 01aa 3B       		.uleb128 0x3b
 1177 01ab 0B       		.uleb128 0xb
 1178 01ac 27       		.uleb128 0x27
 1179 01ad 19       		.uleb128 0x19
 1180 01ae 3C       		.uleb128 0x3c
 1181 01af 19       		.uleb128 0x19
 1182 01b0 00       		.byte	0
 1183 01b1 00       		.byte	0
 1184 01b2 00       		.byte	0
 1185              		.section	.debug_loc,"",%progbits
 1186              	.Ldebug_loc0:
 1187              	.LLST0:
 1188 0000 00000000 		.4byte	.LVL0
 1189 0004 09000000 		.4byte	.LVL2-1
 1190 0008 0100     		.2byte	0x1
 1191 000a 50       		.byte	0x50
 1192 000b 09000000 		.4byte	.LVL2-1
 1193 000f 0C000000 		.4byte	.LFE2
 1194 0013 0400     		.2byte	0x4
 1195 0015 F3       		.byte	0xf3
 1196 0016 01       		.uleb128 0x1
 1197 0017 50       		.byte	0x50
 1198 0018 9F       		.byte	0x9f
 1199 0019 00000000 		.4byte	0
 1200 001d 00000000 		.4byte	0
 1201              	.LLST1:
ARM GAS  C:\Users\Sarah\AppData\Local\Temp\ccacYEl9.s 			page 28


 1202 0021 00000000 		.4byte	.LVL0
 1203 0025 06000000 		.4byte	.LVL1
 1204 0029 0100     		.2byte	0x1
 1205 002b 51       		.byte	0x51
 1206 002c 06000000 		.4byte	.LVL1
 1207 0030 09000000 		.4byte	.LVL2-1
 1208 0034 0100     		.2byte	0x1
 1209 0036 52       		.byte	0x52
 1210 0037 09000000 		.4byte	.LVL2-1
 1211 003b 0C000000 		.4byte	.LFE2
 1212 003f 0400     		.2byte	0x4
 1213 0041 F3       		.byte	0xf3
 1214 0042 01       		.uleb128 0x1
 1215 0043 51       		.byte	0x51
 1216 0044 9F       		.byte	0x9f
 1217 0045 00000000 		.4byte	0
 1218 0049 00000000 		.4byte	0
 1219              	.LLST2:
 1220 004d BE000000 		.4byte	.LVL11
 1221 0051 C2000000 		.4byte	.LVL12
 1222 0055 0200     		.2byte	0x2
 1223 0057 30       		.byte	0x30
 1224 0058 9F       		.byte	0x9f
 1225 0059 C2000000 		.4byte	.LVL12
 1226 005d E2000000 		.4byte	.LVL14
 1227 0061 0100     		.2byte	0x1
 1228 0063 54       		.byte	0x54
 1229 0064 E4000000 		.4byte	.LVL15
 1230 0068 3C010000 		.4byte	.LVL18
 1231 006c 0100     		.2byte	0x1
 1232 006e 54       		.byte	0x54
 1233 006f 00000000 		.4byte	0
 1234 0073 00000000 		.4byte	0
 1235              	.LLST3:
 1236 0077 C2000000 		.4byte	.LVL12
 1237 007b E2000000 		.4byte	.LVL14
 1238 007f 0B00     		.2byte	0xb
 1239 0081 74       		.byte	0x74
 1240 0082 00       		.sleb128 0
 1241 0083 36       		.byte	0x36
 1242 0084 1E       		.byte	0x1e
 1243 0085 03       		.byte	0x3
 1244 0086 00000000 		.4byte	cfg_memset_list.4771
 1245 008a 22       		.byte	0x22
 1246 008b 9F       		.byte	0x9f
 1247 008c E2000000 		.4byte	.LVL14
 1248 0090 E4000000 		.4byte	.LVL15
 1249 0094 0B00     		.2byte	0xb
 1250 0096 74       		.byte	0x74
 1251 0097 7F       		.sleb128 -1
 1252 0098 36       		.byte	0x36
 1253 0099 1E       		.byte	0x1e
 1254 009a 03       		.byte	0x3
 1255 009b 00000000 		.4byte	cfg_memset_list.4771
 1256 009f 22       		.byte	0x22
 1257 00a0 9F       		.byte	0x9f
 1258 00a1 00000000 		.4byte	0
ARM GAS  C:\Users\Sarah\AppData\Local\Temp\ccacYEl9.s 			page 29


 1259 00a5 00000000 		.4byte	0
 1260              		.section	.debug_aranges,"",%progbits
 1261 0000 34000000 		.4byte	0x34
 1262 0004 0200     		.2byte	0x2
 1263 0006 00000000 		.4byte	.Ldebug_info0
 1264 000a 04       		.byte	0x4
 1265 000b 00       		.byte	0
 1266 000c 0000     		.2byte	0
 1267 000e 0000     		.2byte	0
 1268 0010 00000000 		.4byte	.LFB6
 1269 0014 20000000 		.4byte	.LFE6-.LFB6
 1270 0018 00000000 		.4byte	.LFB2
 1271 001c 0C000000 		.4byte	.LFE2-.LFB2
 1272 0020 00000000 		.4byte	.LFB5
 1273 0024 B4000000 		.4byte	.LFE5-.LFB5
 1274 0028 B4000000 		.4byte	.LFB7
 1275 002c B8000000 		.4byte	.LFE7-.LFB7
 1276 0030 00000000 		.4byte	0
 1277 0034 00000000 		.4byte	0
 1278              		.section	.debug_ranges,"",%progbits
 1279              	.Ldebug_ranges0:
 1280 0000 00000000 		.4byte	.LFB6
 1281 0004 20000000 		.4byte	.LFE6
 1282 0008 00000000 		.4byte	.LFB2
 1283 000c 0C000000 		.4byte	.LFE2
 1284 0010 00000000 		.4byte	.LFB5
 1285 0014 B4000000 		.4byte	.LFE5
 1286 0018 B4000000 		.4byte	.LFB7
 1287 001c 6C010000 		.4byte	.LFE7
 1288 0020 00000000 		.4byte	0
 1289 0024 00000000 		.4byte	0
 1290              		.section	.debug_line,"",%progbits
 1291              	.Ldebug_line0:
 1292 0000 58010000 		.section	.debug_str,"MS",%progbits,1
 1292      0200E300 
 1292      00000201 
 1292      FB0E0D00 
 1292      01010101 
 1293              	.LASF28:
 1294 0000 43794465 		.ascii	"CyDelayCycles\000"
 1294      6C617943 
 1294      79636C65 
 1294      7300
 1295              	.LASF19:
 1296 000e 72656733 		.ascii	"reg32\000"
 1296      3200
 1297              	.LASF11:
 1298 0014 73697A65 		.ascii	"size_t\000"
 1298      5F7400
 1299              	.LASF37:
 1300 001b 416E616C 		.ascii	"AnalogSetDefault\000"
 1300      6F675365 
 1300      74446566 
 1300      61756C74 
 1300      00
 1301              	.LASF33:
 1302 002c 4379496E 		.ascii	"CyIntSetVector\000"
ARM GAS  C:\Users\Sarah\AppData\Local\Temp\ccacYEl9.s 			page 30


 1302      74536574 
 1302      56656374 
 1302      6F7200
 1303              	.LASF26:
 1304 003b 6366675F 		.ascii	"cfg_memset_list\000"
 1304      6D656D73 
 1304      65745F6C 
 1304      69737400 
 1305              	.LASF22:
 1306 004b 436C6F63 		.ascii	"ClockSetup\000"
 1306      6B536574 
 1306      757000
 1307              	.LASF4:
 1308 0056 73686F72 		.ascii	"short unsigned int\000"
 1308      7420756E 
 1308      7369676E 
 1308      65642069 
 1308      6E7400
 1309              	.LASF15:
 1310 0069 666C6F61 		.ascii	"float\000"
 1310      7400
 1311              	.LASF24:
 1312 006f 73697A65 		.ascii	"size\000"
 1312      00
 1313              	.LASF30:
 1314 0074 43795379 		.ascii	"CySysClkWcoSetPowerMode\000"
 1314      73436C6B 
 1314      57636F53 
 1314      6574506F 
 1314      7765724D 
 1315              	.LASF18:
 1316 008c 72656738 		.ascii	"reg8\000"
 1316      00
 1317              	.LASF6:
 1318 0091 6C6F6E67 		.ascii	"long unsigned int\000"
 1318      20756E73 
 1318      69676E65 
 1318      6420696E 
 1318      7400
 1319              	.LASF12:
 1320 00a3 75696E74 		.ascii	"uint8\000"
 1320      3800
 1321              	.LASF39:
 1322 00a9 43795379 		.ascii	"CySysClkWcoStart\000"
 1322      73436C6B 
 1322      57636F53 
 1322      74617274 
 1322      00
 1323              	.LASF21:
 1324 00ba 43594D45 		.ascii	"CYMEMZERO\000"
 1324      4D5A4552 
 1324      4F00
 1325              	.LASF2:
 1326 00c4 756E7369 		.ascii	"unsigned char\000"
 1326      676E6564 
 1326      20636861 
 1326      7200
ARM GAS  C:\Users\Sarah\AppData\Local\Temp\ccacYEl9.s 			page 31


 1327              	.LASF27:
 1328 00d2 6D656D73 		.ascii	"memset\000"
 1328      657400
 1329              	.LASF16:
 1330 00d9 646F7562 		.ascii	"double\000"
 1330      6C6500
 1331              	.LASF40:
 1332 00e0 4379496E 		.ascii	"CyIntEnable\000"
 1332      74456E61 
 1332      626C6500 
 1333              	.LASF13:
 1334 00ec 75696E74 		.ascii	"uint16\000"
 1334      313600
 1335              	.LASF17:
 1336 00f3 63797374 		.ascii	"cystatus\000"
 1336      61747573 
 1336      00
 1337              	.LASF14:
 1338 00fc 75696E74 		.ascii	"uint32\000"
 1338      333200
 1339              	.LASF0:
 1340 0103 756E7369 		.ascii	"unsigned int\000"
 1340      676E6564 
 1340      20696E74 
 1340      00
 1341              	.LASF38:
 1342 0110 63796669 		.ascii	"cyfitter_cfg\000"
 1342      74746572 
 1342      5F636667 
 1342      00
 1343              	.LASF23:
 1344 011d 61646472 		.ascii	"address\000"
 1344      65737300 
 1345              	.LASF8:
 1346 0125 6C6F6E67 		.ascii	"long long unsigned int\000"
 1346      206C6F6E 
 1346      6720756E 
 1346      7369676E 
 1346      65642069 
 1347              	.LASF20:
 1348 013c 63796973 		.ascii	"cyisraddress\000"
 1348      72616464 
 1348      72657373 
 1348      00
 1349              	.LASF36:
 1350 0149 433A5C55 		.ascii	"C:\\Users\\Sarah\\Documents\\DVCS\\bleapp-master\\b"
 1350      73657273 
 1350      5C536172 
 1350      61685C44 
 1350      6F63756D 
 1351 0176 6C656170 		.ascii	"leapp-master\\PSoC_Creator\\capsenseled\\VentBLE.cy"
 1351      702D6D61 
 1351      73746572 
 1351      5C50536F 
 1351      435F4372 
 1352 01a6 64736E00 		.ascii	"dsn\000"
 1353              	.LASF25:
ARM GAS  C:\Users\Sarah\AppData\Local\Temp\ccacYEl9.s 			page 32


 1354 01aa 6366675F 		.ascii	"cfg_memset_t\000"
 1354      6D656D73 
 1354      65745F74 
 1354      00
 1355              	.LASF9:
 1356 01b7 73697A65 		.ascii	"sizetype\000"
 1356      74797065 
 1356      00
 1357              	.LASF7:
 1358 01c0 6C6F6E67 		.ascii	"long long int\000"
 1358      206C6F6E 
 1358      6720696E 
 1358      7400
 1359              	.LASF32:
 1360 01ce 43794465 		.ascii	"CyDelayUs\000"
 1360      6C617955 
 1360      7300
 1361              	.LASF10:
 1362 01d8 63686172 		.ascii	"char\000"
 1362      00
 1363              	.LASF31:
 1364 01dd 43795379 		.ascii	"CySysClkEcoStart\000"
 1364      73436C6B 
 1364      45636F53 
 1364      74617274 
 1364      00
 1365              	.LASF34:
 1366 01ee 474E5520 		.ascii	"GNU C 4.9.3 20150303 (release) [ARM/embedded-4_9-br"
 1366      4320342E 
 1366      392E3320 
 1366      32303135 
 1366      30333033 
 1367 0221 616E6368 		.ascii	"anch revision 221220] -mcpu=cortex-m0 -mthumb -g -O"
 1367      20726576 
 1367      6973696F 
 1367      6E203232 
 1367      31323230 
 1368 0254 67202D66 		.ascii	"g -ffunction-sections -ffat-lto-objects\000"
 1368      66756E63 
 1368      74696F6E 
 1368      2D736563 
 1368      74696F6E 
 1369              	.LASF3:
 1370 027c 73686F72 		.ascii	"short int\000"
 1370      7420696E 
 1370      7400
 1371              	.LASF29:
 1372 0286 43795379 		.ascii	"CySysClkWriteImoFreq\000"
 1372      73436C6B 
 1372      57726974 
 1372      65496D6F 
 1372      46726571 
 1373              	.LASF5:
 1374 029b 6C6F6E67 		.ascii	"long int\000"
 1374      20696E74 
 1374      00
 1375              	.LASF1:
ARM GAS  C:\Users\Sarah\AppData\Local\Temp\ccacYEl9.s 			page 33


 1376 02a4 7369676E 		.ascii	"signed char\000"
 1376      65642063 
 1376      68617200 
 1377              	.LASF35:
 1378 02b0 47656E65 		.ascii	"Generated_Source\\PSoC4\\cyfitter_cfg.c\000"
 1378      72617465 
 1378      645F536F 
 1378      75726365 
 1378      5C50536F 
 1379              		.ident	"GCC: (GNU Tools for ARM Embedded Processors) 4.9.3 20150303 (release) [ARM/embedded-4_9-br
