ARM GAS  C:\Users\Sarah\AppData\Local\Temp\ccX4Byf8.s 			page 1


   1              		.cpu cortex-m0
   2              		.fpu softvfp
   3              		.eabi_attribute 20, 1
   4              		.eabi_attribute 21, 1
   5              		.eabi_attribute 23, 3
   6              		.eabi_attribute 24, 1
   7              		.eabi_attribute 25, 1
   8              		.eabi_attribute 26, 1
   9              		.eabi_attribute 30, 1
  10              		.eabi_attribute 34, 0
  11              		.eabi_attribute 18, 4
  12              		.code	16
  13              		.file	"cyfitter_cfg.c"
  14              		.text
  15              	.Ltext0:
  16              		.cfi_sections	.debug_frame
  17              		.section	.text.AnalogSetDefault,"ax",%progbits
  18              		.align	2
  19              		.code	16
  20              		.thumb_func
  21              		.type	AnalogSetDefault, %function
  22              	AnalogSetDefault:
  23              	.LFB6:
  24              		.file 1 "Generated_Source\\PSoC4\\cyfitter_cfg.c"
   1:Generated_Source\PSoC4/cyfitter_cfg.c **** /*******************************************************************************
   2:Generated_Source\PSoC4/cyfitter_cfg.c **** * File Name: cyfitter_cfg.c
   3:Generated_Source\PSoC4/cyfitter_cfg.c **** * 
   4:Generated_Source\PSoC4/cyfitter_cfg.c **** * PSoC Creator  4.0 Update 1
   5:Generated_Source\PSoC4/cyfitter_cfg.c **** *
   6:Generated_Source\PSoC4/cyfitter_cfg.c **** * Description:
   7:Generated_Source\PSoC4/cyfitter_cfg.c **** * This file contains device initialization code.
   8:Generated_Source\PSoC4/cyfitter_cfg.c **** * Except for the user defined sections in CyClockStartupError(), this file should not be modified.
   9:Generated_Source\PSoC4/cyfitter_cfg.c **** * This file is automatically generated by PSoC Creator.
  10:Generated_Source\PSoC4/cyfitter_cfg.c **** *
  11:Generated_Source\PSoC4/cyfitter_cfg.c **** ********************************************************************************
  12:Generated_Source\PSoC4/cyfitter_cfg.c **** * Copyright (c) 2007-2016 Cypress Semiconductor.  All rights reserved.
  13:Generated_Source\PSoC4/cyfitter_cfg.c **** * You may use this file only in accordance with the license, terms, conditions, 
  14:Generated_Source\PSoC4/cyfitter_cfg.c **** * disclaimers, and limitations in the end user license agreement accompanying 
  15:Generated_Source\PSoC4/cyfitter_cfg.c **** * the software package with which this file was provided.
  16:Generated_Source\PSoC4/cyfitter_cfg.c **** ********************************************************************************/
  17:Generated_Source\PSoC4/cyfitter_cfg.c **** 
  18:Generated_Source\PSoC4/cyfitter_cfg.c **** #include <string.h>
  19:Generated_Source\PSoC4/cyfitter_cfg.c **** #include "cytypes.h"
  20:Generated_Source\PSoC4/cyfitter_cfg.c **** #include "cydevice_trm.h"
  21:Generated_Source\PSoC4/cyfitter_cfg.c **** #include "cyfitter.h"
  22:Generated_Source\PSoC4/cyfitter_cfg.c **** #include "CyLib.h"
  23:Generated_Source\PSoC4/cyfitter_cfg.c **** #include "CyLFClk.h"
  24:Generated_Source\PSoC4/cyfitter_cfg.c **** #include "cyfitter_cfg.h"
  25:Generated_Source\PSoC4/cyfitter_cfg.c **** #include "cyapicallbacks.h"
  26:Generated_Source\PSoC4/cyfitter_cfg.c **** 
  27:Generated_Source\PSoC4/cyfitter_cfg.c **** 
  28:Generated_Source\PSoC4/cyfitter_cfg.c **** #if defined(__GNUC__) || defined(__ARMCC_VERSION)
  29:Generated_Source\PSoC4/cyfitter_cfg.c ****     #define CYPACKED 
  30:Generated_Source\PSoC4/cyfitter_cfg.c ****     #define CYPACKED_ATTR __attribute__ ((packed))
  31:Generated_Source\PSoC4/cyfitter_cfg.c ****     #define CYALIGNED __attribute__ ((aligned))
  32:Generated_Source\PSoC4/cyfitter_cfg.c ****     #define CY_CFG_UNUSED __attribute__ ((unused))
  33:Generated_Source\PSoC4/cyfitter_cfg.c ****     #ifndef CY_CFG_SECTION
ARM GAS  C:\Users\Sarah\AppData\Local\Temp\ccX4Byf8.s 			page 2


  34:Generated_Source\PSoC4/cyfitter_cfg.c ****         #define CY_CFG_SECTION __attribute__ ((section(".psocinit")))
  35:Generated_Source\PSoC4/cyfitter_cfg.c ****     #endif
  36:Generated_Source\PSoC4/cyfitter_cfg.c ****     
  37:Generated_Source\PSoC4/cyfitter_cfg.c ****     #if defined(__ARMCC_VERSION)
  38:Generated_Source\PSoC4/cyfitter_cfg.c ****         #define CY_CFG_MEMORY_BARRIER() __memory_changed()
  39:Generated_Source\PSoC4/cyfitter_cfg.c ****     #else
  40:Generated_Source\PSoC4/cyfitter_cfg.c ****         #define CY_CFG_MEMORY_BARRIER() __sync_synchronize()
  41:Generated_Source\PSoC4/cyfitter_cfg.c ****     #endif
  42:Generated_Source\PSoC4/cyfitter_cfg.c ****     
  43:Generated_Source\PSoC4/cyfitter_cfg.c **** #elif defined(__ICCARM__)
  44:Generated_Source\PSoC4/cyfitter_cfg.c ****     #include <intrinsics.h>
  45:Generated_Source\PSoC4/cyfitter_cfg.c **** 
  46:Generated_Source\PSoC4/cyfitter_cfg.c ****     #define CYPACKED __packed
  47:Generated_Source\PSoC4/cyfitter_cfg.c ****     #define CYPACKED_ATTR 
  48:Generated_Source\PSoC4/cyfitter_cfg.c ****     #define CYALIGNED _Pragma("data_alignment=4")
  49:Generated_Source\PSoC4/cyfitter_cfg.c ****     #define CY_CFG_UNUSED _Pragma("diag_suppress=Pe177")
  50:Generated_Source\PSoC4/cyfitter_cfg.c ****     #define CY_CFG_SECTION _Pragma("location=\".psocinit\"")
  51:Generated_Source\PSoC4/cyfitter_cfg.c ****     
  52:Generated_Source\PSoC4/cyfitter_cfg.c ****     #define CY_CFG_MEMORY_BARRIER() __DMB()
  53:Generated_Source\PSoC4/cyfitter_cfg.c ****     
  54:Generated_Source\PSoC4/cyfitter_cfg.c **** #else
  55:Generated_Source\PSoC4/cyfitter_cfg.c ****     #error Unsupported toolchain
  56:Generated_Source\PSoC4/cyfitter_cfg.c **** #endif
  57:Generated_Source\PSoC4/cyfitter_cfg.c **** 
  58:Generated_Source\PSoC4/cyfitter_cfg.c **** 
  59:Generated_Source\PSoC4/cyfitter_cfg.c **** CY_CFG_UNUSED
  60:Generated_Source\PSoC4/cyfitter_cfg.c **** static void CYMEMZERO(void *s, size_t n);
  61:Generated_Source\PSoC4/cyfitter_cfg.c **** CY_CFG_UNUSED
  62:Generated_Source\PSoC4/cyfitter_cfg.c **** static void CYMEMZERO(void *s, size_t n)
  63:Generated_Source\PSoC4/cyfitter_cfg.c **** {
  64:Generated_Source\PSoC4/cyfitter_cfg.c **** 	(void)memset(s, 0, n);
  65:Generated_Source\PSoC4/cyfitter_cfg.c **** }
  66:Generated_Source\PSoC4/cyfitter_cfg.c **** CY_CFG_UNUSED
  67:Generated_Source\PSoC4/cyfitter_cfg.c **** static void CYCONFIGCPY(void *dest, const void *src, size_t n);
  68:Generated_Source\PSoC4/cyfitter_cfg.c **** CY_CFG_UNUSED
  69:Generated_Source\PSoC4/cyfitter_cfg.c **** static void CYCONFIGCPY(void *dest, const void *src, size_t n)
  70:Generated_Source\PSoC4/cyfitter_cfg.c **** {
  71:Generated_Source\PSoC4/cyfitter_cfg.c **** 	(void)memcpy(dest, src, n);
  72:Generated_Source\PSoC4/cyfitter_cfg.c **** }
  73:Generated_Source\PSoC4/cyfitter_cfg.c **** CY_CFG_UNUSED
  74:Generated_Source\PSoC4/cyfitter_cfg.c **** static void CYCONFIGCPYCODE(void *dest, const void *src, size_t n);
  75:Generated_Source\PSoC4/cyfitter_cfg.c **** CY_CFG_UNUSED
  76:Generated_Source\PSoC4/cyfitter_cfg.c **** static void CYCONFIGCPYCODE(void *dest, const void *src, size_t n)
  77:Generated_Source\PSoC4/cyfitter_cfg.c **** {
  78:Generated_Source\PSoC4/cyfitter_cfg.c **** 	(void)memcpy(dest, src, n);
  79:Generated_Source\PSoC4/cyfitter_cfg.c **** }
  80:Generated_Source\PSoC4/cyfitter_cfg.c **** 
  81:Generated_Source\PSoC4/cyfitter_cfg.c **** 
  82:Generated_Source\PSoC4/cyfitter_cfg.c **** 
  83:Generated_Source\PSoC4/cyfitter_cfg.c **** 
  84:Generated_Source\PSoC4/cyfitter_cfg.c **** /* Clock startup error codes                                                   */
  85:Generated_Source\PSoC4/cyfitter_cfg.c **** #define CYCLOCKSTART_NO_ERROR    0u
  86:Generated_Source\PSoC4/cyfitter_cfg.c **** #define CYCLOCKSTART_XTAL_ERROR  1u
  87:Generated_Source\PSoC4/cyfitter_cfg.c **** #define CYCLOCKSTART_32KHZ_ERROR 2u
  88:Generated_Source\PSoC4/cyfitter_cfg.c **** #define CYCLOCKSTART_PLL_ERROR   3u
  89:Generated_Source\PSoC4/cyfitter_cfg.c **** 
  90:Generated_Source\PSoC4/cyfitter_cfg.c **** 
ARM GAS  C:\Users\Sarah\AppData\Local\Temp\ccX4Byf8.s 			page 3


  91:Generated_Source\PSoC4/cyfitter_cfg.c **** #ifdef CY_NEED_CYCLOCKSTARTUPERROR
  92:Generated_Source\PSoC4/cyfitter_cfg.c **** /*******************************************************************************
  93:Generated_Source\PSoC4/cyfitter_cfg.c **** * Function Name: CyClockStartupError
  94:Generated_Source\PSoC4/cyfitter_cfg.c **** ********************************************************************************
  95:Generated_Source\PSoC4/cyfitter_cfg.c **** * Summary:
  96:Generated_Source\PSoC4/cyfitter_cfg.c **** *  If an error is encountered during clock configuration (crystal startup error,
  97:Generated_Source\PSoC4/cyfitter_cfg.c **** *  PLL lock error, etc.), the system will end up here.  Unless reimplemented by
  98:Generated_Source\PSoC4/cyfitter_cfg.c **** *  the customer, this function will stop in an infinite loop.
  99:Generated_Source\PSoC4/cyfitter_cfg.c **** *
 100:Generated_Source\PSoC4/cyfitter_cfg.c **** * Parameters:
 101:Generated_Source\PSoC4/cyfitter_cfg.c **** *   void
 102:Generated_Source\PSoC4/cyfitter_cfg.c **** *
 103:Generated_Source\PSoC4/cyfitter_cfg.c **** * Return:
 104:Generated_Source\PSoC4/cyfitter_cfg.c **** *   void
 105:Generated_Source\PSoC4/cyfitter_cfg.c **** *
 106:Generated_Source\PSoC4/cyfitter_cfg.c **** *******************************************************************************/
 107:Generated_Source\PSoC4/cyfitter_cfg.c **** CY_CFG_UNUSED
 108:Generated_Source\PSoC4/cyfitter_cfg.c **** static void CyClockStartupError(uint8 errorCode);
 109:Generated_Source\PSoC4/cyfitter_cfg.c **** CY_CFG_UNUSED
 110:Generated_Source\PSoC4/cyfitter_cfg.c **** static void CyClockStartupError(uint8 errorCode)
 111:Generated_Source\PSoC4/cyfitter_cfg.c **** {
 112:Generated_Source\PSoC4/cyfitter_cfg.c ****     /* To remove the compiler warning if errorCode not used.                */
 113:Generated_Source\PSoC4/cyfitter_cfg.c ****     errorCode = errorCode;
 114:Generated_Source\PSoC4/cyfitter_cfg.c **** 
 115:Generated_Source\PSoC4/cyfitter_cfg.c ****     /* If we have a clock startup error (bad MHz crystal, PLL lock, etc.),  */
 116:Generated_Source\PSoC4/cyfitter_cfg.c ****     /* we will end up here to allow the customer to implement something to  */
 117:Generated_Source\PSoC4/cyfitter_cfg.c ****     /* deal with the clock condition.                                       */
 118:Generated_Source\PSoC4/cyfitter_cfg.c **** 
 119:Generated_Source\PSoC4/cyfitter_cfg.c **** #ifdef CY_CFG_CLOCK_STARTUP_ERROR_CALLBACK
 120:Generated_Source\PSoC4/cyfitter_cfg.c **** 	CY_CFG_Clock_Startup_ErrorCallback();
 121:Generated_Source\PSoC4/cyfitter_cfg.c **** #else
 122:Generated_Source\PSoC4/cyfitter_cfg.c **** 	/*  If not using CY_CFG_CLOCK_STARTUP_ERROR_CALLBACK, place your clock startup code here. */
 123:Generated_Source\PSoC4/cyfitter_cfg.c ****     /* `#START CyClockStartupError` */
 124:Generated_Source\PSoC4/cyfitter_cfg.c **** 
 125:Generated_Source\PSoC4/cyfitter_cfg.c **** 
 126:Generated_Source\PSoC4/cyfitter_cfg.c **** 
 127:Generated_Source\PSoC4/cyfitter_cfg.c ****     /* `#END` */
 128:Generated_Source\PSoC4/cyfitter_cfg.c **** 
 129:Generated_Source\PSoC4/cyfitter_cfg.c ****     /* If nothing else, stop here since the clocks have not started         */
 130:Generated_Source\PSoC4/cyfitter_cfg.c ****     /* correctly.                                                           */
 131:Generated_Source\PSoC4/cyfitter_cfg.c ****     while(1) {}
 132:Generated_Source\PSoC4/cyfitter_cfg.c **** #endif /* CY_CFG_CLOCK_STARTUP_ERROR_CALLBACK */ 
 133:Generated_Source\PSoC4/cyfitter_cfg.c **** }
 134:Generated_Source\PSoC4/cyfitter_cfg.c **** #endif
 135:Generated_Source\PSoC4/cyfitter_cfg.c **** 
 136:Generated_Source\PSoC4/cyfitter_cfg.c **** 
 137:Generated_Source\PSoC4/cyfitter_cfg.c **** 
 138:Generated_Source\PSoC4/cyfitter_cfg.c **** /*******************************************************************************
 139:Generated_Source\PSoC4/cyfitter_cfg.c **** * Function Name: ClockSetup
 140:Generated_Source\PSoC4/cyfitter_cfg.c **** ********************************************************************************
 141:Generated_Source\PSoC4/cyfitter_cfg.c **** *
 142:Generated_Source\PSoC4/cyfitter_cfg.c **** * Summary:
 143:Generated_Source\PSoC4/cyfitter_cfg.c **** *   Performs the initialization of all of the clocks in the device based on the
 144:Generated_Source\PSoC4/cyfitter_cfg.c **** *   settings in the Clock tab of the DWR.  This includes enabling the requested
 145:Generated_Source\PSoC4/cyfitter_cfg.c **** *   clocks and setting the necessary dividers to produce the desired frequency. 
 146:Generated_Source\PSoC4/cyfitter_cfg.c **** *
 147:Generated_Source\PSoC4/cyfitter_cfg.c **** * Parameters:
ARM GAS  C:\Users\Sarah\AppData\Local\Temp\ccX4Byf8.s 			page 4


 148:Generated_Source\PSoC4/cyfitter_cfg.c **** *   void
 149:Generated_Source\PSoC4/cyfitter_cfg.c **** *
 150:Generated_Source\PSoC4/cyfitter_cfg.c **** * Return:
 151:Generated_Source\PSoC4/cyfitter_cfg.c **** *   void
 152:Generated_Source\PSoC4/cyfitter_cfg.c **** *
 153:Generated_Source\PSoC4/cyfitter_cfg.c **** *******************************************************************************/
 154:Generated_Source\PSoC4/cyfitter_cfg.c **** static void ClockSetup(void);
 155:Generated_Source\PSoC4/cyfitter_cfg.c **** CY_CFG_SECTION
 156:Generated_Source\PSoC4/cyfitter_cfg.c **** static void ClockSetup(void)
 157:Generated_Source\PSoC4/cyfitter_cfg.c **** {
 158:Generated_Source\PSoC4/cyfitter_cfg.c **** 
 159:Generated_Source\PSoC4/cyfitter_cfg.c **** 	/* Set Flash Cycles based on max possible frequency in case a glitch occurs during ClockSetup(). *
 160:Generated_Source\PSoC4/cyfitter_cfg.c **** 	CY_SET_REG32((void CYXDATA *)(CYREG_CPUSS_FLASH_CTL), (0x0012u));
 161:Generated_Source\PSoC4/cyfitter_cfg.c **** 
 162:Generated_Source\PSoC4/cyfitter_cfg.c **** 	/* Start the WCO */
 163:Generated_Source\PSoC4/cyfitter_cfg.c **** 	CySysClkWcoStart();
 164:Generated_Source\PSoC4/cyfitter_cfg.c **** 	CyDelayCycles(12000000u); /* WCO may take up to 500ms to start */
 165:Generated_Source\PSoC4/cyfitter_cfg.c **** 	(void)CySysClkWcoSetPowerMode(CY_SYS_CLK_WCO_LPM);    /* Switch to the low power mode */
 166:Generated_Source\PSoC4/cyfitter_cfg.c **** 
 167:Generated_Source\PSoC4/cyfitter_cfg.c **** 	/* Setup and trim IMO based on desired frequency. */
 168:Generated_Source\PSoC4/cyfitter_cfg.c **** 	CySysClkWriteImoFreq(48u);
 169:Generated_Source\PSoC4/cyfitter_cfg.c **** 	/* CYDEV_CLK_ILO_CONFIG Starting address: CYDEV_CLK_ILO_CONFIG */
 170:Generated_Source\PSoC4/cyfitter_cfg.c **** 	CY_SET_XTND_REG32((void CYFAR *)(CYREG_CLK_ILO_CONFIG), 0x80000006u);
 171:Generated_Source\PSoC4/cyfitter_cfg.c **** 
 172:Generated_Source\PSoC4/cyfitter_cfg.c **** 	/* CYDEV_WDT_CONFIG Starting address: CYDEV_WDT_CONFIG */
 173:Generated_Source\PSoC4/cyfitter_cfg.c **** 	CY_SET_XTND_REG32((void CYFAR *)(CYREG_WDT_CONFIG), 0x40000000u);
 174:Generated_Source\PSoC4/cyfitter_cfg.c **** 
 175:Generated_Source\PSoC4/cyfitter_cfg.c **** 
 176:Generated_Source\PSoC4/cyfitter_cfg.c **** 	/* Enable fast start mode for XO */
 177:Generated_Source\PSoC4/cyfitter_cfg.c **** 	CY_SET_REG32((void*)CYREG_BLE_BLERD_BB_XO, CY_GET_REG32((void*)CYREG_BLE_BLERD_BB_XO) | (uint32)0x
 178:Generated_Source\PSoC4/cyfitter_cfg.c **** 	CY_SET_XTND_REG32((void CYFAR *)(CYREG_BLE_BLERD_BB_XO_CAPTRIM), 0x00003E2Du);
 179:Generated_Source\PSoC4/cyfitter_cfg.c **** 	/*Set XTAL(ECO) divider*/
 180:Generated_Source\PSoC4/cyfitter_cfg.c **** 	CY_SET_XTND_REG32((void CYFAR *)(CYREG_BLE_BLESS_XTAL_CLK_DIV_CONFIG), 0x00000000u);
 181:Generated_Source\PSoC4/cyfitter_cfg.c **** 	/* Disable Crystal Stable Interrupt before enabling ECO */
 182:Generated_Source\PSoC4/cyfitter_cfg.c **** 	CY_SET_REG32((void*)CYREG_BLE_BLESS_LL_DSM_CTRL, CY_GET_REG32((void*)CYREG_BLE_BLESS_LL_DSM_CTRL) 
 183:Generated_Source\PSoC4/cyfitter_cfg.c **** 	/* Start the ECO and do not check status since it is not needed for HFCLK */
 184:Generated_Source\PSoC4/cyfitter_cfg.c **** 	(void)CySysClkEcoStart(2000u);
 185:Generated_Source\PSoC4/cyfitter_cfg.c **** 	CyDelayUs(1500u); /* Wait to stabalize */
 186:Generated_Source\PSoC4/cyfitter_cfg.c **** 
 187:Generated_Source\PSoC4/cyfitter_cfg.c **** 	/* Setup phase aligned clocks */
 188:Generated_Source\PSoC4/cyfitter_cfg.c **** 	CY_SET_REG32((void *)CYREG_PERI_DIV_16_CTL0, 0x00BB7F00u);
 189:Generated_Source\PSoC4/cyfitter_cfg.c **** 	CY_SET_REG32((void *)CYREG_PERI_DIV_CMD, 0x8000FF40u);
 190:Generated_Source\PSoC4/cyfitter_cfg.c **** 
 191:Generated_Source\PSoC4/cyfitter_cfg.c **** 	/* CYDEV_CLK_IMO_CONFIG Starting address: CYDEV_CLK_IMO_CONFIG */
 192:Generated_Source\PSoC4/cyfitter_cfg.c **** 	CY_SET_XTND_REG32((void CYFAR *)(CYREG_CLK_IMO_CONFIG), 0x80000000u);
 193:Generated_Source\PSoC4/cyfitter_cfg.c **** 
 194:Generated_Source\PSoC4/cyfitter_cfg.c **** 	/* CYDEV_CLK_SELECT Starting address: CYDEV_CLK_SELECT */
 195:Generated_Source\PSoC4/cyfitter_cfg.c **** 	CY_SET_XTND_REG32((void CYFAR *)(CYREG_CLK_SELECT), 0x00040000u);
 196:Generated_Source\PSoC4/cyfitter_cfg.c **** 
 197:Generated_Source\PSoC4/cyfitter_cfg.c **** 	/* CYDEV_PERI_PCLK_CTL15 Starting address: CYDEV_PERI_PCLK_CTL15 */
 198:Generated_Source\PSoC4/cyfitter_cfg.c **** 	CY_SET_XTND_REG32((void CYFAR *)(CYREG_PERI_PCLK_CTL15), 0x00000040u);
 199:Generated_Source\PSoC4/cyfitter_cfg.c **** 
 200:Generated_Source\PSoC4/cyfitter_cfg.c **** 	(void)CyIntSetVector(8u, &CySysWdtIsr);
 201:Generated_Source\PSoC4/cyfitter_cfg.c **** 	CyIntEnable(8u);
 202:Generated_Source\PSoC4/cyfitter_cfg.c **** 	CY_SET_XTND_REG32((void CYFAR *)(CYREG_WDT_CONFIG), 0x40000000u);
 203:Generated_Source\PSoC4/cyfitter_cfg.c **** }
 204:Generated_Source\PSoC4/cyfitter_cfg.c **** 
ARM GAS  C:\Users\Sarah\AppData\Local\Temp\ccX4Byf8.s 			page 5


 205:Generated_Source\PSoC4/cyfitter_cfg.c **** 
 206:Generated_Source\PSoC4/cyfitter_cfg.c **** /* Analog API Functions */
 207:Generated_Source\PSoC4/cyfitter_cfg.c **** 
 208:Generated_Source\PSoC4/cyfitter_cfg.c **** 
 209:Generated_Source\PSoC4/cyfitter_cfg.c **** /*******************************************************************************
 210:Generated_Source\PSoC4/cyfitter_cfg.c **** * Function Name: AnalogSetDefault
 211:Generated_Source\PSoC4/cyfitter_cfg.c **** ********************************************************************************
 212:Generated_Source\PSoC4/cyfitter_cfg.c **** *
 213:Generated_Source\PSoC4/cyfitter_cfg.c **** * Summary:
 214:Generated_Source\PSoC4/cyfitter_cfg.c **** *  Sets up the analog portions of the chip to default values based on chip
 215:Generated_Source\PSoC4/cyfitter_cfg.c **** *  configuration options from the project.
 216:Generated_Source\PSoC4/cyfitter_cfg.c **** *
 217:Generated_Source\PSoC4/cyfitter_cfg.c **** * Parameters:
 218:Generated_Source\PSoC4/cyfitter_cfg.c **** *  void
 219:Generated_Source\PSoC4/cyfitter_cfg.c **** *
 220:Generated_Source\PSoC4/cyfitter_cfg.c **** * Return:
 221:Generated_Source\PSoC4/cyfitter_cfg.c **** *  void
 222:Generated_Source\PSoC4/cyfitter_cfg.c **** *
 223:Generated_Source\PSoC4/cyfitter_cfg.c **** *******************************************************************************/
 224:Generated_Source\PSoC4/cyfitter_cfg.c **** static void AnalogSetDefault(void);
 225:Generated_Source\PSoC4/cyfitter_cfg.c **** static void AnalogSetDefault(void)
 226:Generated_Source\PSoC4/cyfitter_cfg.c **** {
  25              		.loc 1 226 0
  26              		.cfi_startproc
 227:Generated_Source\PSoC4/cyfitter_cfg.c **** 	CY_SET_XTND_REG32((void CYFAR *)CYREG_CTBM0_DFT_CTRL, 0x00000003u);
  27              		.loc 1 227 0
  28 0000 0323     		mov	r3, #3
  29 0002 044A     		ldr	r2, .L2
  30 0004 1360     		str	r3, [r2]
 228:Generated_Source\PSoC4/cyfitter_cfg.c **** 	CY_SET_XTND_REG32((void CYFAR *)CYREG_CTBM1_DFT_CTRL, 0x00000003u);
  31              		.loc 1 228 0
  32 0006 044A     		ldr	r2, .L2+4
  33 0008 1360     		str	r3, [r2]
 229:Generated_Source\PSoC4/cyfitter_cfg.c **** 	CY_SET_XTND_REG32((void CYFAR *)CYREG_PASS_DSAB_DSAB_CTRL, 0x00000000u);
  34              		.loc 1 229 0
  35 000a 0022     		mov	r2, #0
  36 000c 034B     		ldr	r3, .L2+8
  37 000e 1A60     		str	r2, [r3]
 230:Generated_Source\PSoC4/cyfitter_cfg.c **** }
  38              		.loc 1 230 0
  39              		@ sp needed
  40 0010 7047     		bx	lr
  41              	.L3:
  42 0012 C046     		.align	2
  43              	.L2:
  44 0014 30003040 		.word	1076887600
  45 0018 30003140 		.word	1076953136
  46 001c 000E3F40 		.word	1077874176
  47              		.cfi_endproc
  48              	.LFE6:
  49              		.size	AnalogSetDefault, .-AnalogSetDefault
  50              		.section	.text.CYMEMZERO,"ax",%progbits
  51              		.align	2
  52              		.code	16
  53              		.thumb_func
  54              		.type	CYMEMZERO, %function
  55              	CYMEMZERO:
ARM GAS  C:\Users\Sarah\AppData\Local\Temp\ccX4Byf8.s 			page 6


  56              	.LFB2:
  63:Generated_Source\PSoC4/cyfitter_cfg.c **** 	(void)memset(s, 0, n);
  57              		.loc 1 63 0
  58              		.cfi_startproc
  59              	.LVL0:
  60 0000 08B5     		push	{r3, lr}
  61              		.cfi_def_cfa_offset 8
  62              		.cfi_offset 3, -8
  63              		.cfi_offset 14, -4
  64 0002 0A1C     		mov	r2, r1
  64:Generated_Source\PSoC4/cyfitter_cfg.c **** }
  65              		.loc 1 64 0
  66 0004 0021     		mov	r1, #0
  67              	.LVL1:
  68 0006 FFF7FEFF 		bl	memset
  69              	.LVL2:
  65:Generated_Source\PSoC4/cyfitter_cfg.c **** CY_CFG_UNUSED
  70              		.loc 1 65 0
  71              		@ sp needed
  72 000a 08BD     		pop	{r3, pc}
  73              		.cfi_endproc
  74              	.LFE2:
  75              		.size	CYMEMZERO, .-CYMEMZERO
  76              		.section	.psocinit,"ax",%progbits
  77              		.align	2
  78              		.code	16
  79              		.thumb_func
  80              		.type	ClockSetup, %function
  81              	ClockSetup:
  82              	.LFB5:
 157:Generated_Source\PSoC4/cyfitter_cfg.c **** 
  83              		.loc 1 157 0
  84              		.cfi_startproc
  85 0000 38B5     		push	{r3, r4, r5, lr}
  86              		.cfi_def_cfa_offset 16
  87              		.cfi_offset 3, -16
  88              		.cfi_offset 4, -12
  89              		.cfi_offset 5, -8
  90              		.cfi_offset 14, -4
 160:Generated_Source\PSoC4/cyfitter_cfg.c **** 
  91              		.loc 1 160 0
  92 0002 1222     		mov	r2, #18
  93 0004 224B     		ldr	r3, .L6
  94 0006 1A60     		str	r2, [r3]
 163:Generated_Source\PSoC4/cyfitter_cfg.c **** 	CyDelayCycles(12000000u); /* WCO may take up to 500ms to start */
  95              		.loc 1 163 0
  96 0008 FFF7FEFF 		bl	CySysClkWcoStart
  97              	.LVL3:
 164:Generated_Source\PSoC4/cyfitter_cfg.c **** 	(void)CySysClkWcoSetPowerMode(CY_SYS_CLK_WCO_LPM);    /* Switch to the low power mode */
  98              		.loc 1 164 0
  99 000c 2148     		ldr	r0, .L6+4
 100 000e FFF7FEFF 		bl	CyDelayCycles
 101              	.LVL4:
 165:Generated_Source\PSoC4/cyfitter_cfg.c **** 
 102              		.loc 1 165 0
 103 0012 0120     		mov	r0, #1
 104 0014 FFF7FEFF 		bl	CySysClkWcoSetPowerMode
ARM GAS  C:\Users\Sarah\AppData\Local\Temp\ccX4Byf8.s 			page 7


 105              	.LVL5:
 168:Generated_Source\PSoC4/cyfitter_cfg.c **** 	/* CYDEV_CLK_ILO_CONFIG Starting address: CYDEV_CLK_ILO_CONFIG */
 106              		.loc 1 168 0
 107 0018 3020     		mov	r0, #48
 108 001a FFF7FEFF 		bl	CySysClkWriteImoFreq
 109              	.LVL6:
 170:Generated_Source\PSoC4/cyfitter_cfg.c **** 
 110              		.loc 1 170 0
 111 001e 1E4A     		ldr	r2, .L6+8
 112 0020 1E4B     		ldr	r3, .L6+12
 113 0022 1A60     		str	r2, [r3]
 173:Generated_Source\PSoC4/cyfitter_cfg.c **** 
 114              		.loc 1 173 0
 115 0024 1E4C     		ldr	r4, .L6+16
 116 0026 8025     		mov	r5, #128
 117 0028 ED05     		lsl	r5, r5, #23
 118 002a 2560     		str	r5, [r4]
 177:Generated_Source\PSoC4/cyfitter_cfg.c **** 	CY_SET_XTND_REG32((void CYFAR *)(CYREG_BLE_BLERD_BB_XO_CAPTRIM), 0x00003E2Du);
 119              		.loc 1 177 0
 120 002c 1D4A     		ldr	r2, .L6+20
 121 002e 1168     		ldr	r1, [r2]
 122 0030 0223     		mov	r3, #2
 123 0032 0B43     		orr	r3, r1
 124 0034 1360     		str	r3, [r2]
 178:Generated_Source\PSoC4/cyfitter_cfg.c **** 	/*Set XTAL(ECO) divider*/
 125              		.loc 1 178 0
 126 0036 1C4A     		ldr	r2, .L6+24
 127 0038 1C4B     		ldr	r3, .L6+28
 128 003a 1A60     		str	r2, [r3]
 180:Generated_Source\PSoC4/cyfitter_cfg.c **** 	/* Disable Crystal Stable Interrupt before enabling ECO */
 129              		.loc 1 180 0
 130 003c 0022     		mov	r2, #0
 131 003e 1C4B     		ldr	r3, .L6+32
 132 0040 1A60     		str	r2, [r3]
 182:Generated_Source\PSoC4/cyfitter_cfg.c **** 	/* Start the ECO and do not check status since it is not needed for HFCLK */
 133              		.loc 1 182 0
 134 0042 1C4A     		ldr	r2, .L6+36
 135 0044 1368     		ldr	r3, [r2]
 136 0046 0821     		mov	r1, #8
 137 0048 8B43     		bic	r3, r1
 138 004a 1360     		str	r3, [r2]
 184:Generated_Source\PSoC4/cyfitter_cfg.c **** 	CyDelayUs(1500u); /* Wait to stabalize */
 139              		.loc 1 184 0
 140 004c FA20     		mov	r0, #250
 141 004e C000     		lsl	r0, r0, #3
 142 0050 FFF7FEFF 		bl	CySysClkEcoStart
 143              	.LVL7:
 185:Generated_Source\PSoC4/cyfitter_cfg.c **** 
 144              		.loc 1 185 0
 145 0054 1848     		ldr	r0, .L6+40
 146 0056 FFF7FEFF 		bl	CyDelayUs
 147              	.LVL8:
 188:Generated_Source\PSoC4/cyfitter_cfg.c **** 	CY_SET_REG32((void *)CYREG_PERI_DIV_CMD, 0x8000FF40u);
 148              		.loc 1 188 0
 149 005a 184A     		ldr	r2, .L6+44
 150 005c 184B     		ldr	r3, .L6+48
 151 005e 1A60     		str	r2, [r3]
ARM GAS  C:\Users\Sarah\AppData\Local\Temp\ccX4Byf8.s 			page 8


 189:Generated_Source\PSoC4/cyfitter_cfg.c **** 
 152              		.loc 1 189 0
 153 0060 184A     		ldr	r2, .L6+52
 154 0062 194B     		ldr	r3, .L6+56
 155 0064 1A60     		str	r2, [r3]
 192:Generated_Source\PSoC4/cyfitter_cfg.c **** 
 156              		.loc 1 192 0
 157 0066 8022     		mov	r2, #128
 158 0068 1206     		lsl	r2, r2, #24
 159 006a 184B     		ldr	r3, .L6+60
 160 006c 1A60     		str	r2, [r3]
 195:Generated_Source\PSoC4/cyfitter_cfg.c **** 
 161              		.loc 1 195 0
 162 006e 8022     		mov	r2, #128
 163 0070 D202     		lsl	r2, r2, #11
 164 0072 174B     		ldr	r3, .L6+64
 165 0074 1A60     		str	r2, [r3]
 198:Generated_Source\PSoC4/cyfitter_cfg.c **** 
 166              		.loc 1 198 0
 167 0076 4022     		mov	r2, #64
 168 0078 164B     		ldr	r3, .L6+68
 169 007a 1A60     		str	r2, [r3]
 200:Generated_Source\PSoC4/cyfitter_cfg.c **** 	CyIntEnable(8u);
 170              		.loc 1 200 0
 171 007c 0820     		mov	r0, #8
 172 007e 1649     		ldr	r1, .L6+72
 173 0080 FFF7FEFF 		bl	CyIntSetVector
 174              	.LVL9:
 201:Generated_Source\PSoC4/cyfitter_cfg.c **** 	CY_SET_XTND_REG32((void CYFAR *)(CYREG_WDT_CONFIG), 0x40000000u);
 175              		.loc 1 201 0
 176 0084 0820     		mov	r0, #8
 177 0086 FFF7FEFF 		bl	CyIntEnable
 178              	.LVL10:
 202:Generated_Source\PSoC4/cyfitter_cfg.c **** }
 179              		.loc 1 202 0
 180 008a 2560     		str	r5, [r4]
 203:Generated_Source\PSoC4/cyfitter_cfg.c **** 
 181              		.loc 1 203 0
 182              		@ sp needed
 183 008c 38BD     		pop	{r3, r4, r5, pc}
 184              	.L7:
 185 008e C046     		.align	2
 186              	.L6:
 187 0090 30001040 		.word	1074790448
 188 0094 001BB700 		.word	12000000
 189 0098 06000080 		.word	-2147483642
 190 009c 04010B40 		.word	1074462980
 191 00a0 0C020B40 		.word	1074463244
 192 00a4 78002E40 		.word	1076756600
 193 00a8 2D3E0000 		.word	15917
 194 00ac 7C002E40 		.word	1076756604
 195 00b0 64F02E40 		.word	1076818020
 196 00b4 6CF02E40 		.word	1076818028
 197 00b8 DC050000 		.word	1500
 198 00bc 007FBB00 		.word	12287744
 199 00c0 00030140 		.word	1073808128
 200 00c4 40FF0080 		.word	-2147418304
ARM GAS  C:\Users\Sarah\AppData\Local\Temp\ccX4Byf8.s 			page 9


 201 00c8 00000140 		.word	1073807360
 202 00cc 08010B40 		.word	1074462984
 203 00d0 00010B40 		.word	1074462976
 204 00d4 3C010140 		.word	1073807676
 205 00d8 00000000 		.word	CySysWdtIsr
 206              		.cfi_endproc
 207              	.LFE5:
 208              		.size	ClockSetup, .-ClockSetup
 209              		.align	2
 210              		.global	cyfitter_cfg
 211              		.code	16
 212              		.thumb_func
 213              		.type	cyfitter_cfg, %function
 214              	cyfitter_cfg:
 215              	.LFB7:
 231:Generated_Source\PSoC4/cyfitter_cfg.c **** 
 232:Generated_Source\PSoC4/cyfitter_cfg.c **** #define CY_AMUX_UNUSED CYREG_CM0_ROM_DWT
 233:Generated_Source\PSoC4/cyfitter_cfg.c **** 
 234:Generated_Source\PSoC4/cyfitter_cfg.c **** 
 235:Generated_Source\PSoC4/cyfitter_cfg.c **** /*******************************************************************************
 236:Generated_Source\PSoC4/cyfitter_cfg.c **** * Function Name: cyfitter_cfg
 237:Generated_Source\PSoC4/cyfitter_cfg.c **** ********************************************************************************
 238:Generated_Source\PSoC4/cyfitter_cfg.c **** * Summary:
 239:Generated_Source\PSoC4/cyfitter_cfg.c **** *  This function is called by the start-up code for the selected device. It
 240:Generated_Source\PSoC4/cyfitter_cfg.c **** *  performs all of the necessary device configuration based on the design
 241:Generated_Source\PSoC4/cyfitter_cfg.c **** *  settings.  This includes settings from the Design Wide Resources (DWR) such
 242:Generated_Source\PSoC4/cyfitter_cfg.c **** *  as Clocks and Pins as well as any component configuration that is necessary.
 243:Generated_Source\PSoC4/cyfitter_cfg.c **** *
 244:Generated_Source\PSoC4/cyfitter_cfg.c **** * Parameters:  
 245:Generated_Source\PSoC4/cyfitter_cfg.c **** *   void
 246:Generated_Source\PSoC4/cyfitter_cfg.c **** *
 247:Generated_Source\PSoC4/cyfitter_cfg.c **** * Return:
 248:Generated_Source\PSoC4/cyfitter_cfg.c **** *   void
 249:Generated_Source\PSoC4/cyfitter_cfg.c **** *
 250:Generated_Source\PSoC4/cyfitter_cfg.c **** *******************************************************************************/
 251:Generated_Source\PSoC4/cyfitter_cfg.c **** CY_CFG_SECTION
 252:Generated_Source\PSoC4/cyfitter_cfg.c **** void cyfitter_cfg(void)
 253:Generated_Source\PSoC4/cyfitter_cfg.c **** {
 216              		.loc 1 253 0
 217              		.cfi_startproc
 218 00dc 10B5     		push	{r4, lr}
 219              		.cfi_def_cfa_offset 8
 220              		.cfi_offset 4, -8
 221              		.cfi_offset 14, -4
 254:Generated_Source\PSoC4/cyfitter_cfg.c **** 	/* Disable interrupts by default. Let user enable if/when they want. */
 255:Generated_Source\PSoC4/cyfitter_cfg.c **** 	CyGlobalIntDisable;
 222              		.loc 1 255 0
 223              	@ 255 "Generated_Source\PSoC4\cyfitter_cfg.c" 1
 224 00de 72B6     		CPSID   i
 225              	@ 0 "" 2
 256:Generated_Source\PSoC4/cyfitter_cfg.c **** 
 257:Generated_Source\PSoC4/cyfitter_cfg.c **** 	CY_SET_XTND_REG32((void CYFAR *)(CYREG_BLE_BLESS_LL_DSM_CTRL), 0x00000000u);
 226              		.loc 1 257 0
 227              		.code	16
 228 00e0 0022     		mov	r2, #0
 229 00e2 214B     		ldr	r3, .L11
 230 00e4 1A60     		str	r2, [r3]
ARM GAS  C:\Users\Sarah\AppData\Local\Temp\ccX4Byf8.s 			page 10


 231              	.LVL11:
 232              	.LBB2:
 258:Generated_Source\PSoC4/cyfitter_cfg.c **** 
 259:Generated_Source\PSoC4/cyfitter_cfg.c **** 	{
 260:Generated_Source\PSoC4/cyfitter_cfg.c **** 
 261:Generated_Source\PSoC4/cyfitter_cfg.c **** 		CYPACKED typedef struct {
 262:Generated_Source\PSoC4/cyfitter_cfg.c **** 			void CYFAR *address;
 263:Generated_Source\PSoC4/cyfitter_cfg.c **** 			uint16 size;
 264:Generated_Source\PSoC4/cyfitter_cfg.c **** 		} CYPACKED_ATTR cfg_memset_t;
 265:Generated_Source\PSoC4/cyfitter_cfg.c **** 
 266:Generated_Source\PSoC4/cyfitter_cfg.c **** 		static const cfg_memset_t CYCODE cfg_memset_list [] = {
 267:Generated_Source\PSoC4/cyfitter_cfg.c **** 			/* address, size */
 268:Generated_Source\PSoC4/cyfitter_cfg.c **** 			{(void CYFAR *)(CYDEV_UDB_P0_U0_BASE), 1024u},
 269:Generated_Source\PSoC4/cyfitter_cfg.c **** 			{(void CYFAR *)(CYDEV_UDB_DSI0_BASE), 1024u},
 270:Generated_Source\PSoC4/cyfitter_cfg.c **** 		};
 271:Generated_Source\PSoC4/cyfitter_cfg.c **** 
 272:Generated_Source\PSoC4/cyfitter_cfg.c **** 		uint8 CYDATA i;
 273:Generated_Source\PSoC4/cyfitter_cfg.c **** 
 274:Generated_Source\PSoC4/cyfitter_cfg.c **** 		/* Zero out critical memory blocks before beginning configuration */
 275:Generated_Source\PSoC4/cyfitter_cfg.c **** 		for (i = 0u; i < (sizeof(cfg_memset_list)/sizeof(cfg_memset_list[0])); i++)
 233              		.loc 1 275 0
 234 00e6 0024     		mov	r4, #0
 235 00e8 10E0     		b	.L9
 236              	.LVL12:
 237              	.L10:
 238              	.LBB3:
 276:Generated_Source\PSoC4/cyfitter_cfg.c **** 		{
 277:Generated_Source\PSoC4/cyfitter_cfg.c **** 			const cfg_memset_t CYCODE * CYDATA ms = &cfg_memset_list[i];
 278:Generated_Source\PSoC4/cyfitter_cfg.c **** 			CYMEMZERO(ms->address, (size_t)(uint32)(ms->size));
 239              		.loc 1 278 0 discriminator 3
 240 00ea 2048     		ldr	r0, .L11+4
 241 00ec 6300     		lsl	r3, r4, #1
 242 00ee 1A19     		add	r2, r3, r4
 243 00f0 5200     		lsl	r2, r2, #1
 244 00f2 8218     		add	r2, r0, r2
 245 00f4 9188     		ldrh	r1, [r2, #4]
 246 00f6 1B19     		add	r3, r3, r4
 247 00f8 5B00     		lsl	r3, r3, #1
 248 00fa 1A5A     		ldrh	r2, [r3, r0]
 249 00fc C318     		add	r3, r0, r3
 250 00fe 5888     		ldrh	r0, [r3, #2]
 251 0100 0004     		lsl	r0, r0, #16
 252 0102 1043     		orr	r0, r2
 253 0104 FFF7FEFF 		bl	CYMEMZERO
 254              	.LVL13:
 255              	.LBE3:
 275:Generated_Source\PSoC4/cyfitter_cfg.c **** 		{
 256              		.loc 1 275 0 discriminator 3
 257 0108 0134     		add	r4, r4, #1
 258              	.LVL14:
 259 010a E4B2     		uxtb	r4, r4
 260              	.LVL15:
 261              	.L9:
 275:Generated_Source\PSoC4/cyfitter_cfg.c **** 		{
 262              		.loc 1 275 0 is_stmt 0 discriminator 1
 263 010c 012C     		cmp	r4, #1
 264 010e ECD9     		bls	.L10
ARM GAS  C:\Users\Sarah\AppData\Local\Temp\ccX4Byf8.s 			page 11


 279:Generated_Source\PSoC4/cyfitter_cfg.c **** 		}
 280:Generated_Source\PSoC4/cyfitter_cfg.c **** 
 281:Generated_Source\PSoC4/cyfitter_cfg.c **** 		/* HSIOM Starting address: CYDEV_HSIOM_BASE */
 282:Generated_Source\PSoC4/cyfitter_cfg.c **** 		CY_SET_XTND_REG32((void CYFAR *)(CYDEV_HSIOM_BASE), 0xEE0DDDDDu);
 265              		.loc 1 282 0 is_stmt 1
 266 0110 174A     		ldr	r2, .L11+8
 267 0112 184B     		ldr	r3, .L11+12
 268 0114 1A60     		str	r2, [r3]
 283:Generated_Source\PSoC4/cyfitter_cfg.c **** 		CY_SET_XTND_REG32((void CYFAR *)(CYREG_HSIOM_PORT_SEL3), 0x000CDCDDu);
 269              		.loc 1 283 0
 270 0116 184A     		ldr	r2, .L11+16
 271 0118 184B     		ldr	r3, .L11+20
 272 011a 1A60     		str	r2, [r3]
 284:Generated_Source\PSoC4/cyfitter_cfg.c **** 
 285:Generated_Source\PSoC4/cyfitter_cfg.c **** 		/* UDB_PA_0 Starting address: CYDEV_UDB_PA0_BASE */
 286:Generated_Source\PSoC4/cyfitter_cfg.c **** 		CY_SET_XTND_REG32((void CYFAR *)(CYDEV_UDB_PA0_BASE), 0x00990000u);
 273              		.loc 1 286 0
 274 011c 9923     		mov	r3, #153
 275 011e 1B04     		lsl	r3, r3, #16
 276 0120 174A     		ldr	r2, .L11+24
 277 0122 1360     		str	r3, [r2]
 287:Generated_Source\PSoC4/cyfitter_cfg.c **** 
 288:Generated_Source\PSoC4/cyfitter_cfg.c **** 		/* UDB_PA_3 Starting address: CYDEV_UDB_PA3_BASE */
 289:Generated_Source\PSoC4/cyfitter_cfg.c **** 		CY_SET_XTND_REG32((void CYFAR *)(CYDEV_UDB_PA3_BASE), 0x00990000u);
 278              		.loc 1 289 0
 279 0124 174A     		ldr	r2, .L11+28
 280 0126 1360     		str	r3, [r2]
 290:Generated_Source\PSoC4/cyfitter_cfg.c **** 
 291:Generated_Source\PSoC4/cyfitter_cfg.c **** 		/* Enable digital routing */
 292:Generated_Source\PSoC4/cyfitter_cfg.c **** 		CY_SET_XTND_REG8((void *)CYREG_UDB_UDBIF_BANK_CTL, CY_GET_XTND_REG8((void *)CYREG_UDB_UDBIF_BANK_
 281              		.loc 1 292 0
 282 0128 174B     		ldr	r3, .L11+32
 283 012a 1978     		ldrb	r1, [r3]
 284 012c 0222     		mov	r2, #2
 285 012e 0A43     		orr	r2, r1
 286 0130 1A70     		strb	r2, [r3]
 293:Generated_Source\PSoC4/cyfitter_cfg.c **** 
 294:Generated_Source\PSoC4/cyfitter_cfg.c **** 		/* Enable UDB array */
 295:Generated_Source\PSoC4/cyfitter_cfg.c **** 		CY_SET_XTND_REG8((void *)CYREG_UDB_UDBIF_WAIT_CFG, (uint8)((CY_GET_XTND_REG8((void *)CYREG_UDB_UD
 287              		.loc 1 295 0
 288 0132 1648     		ldr	r0, .L11+36
 289 0134 0278     		ldrb	r2, [r0]
 290 0136 3C21     		mov	r1, #60
 291 0138 8A43     		bic	r2, r1
 292 013a 2839     		sub	r1, r1, #40
 293 013c 0A43     		orr	r2, r1
 294 013e 0270     		strb	r2, [r0]
 296:Generated_Source\PSoC4/cyfitter_cfg.c **** 		CY_SET_XTND_REG8((void *)CYREG_UDB_UDBIF_BANK_CTL, (uint8)(CY_GET_XTND_REG8((void *)CYREG_UDB_UDB
 295              		.loc 1 296 0
 296 0140 1978     		ldrb	r1, [r3]
 297 0142 1622     		mov	r2, #22
 298 0144 0A43     		orr	r2, r1
 299 0146 1A70     		strb	r2, [r3]
 300              	.LBE2:
 297:Generated_Source\PSoC4/cyfitter_cfg.c **** 	}
 298:Generated_Source\PSoC4/cyfitter_cfg.c **** 
 299:Generated_Source\PSoC4/cyfitter_cfg.c **** 	/* Perform second pass device configuration. These items must be configured in specific order afte
ARM GAS  C:\Users\Sarah\AppData\Local\Temp\ccX4Byf8.s 			page 12


 300:Generated_Source\PSoC4/cyfitter_cfg.c **** 	/* IOPINS0_0 Starting address: CYDEV_GPIO_PRT0_BASE */
 301:Generated_Source\PSoC4/cyfitter_cfg.c **** 	CY_SET_XTND_REG32((void CYFAR *)(CYDEV_GPIO_PRT0_BASE), 0x0000001Fu);
 301              		.loc 1 301 0
 302 0148 1F23     		mov	r3, #31
 303 014a 114A     		ldr	r2, .L11+40
 304 014c 1360     		str	r3, [r2]
 302:Generated_Source\PSoC4/cyfitter_cfg.c **** 	CY_SET_XTND_REG32((void CYFAR *)(CYREG_GPIO_PRT0_PC), 0x00D86DB6u);
 305              		.loc 1 302 0
 306 014e 1149     		ldr	r1, .L11+44
 307 0150 114A     		ldr	r2, .L11+48
 308 0152 1160     		str	r1, [r2]
 303:Generated_Source\PSoC4/cyfitter_cfg.c **** 
 304:Generated_Source\PSoC4/cyfitter_cfg.c **** 	/* IOPINS0_3 Starting address: CYDEV_GPIO_PRT3_BASE */
 305:Generated_Source\PSoC4/cyfitter_cfg.c **** 	CY_SET_XTND_REG32((void CYFAR *)(CYDEV_GPIO_PRT3_BASE), 0x0000001Fu);
 309              		.loc 1 305 0
 310 0154 114A     		ldr	r2, .L11+52
 311 0156 1360     		str	r3, [r2]
 306:Generated_Source\PSoC4/cyfitter_cfg.c **** 	CY_SET_XTND_REG32((void CYFAR *)(CYREG_GPIO_PRT3_PC), 0x00006DB6u);
 312              		.loc 1 306 0
 313 0158 114A     		ldr	r2, .L11+56
 314 015a 124B     		ldr	r3, .L11+60
 315 015c 1A60     		str	r2, [r3]
 307:Generated_Source\PSoC4/cyfitter_cfg.c **** 
 308:Generated_Source\PSoC4/cyfitter_cfg.c **** 
 309:Generated_Source\PSoC4/cyfitter_cfg.c **** 	/* Setup clocks based on selections from Clock DWR */
 310:Generated_Source\PSoC4/cyfitter_cfg.c **** 	ClockSetup();
 316              		.loc 1 310 0
 317 015e FFF74FFF 		bl	ClockSetup
 318              	.LVL16:
 311:Generated_Source\PSoC4/cyfitter_cfg.c **** 
 312:Generated_Source\PSoC4/cyfitter_cfg.c **** 	/* Perform basic analog initialization to defaults */
 313:Generated_Source\PSoC4/cyfitter_cfg.c **** 	AnalogSetDefault();
 319              		.loc 1 313 0
 320 0162 FFF7FEFF 		bl	AnalogSetDefault
 321              	.LVL17:
 314:Generated_Source\PSoC4/cyfitter_cfg.c **** 
 315:Generated_Source\PSoC4/cyfitter_cfg.c **** }
 322              		.loc 1 315 0
 323              		@ sp needed
 324              	.LVL18:
 325 0166 10BD     		pop	{r4, pc}
 326              	.L12:
 327              		.align	2
 328              	.L11:
 329 0168 6CF02E40 		.word	1076818028
 330 016c 00000000 		.word	.LANCHOR0
 331 0170 DDDD0DEE 		.word	-301081123
 332 0174 00000240 		.word	1073872896
 333 0178 DDDC0C00 		.word	842973
 334 017c 00030240 		.word	1073873664
 335 0180 00500F40 		.word	1074745344
 336 0184 30500F40 		.word	1074745392
 337 0188 00700F40 		.word	1074753536
 338 018c 01700F40 		.word	1074753537
 339 0190 00000440 		.word	1074003968
 340 0194 B66DD800 		.word	14183862
 341 0198 08000440 		.word	1074003976
ARM GAS  C:\Users\Sarah\AppData\Local\Temp\ccX4Byf8.s 			page 13


 342 019c 00030440 		.word	1074004736
 343 01a0 B66D0000 		.word	28086
 344 01a4 08030440 		.word	1074004744
 345              		.cfi_endproc
 346              	.LFE7:
 347              		.size	cyfitter_cfg, .-cyfitter_cfg
 348              		.section	.rodata
 349              		.align	2
 350              		.set	.LANCHOR0,. + 0
 351              		.type	cfg_memset_list.4771, %object
 352              		.size	cfg_memset_list.4771, 12
 353              	cfg_memset_list.4771:
 354 0000 00300F40 		.word	1074737152
 355 0004 0004     		.short	1024
 356 0006 00400F40 		.4byte	1074741248
 357 000a 0004     		.short	1024
 358              		.text
 359              	.Letext0:
 360              		.file 2 "c:\\program files (x86)\\cypress\\psoc creator\\4.0\\psoc creator\\import\\gnu\\arm\\4.9.
 361              		.file 3 "Generated_Source\\PSoC4\\cytypes.h"
 362              		.file 4 "Generated_Source\\PSoC4\\CyLib.h"
 363              		.file 5 "Generated_Source\\PSoC4\\CyLFClk.h"
 364              		.section	.debug_info,"",%progbits
 365              	.Ldebug_info0:
 366 0000 6D030000 		.4byte	0x36d
 367 0004 0400     		.2byte	0x4
 368 0006 00000000 		.4byte	.Ldebug_abbrev0
 369 000a 04       		.byte	0x4
 370 000b 01       		.uleb128 0x1
 371 000c CC010000 		.4byte	.LASF34
 372 0010 01       		.byte	0x1
 373 0011 8E020000 		.4byte	.LASF35
 374 0015 03010000 		.4byte	.LASF36
 375 0019 00000000 		.4byte	.Ldebug_ranges0+0
 376 001d 00000000 		.4byte	0
 377 0021 00000000 		.4byte	.Ldebug_line0
 378 0025 02       		.uleb128 0x2
 379 0026 04       		.byte	0x4
 380 0027 05       		.byte	0x5
 381 0028 696E7400 		.ascii	"int\000"
 382 002c 03       		.uleb128 0x3
 383 002d 14000000 		.4byte	.LASF11
 384 0031 02       		.byte	0x2
 385 0032 D4       		.byte	0xd4
 386 0033 37000000 		.4byte	0x37
 387 0037 04       		.uleb128 0x4
 388 0038 04       		.byte	0x4
 389 0039 07       		.byte	0x7
 390 003a 42010000 		.4byte	.LASF0
 391 003e 04       		.uleb128 0x4
 392 003f 01       		.byte	0x1
 393 0040 06       		.byte	0x6
 394 0041 82020000 		.4byte	.LASF1
 395 0045 04       		.uleb128 0x4
 396 0046 01       		.byte	0x1
 397 0047 08       		.byte	0x8
 398 0048 C4000000 		.4byte	.LASF2
ARM GAS  C:\Users\Sarah\AppData\Local\Temp\ccX4Byf8.s 			page 14


 399 004c 04       		.uleb128 0x4
 400 004d 02       		.byte	0x2
 401 004e 05       		.byte	0x5
 402 004f 5A020000 		.4byte	.LASF3
 403 0053 04       		.uleb128 0x4
 404 0054 02       		.byte	0x2
 405 0055 07       		.byte	0x7
 406 0056 56000000 		.4byte	.LASF4
 407 005a 04       		.uleb128 0x4
 408 005b 04       		.byte	0x4
 409 005c 05       		.byte	0x5
 410 005d 79020000 		.4byte	.LASF5
 411 0061 04       		.uleb128 0x4
 412 0062 04       		.byte	0x4
 413 0063 07       		.byte	0x7
 414 0064 91000000 		.4byte	.LASF6
 415 0068 04       		.uleb128 0x4
 416 0069 08       		.byte	0x8
 417 006a 05       		.byte	0x5
 418 006b 9E010000 		.4byte	.LASF7
 419 006f 04       		.uleb128 0x4
 420 0070 08       		.byte	0x8
 421 0071 07       		.byte	0x7
 422 0072 64010000 		.4byte	.LASF8
 423 0076 04       		.uleb128 0x4
 424 0077 04       		.byte	0x4
 425 0078 07       		.byte	0x7
 426 0079 95010000 		.4byte	.LASF9
 427 007d 05       		.uleb128 0x5
 428 007e 04       		.byte	0x4
 429 007f 06       		.uleb128 0x6
 430 0080 04       		.byte	0x4
 431 0081 85000000 		.4byte	0x85
 432 0085 07       		.uleb128 0x7
 433 0086 04       		.uleb128 0x4
 434 0087 01       		.byte	0x1
 435 0088 08       		.byte	0x8
 436 0089 B6010000 		.4byte	.LASF10
 437 008d 08       		.uleb128 0x8
 438 008e A3000000 		.4byte	.LASF12
 439 0092 03       		.byte	0x3
 440 0093 B901     		.2byte	0x1b9
 441 0095 45000000 		.4byte	0x45
 442 0099 08       		.uleb128 0x8
 443 009a EC000000 		.4byte	.LASF13
 444 009e 03       		.byte	0x3
 445 009f BA01     		.2byte	0x1ba
 446 00a1 53000000 		.4byte	0x53
 447 00a5 08       		.uleb128 0x8
 448 00a6 FC000000 		.4byte	.LASF14
 449 00aa 03       		.byte	0x3
 450 00ab BB01     		.2byte	0x1bb
 451 00ad 61000000 		.4byte	0x61
 452 00b1 04       		.uleb128 0x4
 453 00b2 04       		.byte	0x4
 454 00b3 04       		.byte	0x4
 455 00b4 69000000 		.4byte	.LASF15
ARM GAS  C:\Users\Sarah\AppData\Local\Temp\ccX4Byf8.s 			page 15


 456 00b8 04       		.uleb128 0x4
 457 00b9 08       		.byte	0x8
 458 00ba 04       		.byte	0x4
 459 00bb D9000000 		.4byte	.LASF16
 460 00bf 08       		.uleb128 0x8
 461 00c0 F3000000 		.4byte	.LASF17
 462 00c4 03       		.byte	0x3
 463 00c5 5B02     		.2byte	0x25b
 464 00c7 61000000 		.4byte	0x61
 465 00cb 08       		.uleb128 0x8
 466 00cc 8C000000 		.4byte	.LASF18
 467 00d0 03       		.byte	0x3
 468 00d1 6302     		.2byte	0x263
 469 00d3 D7000000 		.4byte	0xd7
 470 00d7 09       		.uleb128 0x9
 471 00d8 8D000000 		.4byte	0x8d
 472 00dc 08       		.uleb128 0x8
 473 00dd 0E000000 		.4byte	.LASF19
 474 00e1 03       		.byte	0x3
 475 00e2 6502     		.2byte	0x265
 476 00e4 E8000000 		.4byte	0xe8
 477 00e8 09       		.uleb128 0x9
 478 00e9 A5000000 		.4byte	0xa5
 479 00ed 08       		.uleb128 0x8
 480 00ee 7B010000 		.4byte	.LASF20
 481 00f2 03       		.byte	0x3
 482 00f3 7502     		.2byte	0x275
 483 00f5 7F000000 		.4byte	0x7f
 484 00f9 0A       		.uleb128 0xa
 485 00fa 1B000000 		.4byte	.LASF37
 486 00fe 01       		.byte	0x1
 487 00ff E1       		.byte	0xe1
 488 0100 00000000 		.4byte	.LFB6
 489 0104 20000000 		.4byte	.LFE6-.LFB6
 490 0108 01       		.uleb128 0x1
 491 0109 9C       		.byte	0x9c
 492 010a 0B       		.uleb128 0xb
 493 010b BA000000 		.4byte	.LASF21
 494 010f 01       		.byte	0x1
 495 0110 3E       		.byte	0x3e
 496 0111 00000000 		.4byte	.LFB2
 497 0115 0C000000 		.4byte	.LFE2-.LFB2
 498 0119 01       		.uleb128 0x1
 499 011a 9C       		.byte	0x9c
 500 011b 57010000 		.4byte	0x157
 501 011f 0C       		.uleb128 0xc
 502 0120 7300     		.ascii	"s\000"
 503 0122 01       		.byte	0x1
 504 0123 3E       		.byte	0x3e
 505 0124 7D000000 		.4byte	0x7d
 506 0128 00000000 		.4byte	.LLST0
 507 012c 0C       		.uleb128 0xc
 508 012d 6E00     		.ascii	"n\000"
 509 012f 01       		.byte	0x1
 510 0130 3E       		.byte	0x3e
 511 0131 2C000000 		.4byte	0x2c
 512 0135 21000000 		.4byte	.LLST1
ARM GAS  C:\Users\Sarah\AppData\Local\Temp\ccX4Byf8.s 			page 16


 513 0139 0D       		.uleb128 0xd
 514 013a 0A000000 		.4byte	.LVL2
 515 013e C8020000 		.4byte	0x2c8
 516 0142 0E       		.uleb128 0xe
 517 0143 01       		.uleb128 0x1
 518 0144 52       		.byte	0x52
 519 0145 03       		.uleb128 0x3
 520 0146 F3       		.byte	0xf3
 521 0147 01       		.uleb128 0x1
 522 0148 51       		.byte	0x51
 523 0149 0E       		.uleb128 0xe
 524 014a 01       		.uleb128 0x1
 525 014b 51       		.byte	0x51
 526 014c 01       		.uleb128 0x1
 527 014d 30       		.byte	0x30
 528 014e 0E       		.uleb128 0xe
 529 014f 01       		.uleb128 0x1
 530 0150 50       		.byte	0x50
 531 0151 03       		.uleb128 0x3
 532 0152 F3       		.byte	0xf3
 533 0153 01       		.uleb128 0x1
 534 0154 50       		.byte	0x50
 535 0155 00       		.byte	0
 536 0156 00       		.byte	0
 537 0157 0B       		.uleb128 0xb
 538 0158 4B000000 		.4byte	.LASF22
 539 015c 01       		.byte	0x1
 540 015d 9C       		.byte	0x9c
 541 015e 00000000 		.4byte	.LFB5
 542 0162 DC000000 		.4byte	.LFE5-.LFB5
 543 0166 01       		.uleb128 0x1
 544 0167 9C       		.byte	0x9c
 545 0168 00020000 		.4byte	0x200
 546 016c 0F       		.uleb128 0xf
 547 016d 0C000000 		.4byte	.LVL3
 548 0171 E5020000 		.4byte	0x2e5
 549 0175 10       		.uleb128 0x10
 550 0176 12000000 		.4byte	.LVL4
 551 017a EC020000 		.4byte	0x2ec
 552 017e 8C010000 		.4byte	0x18c
 553 0182 0E       		.uleb128 0xe
 554 0183 01       		.uleb128 0x1
 555 0184 50       		.byte	0x50
 556 0185 05       		.uleb128 0x5
 557 0186 0C       		.byte	0xc
 558 0187 001BB700 		.4byte	0xb71b00
 559 018b 00       		.byte	0
 560 018c 10       		.uleb128 0x10
 561 018d 18000000 		.4byte	.LVL5
 562 0191 FD020000 		.4byte	0x2fd
 563 0195 9F010000 		.4byte	0x19f
 564 0199 0E       		.uleb128 0xe
 565 019a 01       		.uleb128 0x1
 566 019b 50       		.byte	0x50
 567 019c 01       		.uleb128 0x1
 568 019d 31       		.byte	0x31
 569 019e 00       		.byte	0
ARM GAS  C:\Users\Sarah\AppData\Local\Temp\ccX4Byf8.s 			page 17


 570 019f 10       		.uleb128 0x10
 571 01a0 1E000000 		.4byte	.LVL6
 572 01a4 12030000 		.4byte	0x312
 573 01a8 B3010000 		.4byte	0x1b3
 574 01ac 0E       		.uleb128 0xe
 575 01ad 01       		.uleb128 0x1
 576 01ae 50       		.byte	0x50
 577 01af 02       		.uleb128 0x2
 578 01b0 08       		.byte	0x8
 579 01b1 30       		.byte	0x30
 580 01b2 00       		.byte	0
 581 01b3 10       		.uleb128 0x10
 582 01b4 54000000 		.4byte	.LVL7
 583 01b8 23030000 		.4byte	0x323
 584 01bc C8010000 		.4byte	0x1c8
 585 01c0 0E       		.uleb128 0xe
 586 01c1 01       		.uleb128 0x1
 587 01c2 50       		.byte	0x50
 588 01c3 03       		.uleb128 0x3
 589 01c4 0A       		.byte	0xa
 590 01c5 D007     		.2byte	0x7d0
 591 01c7 00       		.byte	0
 592 01c8 10       		.uleb128 0x10
 593 01c9 5A000000 		.4byte	.LVL8
 594 01cd 38030000 		.4byte	0x338
 595 01d1 DD010000 		.4byte	0x1dd
 596 01d5 0E       		.uleb128 0xe
 597 01d6 01       		.uleb128 0x1
 598 01d7 50       		.byte	0x50
 599 01d8 03       		.uleb128 0x3
 600 01d9 0A       		.byte	0xa
 601 01da DC05     		.2byte	0x5dc
 602 01dc 00       		.byte	0
 603 01dd 10       		.uleb128 0x10
 604 01de 84000000 		.4byte	.LVL9
 605 01e2 49030000 		.4byte	0x349
 606 01e6 F0010000 		.4byte	0x1f0
 607 01ea 0E       		.uleb128 0xe
 608 01eb 01       		.uleb128 0x1
 609 01ec 50       		.byte	0x50
 610 01ed 01       		.uleb128 0x1
 611 01ee 38       		.byte	0x38
 612 01ef 00       		.byte	0
 613 01f0 0D       		.uleb128 0xd
 614 01f1 8A000000 		.4byte	.LVL10
 615 01f5 63030000 		.4byte	0x363
 616 01f9 0E       		.uleb128 0xe
 617 01fa 01       		.uleb128 0x1
 618 01fb 50       		.byte	0x50
 619 01fc 01       		.uleb128 0x1
 620 01fd 38       		.byte	0x38
 621 01fe 00       		.byte	0
 622 01ff 00       		.byte	0
 623 0200 11       		.uleb128 0x11
 624 0201 4F010000 		.4byte	.LASF38
 625 0205 01       		.byte	0x1
 626 0206 FC       		.byte	0xfc
ARM GAS  C:\Users\Sarah\AppData\Local\Temp\ccX4Byf8.s 			page 18


 627 0207 DC000000 		.4byte	.LFB7
 628 020b CC000000 		.4byte	.LFE7-.LFB7
 629 020f 01       		.uleb128 0x1
 630 0210 9C       		.byte	0x9c
 631 0211 C8020000 		.4byte	0x2c8
 632 0215 12       		.uleb128 0x12
 633 0216 E6000000 		.4byte	.LBB2
 634 021a 62000000 		.4byte	.LBE2-.LBB2
 635 021e B5020000 		.4byte	0x2b5
 636 0222 13       		.uleb128 0x13
 637 0223 06       		.byte	0x6
 638 0224 01       		.byte	0x1
 639 0225 0501     		.2byte	0x105
 640 0227 46020000 		.4byte	0x246
 641 022b 14       		.uleb128 0x14
 642 022c 5C010000 		.4byte	.LASF23
 643 0230 01       		.byte	0x1
 644 0231 0601     		.2byte	0x106
 645 0233 7D000000 		.4byte	0x7d
 646 0237 00       		.byte	0
 647 0238 14       		.uleb128 0x14
 648 0239 6F000000 		.4byte	.LASF24
 649 023d 01       		.byte	0x1
 650 023e 0701     		.2byte	0x107
 651 0240 99000000 		.4byte	0x99
 652 0244 04       		.byte	0x4
 653 0245 00       		.byte	0
 654 0246 08       		.uleb128 0x8
 655 0247 88010000 		.4byte	.LASF25
 656 024b 01       		.byte	0x1
 657 024c 0801     		.2byte	0x108
 658 024e 22020000 		.4byte	0x222
 659 0252 15       		.uleb128 0x15
 660 0253 46020000 		.4byte	0x246
 661 0257 62020000 		.4byte	0x262
 662 025b 16       		.uleb128 0x16
 663 025c 76000000 		.4byte	0x76
 664 0260 01       		.byte	0x1
 665 0261 00       		.byte	0
 666 0262 17       		.uleb128 0x17
 667 0263 3B000000 		.4byte	.LASF26
 668 0267 01       		.byte	0x1
 669 0268 0A01     		.2byte	0x10a
 670 026a 74020000 		.4byte	0x274
 671 026e 05       		.uleb128 0x5
 672 026f 03       		.byte	0x3
 673 0270 00000000 		.4byte	cfg_memset_list.4771
 674 0274 18       		.uleb128 0x18
 675 0275 52020000 		.4byte	0x252
 676 0279 19       		.uleb128 0x19
 677 027a 6900     		.ascii	"i\000"
 678 027c 01       		.byte	0x1
 679 027d 1001     		.2byte	0x110
 680 027f 8D000000 		.4byte	0x8d
 681 0283 4D000000 		.4byte	.LLST2
 682 0287 1A       		.uleb128 0x1a
 683 0288 EA000000 		.4byte	.LBB3
ARM GAS  C:\Users\Sarah\AppData\Local\Temp\ccX4Byf8.s 			page 19


 684 028c 1E000000 		.4byte	.LBE3-.LBB3
 685 0290 19       		.uleb128 0x19
 686 0291 6D7300   		.ascii	"ms\000"
 687 0294 01       		.byte	0x1
 688 0295 1501     		.2byte	0x115
 689 0297 9F020000 		.4byte	0x29f
 690 029b 77000000 		.4byte	.LLST3
 691 029f 06       		.uleb128 0x6
 692 02a0 04       		.byte	0x4
 693 02a1 A5020000 		.4byte	0x2a5
 694 02a5 18       		.uleb128 0x18
 695 02a6 46020000 		.4byte	0x246
 696 02aa 0F       		.uleb128 0xf
 697 02ab 08010000 		.4byte	.LVL13
 698 02af 0A010000 		.4byte	0x10a
 699 02b3 00       		.byte	0
 700 02b4 00       		.byte	0
 701 02b5 0F       		.uleb128 0xf
 702 02b6 62010000 		.4byte	.LVL16
 703 02ba 57010000 		.4byte	0x157
 704 02be 0F       		.uleb128 0xf
 705 02bf 66010000 		.4byte	.LVL17
 706 02c3 F9000000 		.4byte	0xf9
 707 02c7 00       		.byte	0
 708 02c8 1B       		.uleb128 0x1b
 709 02c9 D2000000 		.4byte	.LASF27
 710 02cd 7D000000 		.4byte	0x7d
 711 02d1 E5020000 		.4byte	0x2e5
 712 02d5 1C       		.uleb128 0x1c
 713 02d6 7D000000 		.4byte	0x7d
 714 02da 1C       		.uleb128 0x1c
 715 02db 25000000 		.4byte	0x25
 716 02df 1C       		.uleb128 0x1c
 717 02e0 76000000 		.4byte	0x76
 718 02e4 00       		.byte	0
 719 02e5 1D       		.uleb128 0x1d
 720 02e6 A9000000 		.4byte	.LASF39
 721 02ea 05       		.byte	0x5
 722 02eb 4F       		.byte	0x4f
 723 02ec 1E       		.uleb128 0x1e
 724 02ed 00000000 		.4byte	.LASF28
 725 02f1 04       		.byte	0x4
 726 02f2 DC       		.byte	0xdc
 727 02f3 FD020000 		.4byte	0x2fd
 728 02f7 1C       		.uleb128 0x1c
 729 02f8 A5000000 		.4byte	0xa5
 730 02fc 00       		.byte	0
 731 02fd 1F       		.uleb128 0x1f
 732 02fe 74000000 		.4byte	.LASF30
 733 0302 05       		.byte	0x5
 734 0303 51       		.byte	0x51
 735 0304 A5000000 		.4byte	0xa5
 736 0308 12030000 		.4byte	0x312
 737 030c 1C       		.uleb128 0x1c
 738 030d A5000000 		.4byte	0xa5
 739 0311 00       		.byte	0
 740 0312 1E       		.uleb128 0x1e
ARM GAS  C:\Users\Sarah\AppData\Local\Temp\ccX4Byf8.s 			page 20


 741 0313 64020000 		.4byte	.LASF29
 742 0317 04       		.byte	0x4
 743 0318 6C       		.byte	0x6c
 744 0319 23030000 		.4byte	0x323
 745 031d 1C       		.uleb128 0x1c
 746 031e A5000000 		.4byte	0xa5
 747 0322 00       		.byte	0
 748 0323 1F       		.uleb128 0x1f
 749 0324 BB010000 		.4byte	.LASF31
 750 0328 04       		.byte	0x4
 751 0329 84       		.byte	0x84
 752 032a BF000000 		.4byte	0xbf
 753 032e 38030000 		.4byte	0x338
 754 0332 1C       		.uleb128 0x1c
 755 0333 A5000000 		.4byte	0xa5
 756 0337 00       		.byte	0
 757 0338 1E       		.uleb128 0x1e
 758 0339 AC010000 		.4byte	.LASF32
 759 033d 04       		.byte	0x4
 760 033e DA       		.byte	0xda
 761 033f 49030000 		.4byte	0x349
 762 0343 1C       		.uleb128 0x1c
 763 0344 99000000 		.4byte	0x99
 764 0348 00       		.byte	0
 765 0349 1F       		.uleb128 0x1f
 766 034a 2C000000 		.4byte	.LASF33
 767 034e 04       		.byte	0x4
 768 034f BD       		.byte	0xbd
 769 0350 ED000000 		.4byte	0xed
 770 0354 63030000 		.4byte	0x363
 771 0358 1C       		.uleb128 0x1c
 772 0359 8D000000 		.4byte	0x8d
 773 035d 1C       		.uleb128 0x1c
 774 035e ED000000 		.4byte	0xed
 775 0362 00       		.byte	0
 776 0363 20       		.uleb128 0x20
 777 0364 E0000000 		.4byte	.LASF40
 778 0368 04       		.byte	0x4
 779 0369 C3       		.byte	0xc3
 780 036a 1C       		.uleb128 0x1c
 781 036b 8D000000 		.4byte	0x8d
 782 036f 00       		.byte	0
 783 0370 00       		.byte	0
 784              		.section	.debug_abbrev,"",%progbits
 785              	.Ldebug_abbrev0:
 786 0000 01       		.uleb128 0x1
 787 0001 11       		.uleb128 0x11
 788 0002 01       		.byte	0x1
 789 0003 25       		.uleb128 0x25
 790 0004 0E       		.uleb128 0xe
 791 0005 13       		.uleb128 0x13
 792 0006 0B       		.uleb128 0xb
 793 0007 03       		.uleb128 0x3
 794 0008 0E       		.uleb128 0xe
 795 0009 1B       		.uleb128 0x1b
 796 000a 0E       		.uleb128 0xe
 797 000b 55       		.uleb128 0x55
ARM GAS  C:\Users\Sarah\AppData\Local\Temp\ccX4Byf8.s 			page 21


 798 000c 17       		.uleb128 0x17
 799 000d 11       		.uleb128 0x11
 800 000e 01       		.uleb128 0x1
 801 000f 10       		.uleb128 0x10
 802 0010 17       		.uleb128 0x17
 803 0011 00       		.byte	0
 804 0012 00       		.byte	0
 805 0013 02       		.uleb128 0x2
 806 0014 24       		.uleb128 0x24
 807 0015 00       		.byte	0
 808 0016 0B       		.uleb128 0xb
 809 0017 0B       		.uleb128 0xb
 810 0018 3E       		.uleb128 0x3e
 811 0019 0B       		.uleb128 0xb
 812 001a 03       		.uleb128 0x3
 813 001b 08       		.uleb128 0x8
 814 001c 00       		.byte	0
 815 001d 00       		.byte	0
 816 001e 03       		.uleb128 0x3
 817 001f 16       		.uleb128 0x16
 818 0020 00       		.byte	0
 819 0021 03       		.uleb128 0x3
 820 0022 0E       		.uleb128 0xe
 821 0023 3A       		.uleb128 0x3a
 822 0024 0B       		.uleb128 0xb
 823 0025 3B       		.uleb128 0x3b
 824 0026 0B       		.uleb128 0xb
 825 0027 49       		.uleb128 0x49
 826 0028 13       		.uleb128 0x13
 827 0029 00       		.byte	0
 828 002a 00       		.byte	0
 829 002b 04       		.uleb128 0x4
 830 002c 24       		.uleb128 0x24
 831 002d 00       		.byte	0
 832 002e 0B       		.uleb128 0xb
 833 002f 0B       		.uleb128 0xb
 834 0030 3E       		.uleb128 0x3e
 835 0031 0B       		.uleb128 0xb
 836 0032 03       		.uleb128 0x3
 837 0033 0E       		.uleb128 0xe
 838 0034 00       		.byte	0
 839 0035 00       		.byte	0
 840 0036 05       		.uleb128 0x5
 841 0037 0F       		.uleb128 0xf
 842 0038 00       		.byte	0
 843 0039 0B       		.uleb128 0xb
 844 003a 0B       		.uleb128 0xb
 845 003b 00       		.byte	0
 846 003c 00       		.byte	0
 847 003d 06       		.uleb128 0x6
 848 003e 0F       		.uleb128 0xf
 849 003f 00       		.byte	0
 850 0040 0B       		.uleb128 0xb
 851 0041 0B       		.uleb128 0xb
 852 0042 49       		.uleb128 0x49
 853 0043 13       		.uleb128 0x13
 854 0044 00       		.byte	0
ARM GAS  C:\Users\Sarah\AppData\Local\Temp\ccX4Byf8.s 			page 22


 855 0045 00       		.byte	0
 856 0046 07       		.uleb128 0x7
 857 0047 15       		.uleb128 0x15
 858 0048 00       		.byte	0
 859 0049 27       		.uleb128 0x27
 860 004a 19       		.uleb128 0x19
 861 004b 00       		.byte	0
 862 004c 00       		.byte	0
 863 004d 08       		.uleb128 0x8
 864 004e 16       		.uleb128 0x16
 865 004f 00       		.byte	0
 866 0050 03       		.uleb128 0x3
 867 0051 0E       		.uleb128 0xe
 868 0052 3A       		.uleb128 0x3a
 869 0053 0B       		.uleb128 0xb
 870 0054 3B       		.uleb128 0x3b
 871 0055 05       		.uleb128 0x5
 872 0056 49       		.uleb128 0x49
 873 0057 13       		.uleb128 0x13
 874 0058 00       		.byte	0
 875 0059 00       		.byte	0
 876 005a 09       		.uleb128 0x9
 877 005b 35       		.uleb128 0x35
 878 005c 00       		.byte	0
 879 005d 49       		.uleb128 0x49
 880 005e 13       		.uleb128 0x13
 881 005f 00       		.byte	0
 882 0060 00       		.byte	0
 883 0061 0A       		.uleb128 0xa
 884 0062 2E       		.uleb128 0x2e
 885 0063 00       		.byte	0
 886 0064 03       		.uleb128 0x3
 887 0065 0E       		.uleb128 0xe
 888 0066 3A       		.uleb128 0x3a
 889 0067 0B       		.uleb128 0xb
 890 0068 3B       		.uleb128 0x3b
 891 0069 0B       		.uleb128 0xb
 892 006a 27       		.uleb128 0x27
 893 006b 19       		.uleb128 0x19
 894 006c 11       		.uleb128 0x11
 895 006d 01       		.uleb128 0x1
 896 006e 12       		.uleb128 0x12
 897 006f 06       		.uleb128 0x6
 898 0070 40       		.uleb128 0x40
 899 0071 18       		.uleb128 0x18
 900 0072 9742     		.uleb128 0x2117
 901 0074 19       		.uleb128 0x19
 902 0075 00       		.byte	0
 903 0076 00       		.byte	0
 904 0077 0B       		.uleb128 0xb
 905 0078 2E       		.uleb128 0x2e
 906 0079 01       		.byte	0x1
 907 007a 03       		.uleb128 0x3
 908 007b 0E       		.uleb128 0xe
 909 007c 3A       		.uleb128 0x3a
 910 007d 0B       		.uleb128 0xb
 911 007e 3B       		.uleb128 0x3b
ARM GAS  C:\Users\Sarah\AppData\Local\Temp\ccX4Byf8.s 			page 23


 912 007f 0B       		.uleb128 0xb
 913 0080 27       		.uleb128 0x27
 914 0081 19       		.uleb128 0x19
 915 0082 11       		.uleb128 0x11
 916 0083 01       		.uleb128 0x1
 917 0084 12       		.uleb128 0x12
 918 0085 06       		.uleb128 0x6
 919 0086 40       		.uleb128 0x40
 920 0087 18       		.uleb128 0x18
 921 0088 9742     		.uleb128 0x2117
 922 008a 19       		.uleb128 0x19
 923 008b 01       		.uleb128 0x1
 924 008c 13       		.uleb128 0x13
 925 008d 00       		.byte	0
 926 008e 00       		.byte	0
 927 008f 0C       		.uleb128 0xc
 928 0090 05       		.uleb128 0x5
 929 0091 00       		.byte	0
 930 0092 03       		.uleb128 0x3
 931 0093 08       		.uleb128 0x8
 932 0094 3A       		.uleb128 0x3a
 933 0095 0B       		.uleb128 0xb
 934 0096 3B       		.uleb128 0x3b
 935 0097 0B       		.uleb128 0xb
 936 0098 49       		.uleb128 0x49
 937 0099 13       		.uleb128 0x13
 938 009a 02       		.uleb128 0x2
 939 009b 17       		.uleb128 0x17
 940 009c 00       		.byte	0
 941 009d 00       		.byte	0
 942 009e 0D       		.uleb128 0xd
 943 009f 898201   		.uleb128 0x4109
 944 00a2 01       		.byte	0x1
 945 00a3 11       		.uleb128 0x11
 946 00a4 01       		.uleb128 0x1
 947 00a5 31       		.uleb128 0x31
 948 00a6 13       		.uleb128 0x13
 949 00a7 00       		.byte	0
 950 00a8 00       		.byte	0
 951 00a9 0E       		.uleb128 0xe
 952 00aa 8A8201   		.uleb128 0x410a
 953 00ad 00       		.byte	0
 954 00ae 02       		.uleb128 0x2
 955 00af 18       		.uleb128 0x18
 956 00b0 9142     		.uleb128 0x2111
 957 00b2 18       		.uleb128 0x18
 958 00b3 00       		.byte	0
 959 00b4 00       		.byte	0
 960 00b5 0F       		.uleb128 0xf
 961 00b6 898201   		.uleb128 0x4109
 962 00b9 00       		.byte	0
 963 00ba 11       		.uleb128 0x11
 964 00bb 01       		.uleb128 0x1
 965 00bc 31       		.uleb128 0x31
 966 00bd 13       		.uleb128 0x13
 967 00be 00       		.byte	0
 968 00bf 00       		.byte	0
ARM GAS  C:\Users\Sarah\AppData\Local\Temp\ccX4Byf8.s 			page 24


 969 00c0 10       		.uleb128 0x10
 970 00c1 898201   		.uleb128 0x4109
 971 00c4 01       		.byte	0x1
 972 00c5 11       		.uleb128 0x11
 973 00c6 01       		.uleb128 0x1
 974 00c7 31       		.uleb128 0x31
 975 00c8 13       		.uleb128 0x13
 976 00c9 01       		.uleb128 0x1
 977 00ca 13       		.uleb128 0x13
 978 00cb 00       		.byte	0
 979 00cc 00       		.byte	0
 980 00cd 11       		.uleb128 0x11
 981 00ce 2E       		.uleb128 0x2e
 982 00cf 01       		.byte	0x1
 983 00d0 3F       		.uleb128 0x3f
 984 00d1 19       		.uleb128 0x19
 985 00d2 03       		.uleb128 0x3
 986 00d3 0E       		.uleb128 0xe
 987 00d4 3A       		.uleb128 0x3a
 988 00d5 0B       		.uleb128 0xb
 989 00d6 3B       		.uleb128 0x3b
 990 00d7 0B       		.uleb128 0xb
 991 00d8 27       		.uleb128 0x27
 992 00d9 19       		.uleb128 0x19
 993 00da 11       		.uleb128 0x11
 994 00db 01       		.uleb128 0x1
 995 00dc 12       		.uleb128 0x12
 996 00dd 06       		.uleb128 0x6
 997 00de 40       		.uleb128 0x40
 998 00df 18       		.uleb128 0x18
 999 00e0 9742     		.uleb128 0x2117
 1000 00e2 19       		.uleb128 0x19
 1001 00e3 01       		.uleb128 0x1
 1002 00e4 13       		.uleb128 0x13
 1003 00e5 00       		.byte	0
 1004 00e6 00       		.byte	0
 1005 00e7 12       		.uleb128 0x12
 1006 00e8 0B       		.uleb128 0xb
 1007 00e9 01       		.byte	0x1
 1008 00ea 11       		.uleb128 0x11
 1009 00eb 01       		.uleb128 0x1
 1010 00ec 12       		.uleb128 0x12
 1011 00ed 06       		.uleb128 0x6
 1012 00ee 01       		.uleb128 0x1
 1013 00ef 13       		.uleb128 0x13
 1014 00f0 00       		.byte	0
 1015 00f1 00       		.byte	0
 1016 00f2 13       		.uleb128 0x13
 1017 00f3 13       		.uleb128 0x13
 1018 00f4 01       		.byte	0x1
 1019 00f5 0B       		.uleb128 0xb
 1020 00f6 0B       		.uleb128 0xb
 1021 00f7 3A       		.uleb128 0x3a
 1022 00f8 0B       		.uleb128 0xb
 1023 00f9 3B       		.uleb128 0x3b
 1024 00fa 05       		.uleb128 0x5
 1025 00fb 01       		.uleb128 0x1
ARM GAS  C:\Users\Sarah\AppData\Local\Temp\ccX4Byf8.s 			page 25


 1026 00fc 13       		.uleb128 0x13
 1027 00fd 00       		.byte	0
 1028 00fe 00       		.byte	0
 1029 00ff 14       		.uleb128 0x14
 1030 0100 0D       		.uleb128 0xd
 1031 0101 00       		.byte	0
 1032 0102 03       		.uleb128 0x3
 1033 0103 0E       		.uleb128 0xe
 1034 0104 3A       		.uleb128 0x3a
 1035 0105 0B       		.uleb128 0xb
 1036 0106 3B       		.uleb128 0x3b
 1037 0107 05       		.uleb128 0x5
 1038 0108 49       		.uleb128 0x49
 1039 0109 13       		.uleb128 0x13
 1040 010a 38       		.uleb128 0x38
 1041 010b 0B       		.uleb128 0xb
 1042 010c 00       		.byte	0
 1043 010d 00       		.byte	0
 1044 010e 15       		.uleb128 0x15
 1045 010f 01       		.uleb128 0x1
 1046 0110 01       		.byte	0x1
 1047 0111 49       		.uleb128 0x49
 1048 0112 13       		.uleb128 0x13
 1049 0113 01       		.uleb128 0x1
 1050 0114 13       		.uleb128 0x13
 1051 0115 00       		.byte	0
 1052 0116 00       		.byte	0
 1053 0117 16       		.uleb128 0x16
 1054 0118 21       		.uleb128 0x21
 1055 0119 00       		.byte	0
 1056 011a 49       		.uleb128 0x49
 1057 011b 13       		.uleb128 0x13
 1058 011c 2F       		.uleb128 0x2f
 1059 011d 0B       		.uleb128 0xb
 1060 011e 00       		.byte	0
 1061 011f 00       		.byte	0
 1062 0120 17       		.uleb128 0x17
 1063 0121 34       		.uleb128 0x34
 1064 0122 00       		.byte	0
 1065 0123 03       		.uleb128 0x3
 1066 0124 0E       		.uleb128 0xe
 1067 0125 3A       		.uleb128 0x3a
 1068 0126 0B       		.uleb128 0xb
 1069 0127 3B       		.uleb128 0x3b
 1070 0128 05       		.uleb128 0x5
 1071 0129 49       		.uleb128 0x49
 1072 012a 13       		.uleb128 0x13
 1073 012b 02       		.uleb128 0x2
 1074 012c 18       		.uleb128 0x18
 1075 012d 00       		.byte	0
 1076 012e 00       		.byte	0
 1077 012f 18       		.uleb128 0x18
 1078 0130 26       		.uleb128 0x26
 1079 0131 00       		.byte	0
 1080 0132 49       		.uleb128 0x49
 1081 0133 13       		.uleb128 0x13
 1082 0134 00       		.byte	0
ARM GAS  C:\Users\Sarah\AppData\Local\Temp\ccX4Byf8.s 			page 26


 1083 0135 00       		.byte	0
 1084 0136 19       		.uleb128 0x19
 1085 0137 34       		.uleb128 0x34
 1086 0138 00       		.byte	0
 1087 0139 03       		.uleb128 0x3
 1088 013a 08       		.uleb128 0x8
 1089 013b 3A       		.uleb128 0x3a
 1090 013c 0B       		.uleb128 0xb
 1091 013d 3B       		.uleb128 0x3b
 1092 013e 05       		.uleb128 0x5
 1093 013f 49       		.uleb128 0x49
 1094 0140 13       		.uleb128 0x13
 1095 0141 02       		.uleb128 0x2
 1096 0142 17       		.uleb128 0x17
 1097 0143 00       		.byte	0
 1098 0144 00       		.byte	0
 1099 0145 1A       		.uleb128 0x1a
 1100 0146 0B       		.uleb128 0xb
 1101 0147 01       		.byte	0x1
 1102 0148 11       		.uleb128 0x11
 1103 0149 01       		.uleb128 0x1
 1104 014a 12       		.uleb128 0x12
 1105 014b 06       		.uleb128 0x6
 1106 014c 00       		.byte	0
 1107 014d 00       		.byte	0
 1108 014e 1B       		.uleb128 0x1b
 1109 014f 2E       		.uleb128 0x2e
 1110 0150 01       		.byte	0x1
 1111 0151 3F       		.uleb128 0x3f
 1112 0152 19       		.uleb128 0x19
 1113 0153 03       		.uleb128 0x3
 1114 0154 0E       		.uleb128 0xe
 1115 0155 27       		.uleb128 0x27
 1116 0156 19       		.uleb128 0x19
 1117 0157 49       		.uleb128 0x49
 1118 0158 13       		.uleb128 0x13
 1119 0159 34       		.uleb128 0x34
 1120 015a 19       		.uleb128 0x19
 1121 015b 3C       		.uleb128 0x3c
 1122 015c 19       		.uleb128 0x19
 1123 015d 01       		.uleb128 0x1
 1124 015e 13       		.uleb128 0x13
 1125 015f 00       		.byte	0
 1126 0160 00       		.byte	0
 1127 0161 1C       		.uleb128 0x1c
 1128 0162 05       		.uleb128 0x5
 1129 0163 00       		.byte	0
 1130 0164 49       		.uleb128 0x49
 1131 0165 13       		.uleb128 0x13
 1132 0166 00       		.byte	0
 1133 0167 00       		.byte	0
 1134 0168 1D       		.uleb128 0x1d
 1135 0169 2E       		.uleb128 0x2e
 1136 016a 00       		.byte	0
 1137 016b 3F       		.uleb128 0x3f
 1138 016c 19       		.uleb128 0x19
 1139 016d 03       		.uleb128 0x3
ARM GAS  C:\Users\Sarah\AppData\Local\Temp\ccX4Byf8.s 			page 27


 1140 016e 0E       		.uleb128 0xe
 1141 016f 3A       		.uleb128 0x3a
 1142 0170 0B       		.uleb128 0xb
 1143 0171 3B       		.uleb128 0x3b
 1144 0172 0B       		.uleb128 0xb
 1145 0173 27       		.uleb128 0x27
 1146 0174 19       		.uleb128 0x19
 1147 0175 3C       		.uleb128 0x3c
 1148 0176 19       		.uleb128 0x19
 1149 0177 00       		.byte	0
 1150 0178 00       		.byte	0
 1151 0179 1E       		.uleb128 0x1e
 1152 017a 2E       		.uleb128 0x2e
 1153 017b 01       		.byte	0x1
 1154 017c 3F       		.uleb128 0x3f
 1155 017d 19       		.uleb128 0x19
 1156 017e 03       		.uleb128 0x3
 1157 017f 0E       		.uleb128 0xe
 1158 0180 3A       		.uleb128 0x3a
 1159 0181 0B       		.uleb128 0xb
 1160 0182 3B       		.uleb128 0x3b
 1161 0183 0B       		.uleb128 0xb
 1162 0184 27       		.uleb128 0x27
 1163 0185 19       		.uleb128 0x19
 1164 0186 3C       		.uleb128 0x3c
 1165 0187 19       		.uleb128 0x19
 1166 0188 01       		.uleb128 0x1
 1167 0189 13       		.uleb128 0x13
 1168 018a 00       		.byte	0
 1169 018b 00       		.byte	0
 1170 018c 1F       		.uleb128 0x1f
 1171 018d 2E       		.uleb128 0x2e
 1172 018e 01       		.byte	0x1
 1173 018f 3F       		.uleb128 0x3f
 1174 0190 19       		.uleb128 0x19
 1175 0191 03       		.uleb128 0x3
 1176 0192 0E       		.uleb128 0xe
 1177 0193 3A       		.uleb128 0x3a
 1178 0194 0B       		.uleb128 0xb
 1179 0195 3B       		.uleb128 0x3b
 1180 0196 0B       		.uleb128 0xb
 1181 0197 27       		.uleb128 0x27
 1182 0198 19       		.uleb128 0x19
 1183 0199 49       		.uleb128 0x49
 1184 019a 13       		.uleb128 0x13
 1185 019b 3C       		.uleb128 0x3c
 1186 019c 19       		.uleb128 0x19
 1187 019d 01       		.uleb128 0x1
 1188 019e 13       		.uleb128 0x13
 1189 019f 00       		.byte	0
 1190 01a0 00       		.byte	0
 1191 01a1 20       		.uleb128 0x20
 1192 01a2 2E       		.uleb128 0x2e
 1193 01a3 01       		.byte	0x1
 1194 01a4 3F       		.uleb128 0x3f
 1195 01a5 19       		.uleb128 0x19
 1196 01a6 03       		.uleb128 0x3
ARM GAS  C:\Users\Sarah\AppData\Local\Temp\ccX4Byf8.s 			page 28


 1197 01a7 0E       		.uleb128 0xe
 1198 01a8 3A       		.uleb128 0x3a
 1199 01a9 0B       		.uleb128 0xb
 1200 01aa 3B       		.uleb128 0x3b
 1201 01ab 0B       		.uleb128 0xb
 1202 01ac 27       		.uleb128 0x27
 1203 01ad 19       		.uleb128 0x19
 1204 01ae 3C       		.uleb128 0x3c
 1205 01af 19       		.uleb128 0x19
 1206 01b0 00       		.byte	0
 1207 01b1 00       		.byte	0
 1208 01b2 00       		.byte	0
 1209              		.section	.debug_loc,"",%progbits
 1210              	.Ldebug_loc0:
 1211              	.LLST0:
 1212 0000 00000000 		.4byte	.LVL0
 1213 0004 09000000 		.4byte	.LVL2-1
 1214 0008 0100     		.2byte	0x1
 1215 000a 50       		.byte	0x50
 1216 000b 09000000 		.4byte	.LVL2-1
 1217 000f 0C000000 		.4byte	.LFE2
 1218 0013 0400     		.2byte	0x4
 1219 0015 F3       		.byte	0xf3
 1220 0016 01       		.uleb128 0x1
 1221 0017 50       		.byte	0x50
 1222 0018 9F       		.byte	0x9f
 1223 0019 00000000 		.4byte	0
 1224 001d 00000000 		.4byte	0
 1225              	.LLST1:
 1226 0021 00000000 		.4byte	.LVL0
 1227 0025 06000000 		.4byte	.LVL1
 1228 0029 0100     		.2byte	0x1
 1229 002b 51       		.byte	0x51
 1230 002c 06000000 		.4byte	.LVL1
 1231 0030 09000000 		.4byte	.LVL2-1
 1232 0034 0100     		.2byte	0x1
 1233 0036 52       		.byte	0x52
 1234 0037 09000000 		.4byte	.LVL2-1
 1235 003b 0C000000 		.4byte	.LFE2
 1236 003f 0400     		.2byte	0x4
 1237 0041 F3       		.byte	0xf3
 1238 0042 01       		.uleb128 0x1
 1239 0043 51       		.byte	0x51
 1240 0044 9F       		.byte	0x9f
 1241 0045 00000000 		.4byte	0
 1242 0049 00000000 		.4byte	0
 1243              	.LLST2:
 1244 004d E6000000 		.4byte	.LVL11
 1245 0051 EA000000 		.4byte	.LVL12
 1246 0055 0200     		.2byte	0x2
 1247 0057 30       		.byte	0x30
 1248 0058 9F       		.byte	0x9f
 1249 0059 EA000000 		.4byte	.LVL12
 1250 005d 0A010000 		.4byte	.LVL14
 1251 0061 0100     		.2byte	0x1
 1252 0063 54       		.byte	0x54
 1253 0064 0C010000 		.4byte	.LVL15
ARM GAS  C:\Users\Sarah\AppData\Local\Temp\ccX4Byf8.s 			page 29


 1254 0068 66010000 		.4byte	.LVL18
 1255 006c 0100     		.2byte	0x1
 1256 006e 54       		.byte	0x54
 1257 006f 00000000 		.4byte	0
 1258 0073 00000000 		.4byte	0
 1259              	.LLST3:
 1260 0077 EA000000 		.4byte	.LVL12
 1261 007b 0A010000 		.4byte	.LVL14
 1262 007f 0B00     		.2byte	0xb
 1263 0081 74       		.byte	0x74
 1264 0082 00       		.sleb128 0
 1265 0083 36       		.byte	0x36
 1266 0084 1E       		.byte	0x1e
 1267 0085 03       		.byte	0x3
 1268 0086 00000000 		.4byte	cfg_memset_list.4771
 1269 008a 22       		.byte	0x22
 1270 008b 9F       		.byte	0x9f
 1271 008c 0A010000 		.4byte	.LVL14
 1272 0090 0C010000 		.4byte	.LVL15
 1273 0094 0B00     		.2byte	0xb
 1274 0096 74       		.byte	0x74
 1275 0097 7F       		.sleb128 -1
 1276 0098 36       		.byte	0x36
 1277 0099 1E       		.byte	0x1e
 1278 009a 03       		.byte	0x3
 1279 009b 00000000 		.4byte	cfg_memset_list.4771
 1280 009f 22       		.byte	0x22
 1281 00a0 9F       		.byte	0x9f
 1282 00a1 00000000 		.4byte	0
 1283 00a5 00000000 		.4byte	0
 1284              		.section	.debug_aranges,"",%progbits
 1285 0000 34000000 		.4byte	0x34
 1286 0004 0200     		.2byte	0x2
 1287 0006 00000000 		.4byte	.Ldebug_info0
 1288 000a 04       		.byte	0x4
 1289 000b 00       		.byte	0
 1290 000c 0000     		.2byte	0
 1291 000e 0000     		.2byte	0
 1292 0010 00000000 		.4byte	.LFB6
 1293 0014 20000000 		.4byte	.LFE6-.LFB6
 1294 0018 00000000 		.4byte	.LFB2
 1295 001c 0C000000 		.4byte	.LFE2-.LFB2
 1296 0020 00000000 		.4byte	.LFB5
 1297 0024 DC000000 		.4byte	.LFE5-.LFB5
 1298 0028 DC000000 		.4byte	.LFB7
 1299 002c CC000000 		.4byte	.LFE7-.LFB7
 1300 0030 00000000 		.4byte	0
 1301 0034 00000000 		.4byte	0
 1302              		.section	.debug_ranges,"",%progbits
 1303              	.Ldebug_ranges0:
 1304 0000 00000000 		.4byte	.LFB6
 1305 0004 20000000 		.4byte	.LFE6
 1306 0008 00000000 		.4byte	.LFB2
 1307 000c 0C000000 		.4byte	.LFE2
 1308 0010 00000000 		.4byte	.LFB5
 1309 0014 DC000000 		.4byte	.LFE5
 1310 0018 DC000000 		.4byte	.LFB7
ARM GAS  C:\Users\Sarah\AppData\Local\Temp\ccX4Byf8.s 			page 30


 1311 001c A8010000 		.4byte	.LFE7
 1312 0020 00000000 		.4byte	0
 1313 0024 00000000 		.4byte	0
 1314              		.section	.debug_line,"",%progbits
 1315              	.Ldebug_line0:
 1316 0000 5D010000 		.section	.debug_str,"MS",%progbits,1
 1316      0200E300 
 1316      00000201 
 1316      FB0E0D00 
 1316      01010101 
 1317              	.LASF28:
 1318 0000 43794465 		.ascii	"CyDelayCycles\000"
 1318      6C617943 
 1318      79636C65 
 1318      7300
 1319              	.LASF19:
 1320 000e 72656733 		.ascii	"reg32\000"
 1320      3200
 1321              	.LASF11:
 1322 0014 73697A65 		.ascii	"size_t\000"
 1322      5F7400
 1323              	.LASF37:
 1324 001b 416E616C 		.ascii	"AnalogSetDefault\000"
 1324      6F675365 
 1324      74446566 
 1324      61756C74 
 1324      00
 1325              	.LASF33:
 1326 002c 4379496E 		.ascii	"CyIntSetVector\000"
 1326      74536574 
 1326      56656374 
 1326      6F7200
 1327              	.LASF26:
 1328 003b 6366675F 		.ascii	"cfg_memset_list\000"
 1328      6D656D73 
 1328      65745F6C 
 1328      69737400 
 1329              	.LASF22:
 1330 004b 436C6F63 		.ascii	"ClockSetup\000"
 1330      6B536574 
 1330      757000
 1331              	.LASF4:
 1332 0056 73686F72 		.ascii	"short unsigned int\000"
 1332      7420756E 
 1332      7369676E 
 1332      65642069 
 1332      6E7400
 1333              	.LASF15:
 1334 0069 666C6F61 		.ascii	"float\000"
 1334      7400
 1335              	.LASF24:
 1336 006f 73697A65 		.ascii	"size\000"
 1336      00
 1337              	.LASF30:
 1338 0074 43795379 		.ascii	"CySysClkWcoSetPowerMode\000"
 1338      73436C6B 
 1338      57636F53 
ARM GAS  C:\Users\Sarah\AppData\Local\Temp\ccX4Byf8.s 			page 31


 1338      6574506F 
 1338      7765724D 
 1339              	.LASF18:
 1340 008c 72656738 		.ascii	"reg8\000"
 1340      00
 1341              	.LASF6:
 1342 0091 6C6F6E67 		.ascii	"long unsigned int\000"
 1342      20756E73 
 1342      69676E65 
 1342      6420696E 
 1342      7400
 1343              	.LASF12:
 1344 00a3 75696E74 		.ascii	"uint8\000"
 1344      3800
 1345              	.LASF39:
 1346 00a9 43795379 		.ascii	"CySysClkWcoStart\000"
 1346      73436C6B 
 1346      57636F53 
 1346      74617274 
 1346      00
 1347              	.LASF21:
 1348 00ba 43594D45 		.ascii	"CYMEMZERO\000"
 1348      4D5A4552 
 1348      4F00
 1349              	.LASF2:
 1350 00c4 756E7369 		.ascii	"unsigned char\000"
 1350      676E6564 
 1350      20636861 
 1350      7200
 1351              	.LASF27:
 1352 00d2 6D656D73 		.ascii	"memset\000"
 1352      657400
 1353              	.LASF16:
 1354 00d9 646F7562 		.ascii	"double\000"
 1354      6C6500
 1355              	.LASF40:
 1356 00e0 4379496E 		.ascii	"CyIntEnable\000"
 1356      74456E61 
 1356      626C6500 
 1357              	.LASF13:
 1358 00ec 75696E74 		.ascii	"uint16\000"
 1358      313600
 1359              	.LASF17:
 1360 00f3 63797374 		.ascii	"cystatus\000"
 1360      61747573 
 1360      00
 1361              	.LASF14:
 1362 00fc 75696E74 		.ascii	"uint32\000"
 1362      333200
 1363              	.LASF36:
 1364 0103 433A5C55 		.ascii	"C:\\Users\\Sarah\\Documents\\DVCS\\Workspace01\\Seg"
 1364      73657273 
 1364      5C536172 
 1364      61685C44 
 1364      6F63756D 
 1365 0130 6D656E74 		.ascii	"mentDisplay.cydsn\000"
 1365      44697370 
ARM GAS  C:\Users\Sarah\AppData\Local\Temp\ccX4Byf8.s 			page 32


 1365      6C61792E 
 1365      63796473 
 1365      6E00
 1366              	.LASF0:
 1367 0142 756E7369 		.ascii	"unsigned int\000"
 1367      676E6564 
 1367      20696E74 
 1367      00
 1368              	.LASF38:
 1369 014f 63796669 		.ascii	"cyfitter_cfg\000"
 1369      74746572 
 1369      5F636667 
 1369      00
 1370              	.LASF23:
 1371 015c 61646472 		.ascii	"address\000"
 1371      65737300 
 1372              	.LASF8:
 1373 0164 6C6F6E67 		.ascii	"long long unsigned int\000"
 1373      206C6F6E 
 1373      6720756E 
 1373      7369676E 
 1373      65642069 
 1374              	.LASF20:
 1375 017b 63796973 		.ascii	"cyisraddress\000"
 1375      72616464 
 1375      72657373 
 1375      00
 1376              	.LASF25:
 1377 0188 6366675F 		.ascii	"cfg_memset_t\000"
 1377      6D656D73 
 1377      65745F74 
 1377      00
 1378              	.LASF9:
 1379 0195 73697A65 		.ascii	"sizetype\000"
 1379      74797065 
 1379      00
 1380              	.LASF7:
 1381 019e 6C6F6E67 		.ascii	"long long int\000"
 1381      206C6F6E 
 1381      6720696E 
 1381      7400
 1382              	.LASF32:
 1383 01ac 43794465 		.ascii	"CyDelayUs\000"
 1383      6C617955 
 1383      7300
 1384              	.LASF10:
 1385 01b6 63686172 		.ascii	"char\000"
 1385      00
 1386              	.LASF31:
 1387 01bb 43795379 		.ascii	"CySysClkEcoStart\000"
 1387      73436C6B 
 1387      45636F53 
 1387      74617274 
 1387      00
 1388              	.LASF34:
 1389 01cc 474E5520 		.ascii	"GNU C 4.9.3 20150303 (release) [ARM/embedded-4_9-br"
 1389      4320342E 
ARM GAS  C:\Users\Sarah\AppData\Local\Temp\ccX4Byf8.s 			page 33


 1389      392E3320 
 1389      32303135 
 1389      30333033 
 1390 01ff 616E6368 		.ascii	"anch revision 221220] -mcpu=cortex-m0 -mthumb -g -O"
 1390      20726576 
 1390      6973696F 
 1390      6E203232 
 1390      31323230 
 1391 0232 67202D66 		.ascii	"g -ffunction-sections -ffat-lto-objects\000"
 1391      66756E63 
 1391      74696F6E 
 1391      2D736563 
 1391      74696F6E 
 1392              	.LASF3:
 1393 025a 73686F72 		.ascii	"short int\000"
 1393      7420696E 
 1393      7400
 1394              	.LASF29:
 1395 0264 43795379 		.ascii	"CySysClkWriteImoFreq\000"
 1395      73436C6B 
 1395      57726974 
 1395      65496D6F 
 1395      46726571 
 1396              	.LASF5:
 1397 0279 6C6F6E67 		.ascii	"long int\000"
 1397      20696E74 
 1397      00
 1398              	.LASF1:
 1399 0282 7369676E 		.ascii	"signed char\000"
 1399      65642063 
 1399      68617200 
 1400              	.LASF35:
 1401 028e 47656E65 		.ascii	"Generated_Source\\PSoC4\\cyfitter_cfg.c\000"
 1401      72617465 
 1401      645F536F 
 1401      75726365 
 1401      5C50536F 
 1402              		.ident	"GCC: (GNU Tools for ARM Embedded Processors) 4.9.3 20150303 (release) [ARM/embedded-4_9-br
